Component: ARM Compiler 6.10.1 Tool: armlink [5d142800]

==============================================================================

Section Cross References

    systick.o(.text.SysTick_Handler) refers to systick.o(.bss..L_MergedGlobals) for [Anonymous Symbol]
    systick.o(.ARM.exidx.text.SysTick_Handler) refers to systick.o(.text.SysTick_Handler) for [Anonymous Symbol]
    systick.o(.text._Z11SysTickInitv) refers to systick.o(.bss..L_MergedGlobals) for [Anonymous Symbol]
    systick.o(.ARM.exidx.text._Z11SysTickInitv) refers to systick.o(.text._Z11SysTickInitv) for [Anonymous Symbol]
    stm32f30x_adc.o(.text.ADC_DeInit) refers to stm32f30x_rcc.o(.text.RCC_AHBPeriphResetCmd) for RCC_AHBPeriphResetCmd
    stm32f30x_adc.o(.ARM.exidx.text.ADC_DeInit) refers to Unwind-EHABI.cpp.o(.text.__aeabi_unwind_cpp_pr0) for __aeabi_unwind_cpp_pr0
    stm32f30x_adc.o(.ARM.exidx.text.ADC_DeInit) refers to stm32f30x_adc.o(.text.ADC_DeInit) for [Anonymous Symbol]
    stm32f30x_adc.o(.ARM.exidx.text.ADC_Init) refers to stm32f30x_adc.o(.text.ADC_Init) for [Anonymous Symbol]
    stm32f30x_adc.o(.text.ADC_StructInit) refers to rt_memclr_w.o(.text) for __aeabi_memclr4
    stm32f30x_adc.o(.ARM.exidx.text.ADC_StructInit) refers to stm32f30x_adc.o(.text.ADC_StructInit) for [Anonymous Symbol]
    stm32f30x_adc.o(.ARM.exidx.text.ADC_InjectedInit) refers to stm32f30x_adc.o(.text.ADC_InjectedInit) for [Anonymous Symbol]
    stm32f30x_adc.o(.ARM.exidx.text.ADC_InjectedStructInit) refers to stm32f30x_adc.o(.text.ADC_InjectedStructInit) for [Anonymous Symbol]
    stm32f30x_adc.o(.ARM.exidx.text.ADC_CommonInit) refers to stm32f30x_adc.o(.text.ADC_CommonInit) for [Anonymous Symbol]
    stm32f30x_adc.o(.text.ADC_CommonStructInit) refers to rt_memclr_w.o(.text) for __aeabi_memclr4
    stm32f30x_adc.o(.ARM.exidx.text.ADC_CommonStructInit) refers to stm32f30x_adc.o(.text.ADC_CommonStructInit) for [Anonymous Symbol]
    stm32f30x_adc.o(.ARM.exidx.text.ADC_Cmd) refers to stm32f30x_adc.o(.text.ADC_Cmd) for [Anonymous Symbol]
    stm32f30x_adc.o(.ARM.exidx.text.ADC_StartCalibration) refers to stm32f30x_adc.o(.text.ADC_StartCalibration) for [Anonymous Symbol]
    stm32f30x_adc.o(.ARM.exidx.text.ADC_GetCalibrationValue) refers to stm32f30x_adc.o(.text.ADC_GetCalibrationValue) for [Anonymous Symbol]
    stm32f30x_adc.o(.ARM.exidx.text.ADC_SetCalibrationValue) refers to stm32f30x_adc.o(.text.ADC_SetCalibrationValue) for [Anonymous Symbol]
    stm32f30x_adc.o(.ARM.exidx.text.ADC_SelectCalibrationMode) refers to stm32f30x_adc.o(.text.ADC_SelectCalibrationMode) for [Anonymous Symbol]
    stm32f30x_adc.o(.ARM.exidx.text.ADC_GetCalibrationStatus) refers to stm32f30x_adc.o(.text.ADC_GetCalibrationStatus) for [Anonymous Symbol]
    stm32f30x_adc.o(.ARM.exidx.text.ADC_DisableCmd) refers to stm32f30x_adc.o(.text.ADC_DisableCmd) for [Anonymous Symbol]
    stm32f30x_adc.o(.ARM.exidx.text.ADC_GetDisableCmdStatus) refers to stm32f30x_adc.o(.text.ADC_GetDisableCmdStatus) for [Anonymous Symbol]
    stm32f30x_adc.o(.ARM.exidx.text.ADC_VoltageRegulatorCmd) refers to stm32f30x_adc.o(.text.ADC_VoltageRegulatorCmd) for [Anonymous Symbol]
    stm32f30x_adc.o(.ARM.exidx.text.ADC_SelectDifferentialMode) refers to stm32f30x_adc.o(.text.ADC_SelectDifferentialMode) for [Anonymous Symbol]
    stm32f30x_adc.o(.ARM.exidx.text.ADC_SelectQueueOfContextMode) refers to stm32f30x_adc.o(.text.ADC_SelectQueueOfContextMode) for [Anonymous Symbol]
    stm32f30x_adc.o(.ARM.exidx.text.ADC_AutoDelayCmd) refers to stm32f30x_adc.o(.text.ADC_AutoDelayCmd) for [Anonymous Symbol]
    stm32f30x_adc.o(.ARM.exidx.text.ADC_AnalogWatchdogCmd) refers to stm32f30x_adc.o(.text.ADC_AnalogWatchdogCmd) for [Anonymous Symbol]
    stm32f30x_adc.o(.ARM.exidx.text.ADC_AnalogWatchdog1ThresholdsConfig) refers to stm32f30x_adc.o(.text.ADC_AnalogWatchdog1ThresholdsConfig) for [Anonymous Symbol]
    stm32f30x_adc.o(.ARM.exidx.text.ADC_AnalogWatchdog2ThresholdsConfig) refers to stm32f30x_adc.o(.text.ADC_AnalogWatchdog2ThresholdsConfig) for [Anonymous Symbol]
    stm32f30x_adc.o(.ARM.exidx.text.ADC_AnalogWatchdog3ThresholdsConfig) refers to stm32f30x_adc.o(.text.ADC_AnalogWatchdog3ThresholdsConfig) for [Anonymous Symbol]
    stm32f30x_adc.o(.ARM.exidx.text.ADC_AnalogWatchdog1SingleChannelConfig) refers to stm32f30x_adc.o(.text.ADC_AnalogWatchdog1SingleChannelConfig) for [Anonymous Symbol]
    stm32f30x_adc.o(.ARM.exidx.text.ADC_AnalogWatchdog2SingleChannelConfig) refers to stm32f30x_adc.o(.text.ADC_AnalogWatchdog2SingleChannelConfig) for [Anonymous Symbol]
    stm32f30x_adc.o(.ARM.exidx.text.ADC_AnalogWatchdog3SingleChannelConfig) refers to stm32f30x_adc.o(.text.ADC_AnalogWatchdog3SingleChannelConfig) for [Anonymous Symbol]
    stm32f30x_adc.o(.ARM.exidx.text.ADC_TempSensorCmd) refers to stm32f30x_adc.o(.text.ADC_TempSensorCmd) for [Anonymous Symbol]
    stm32f30x_adc.o(.ARM.exidx.text.ADC_VrefintCmd) refers to stm32f30x_adc.o(.text.ADC_VrefintCmd) for [Anonymous Symbol]
[...]
    [Anonymous Symbol]                       0x08001630   Section        0  main.o(.text.UsageFault_Handler)
    [Anonymous Symbol]                       0x0800164c   Section        0  commandsystem.o(.text._GLOBAL__sub_I_CommandSystem.cpp)
    _GLOBAL__sub_I_CommandSystem.cpp         0x0800164d   Thumb Code    48  commandsystem.o(.text._GLOBAL__sub_I_CommandSystem.cpp)
    __arm_cp.4_0                             0x08001674   Number         4  commandsystem.o(.text._GLOBAL__sub_I_CommandSystem.cpp)
    __arm_cp.4_1                             0x08001678   Number         4  commandsystem.o(.text._GLOBAL__sub_I_CommandSystem.cpp)
    [Anonymous Symbol]                       0x0800167c   Section        0  rs232.o(.text._GLOBAL__sub_I_RS232.cpp)
    _GLOBAL__sub_I_RS232.cpp                 0x0800167d   Thumb Code    28  rs232.o(.text._GLOBAL__sub_I_RS232.cpp)
    __arm_cp.6_0                             0x08001690   Number         4  rs232.o(.text._GLOBAL__sub_I_RS232.cpp)
    __arm_cp.6_1                             0x08001694   Number         4  rs232.o(.text._GLOBAL__sub_I_RS232.cpp)
    [Anonymous Symbol]                       0x08001698   Section        0  timercallback.o(.text._GLOBAL__sub_I_TimerCallback.cpp)
    _GLOBAL__sub_I_TimerCallback.cpp         0x08001699   Thumb Code    28  timercallback.o(.text._GLOBAL__sub_I_TimerCallback.cpp)
    __arm_cp.10_0                            0x080016b0   Number         4  timercallback.o(.text._GLOBAL__sub_I_TimerCallback.cpp)
    [Anonymous Symbol]                       0x080016b4   Section        0  main.o(.text._Z10LCDCommand7TString)
    __arm_cp.7_1                             0x0800170c   Number         4  main.o(.text._Z10LCDCommand7TString)
    [Anonymous Symbol]                       0x08001710   Section        0  utilities.o(.text._Z10RGBLEDInitv)
    __arm_cp.10_0                            0x08001870   Number         4  utilities.o(.text._Z10RGBLEDInitv)
    __arm_cp.10_1                            0x08001874   Number         4  utilities.o(.text._Z10RGBLEDInitv)
    __arm_cp.10_2                            0x08001878   Number         4  utilities.o(.text._Z10RGBLEDInitv)
    __arm_cp.10_3                            0x0800187c   Number         4  utilities.o(.text._Z10RGBLEDInitv)
    [Anonymous Symbol]                       0x08001880   Section        0  dcmotorsystem.o(.text._Z11DCMotorInitv)
    __arm_cp.0_0                             0x08001980   Number         4  dcmotorsystem.o(.text._Z11DCMotorInitv)
    __arm_cp.0_1                             0x08001984   Number         4  dcmotorsystem.o(.text._Z11DCMotorInitv)
    __arm_cp.0_2                             0x08001988   Number         4  dcmotorsystem.o(.text._Z11DCMotorInitv)
    __arm_cp.0_3                             0x0800198c   Number         4  dcmotorsystem.o(.text._Z11DCMotorInitv)
    __arm_cp.0_4                             0x08001990   Number         4  dcmotorsystem.o(.text._Z11DCMotorInitv)
    __arm_cp.0_5                             0x08001994   Number         4  dcmotorsystem.o(.text._Z11DCMotorInitv)
    __arm_cp.0_6                             0x08001998   Number         4  dcmotorsystem.o(.text._Z11DCMotorInitv)
    [Anonymous Symbol]                       0x0800199c   Section        0  utilities.o(.text._Z11GetLEDStatev)
    [Anonymous Symbol]                       0x080019b2   Section        0  lcdsystem.o(.text._Z11LCDSendCharh)
    [Anonymous Symbol]                       0x080019b8   Section        0  main.o(.text._Z11LEDCallback7TString)
    __arm_cp.1_0                             0x08001b78   Number         4  main.o(.text._Z11LEDCallback7TString)
    __arm_cp.1_1                             0x08001b7c   Number         4  main.o(.text._Z11LEDCallback7TString)
    __arm_cp.1_2                             0x08001b80   Number         4  main.o(.text._Z11LEDCallback7TString)
    __arm_cp.1_3                             0x08001b84   Number         4  main.o(.text._Z11LEDCallback7TString)
    __arm_cp.1_4                             0x08001b88   Number         4  main.o(.text._Z11LEDCallback7TString)
    __arm_cp.1_5                             0x08001b8c   Number         4  main.o(.text._Z11LEDCallback7TString)
    __arm_cp.1_6                             0x08001b90   Number         4  main.o(.text._Z11LEDCallback7TString)
    __arm_cp.1_7                             0x08001b94   Number         4  main.o(.text._Z11LEDCallback7TString)
    [Anonymous Symbol]                       0x08001bb4   Section        0  utilities.o(.text._Z11SetLEDColoriii)
    __arm_cp.11_0                            0x08001be0   Number         4  utilities.o(.text._Z11SetLEDColoriii)
    [Anonymous Symbol]                       0x08001be4   Section        0  utilities.o(.text._Z11SetLEDStateb)
    [Anonymous Symbol]                       0x08001bfc   Section        0  systick.o(.text._Z11SysTickInitv)
    __arm_cp.1_0                             0x08001c30   Number         4  systick.o(.text._Z11SysTickInitv)
    __arm_cp.1_1                             0x08001c34   Number         4  systick.o(.text._Z11SysTickInitv)
    __arm_cp.1_2                             0x08001c38   Number         4  systick.o(.text._Z11SysTickInitv)
    [Anonymous Symbol]                       0x08001c3c   Section        0  utilities.o(.text._Z12GetClockFreqv)
    [Anonymous Symbol]                       0x08001c5c   Section        0  lcdsystem.o(.text._Z12LCDClearLine9e_lcdline)
    [Anonymous Symbol]                       0x08001cec   Section        0  main.o(.text._Z12MotorCommand7TString)
    [Anonymous Symbol]                       0x08001d40   Section        0  main.o(.text._Z12ReportOnline7TString)
    __arm_cp.6_0                             0x08001d68   Number         4  main.o(.text._Z12ReportOnline7TString)
    [Anonymous Symbol]                       0x08001d78   Section        0  main.o(.text._Z12ResetCommand7TString)
    __arm_cp.3_0                             0x08001dbc   Number         4  main.o(.text._Z12ResetCommand7TString)
    __arm_cp.3_2                             0x08001dd0   Number         4  main.o(.text._Z12ResetCommand7TString)
    [Anonymous Symbol]                       0x08001dd4   Section        0  lcdsystem.o(.text._Z13LCDSendString7TString)
    [Anonymous Symbol]                       0x08001e08   Section        0  main.o(.text._Z13SetLEDColorEx7TString)
    __arm_cp.0_0                             0x08001ee0   Number         4  main.o(.text._Z13SetLEDColorEx7TString)
    __arm_cp.0_1                             0x08001ee4   Number         4  main.o(.text._Z13SetLEDColorEx7TString)
    __arm_cp.0_2                             0x08001ee8   Number         4  main.o(.text._Z13SetLEDColorEx7TString)
    __arm_cp.0_3                             0x08001eec   Number         4  main.o(.text._Z13SetLEDColorEx7TString)
    __arm_cp.0_4                             0x08001ef0   Number         4  main.o(.text._Z13SetLEDColorEx7TString)
    __arm_cp.0_5                             0x08001ef4   Number         4  main.o(.text._Z13SetLEDColorEx7TString)
    __arm_cp.0_6                             0x08001ef8   Number         4  main.o(.text._Z13SetLEDColorEx7TString)
    __arm_cp.0_7                             0x08001efc   Number         4  main.o(.text._Z13SetLEDColorEx7TString)
    __arm_cp.0_12                            0x08001f84   Number         4  main.o(.text._Z13SetLEDColorEx7TString)
    __arm_cp.0_13                            0x08001f88   Number         4  main.o(.text._Z13SetLEDColorEx7TString)
    __arm_cp.0_14                            0x08001f8c   Number         4  main.o(.text._Z13SetLEDColorEx7TString)
    __arm_cp.0_15                            0x08001f90   Number         4  main.o(.text._Z13SetLEDColorEx7TString)
    [Anonymous Symbol]                       0x08001f94   Section        0  main.o(.text._Z15PingPongCommand7TString)
    [Anonymous Symbol]                       0x08001fb8   Section        0  rs232.o(.text._Z15RS232SendString7TString)
    [Anonymous Symbol]                       0x08002000   Section        0  rs232.o(.text._Z15RS232SendStringPKc)
    __arm_cp.2_0                             0x08002034   Number         4  rs232.o(.text._Z15RS232SendStringPKc)
    [Anonymous Symbol]                       0x08002038   Section        0  timercallback.o(.text._Z16AddTimerCallbackPKcPFvvE)
    __arm_cp.1_0                             0x08002060   Number         4  timercallback.o(.text._Z16AddTimerCallbackPKcPFvvE)
    [Anonymous Symbol]                       0x08002064   Section        0  commandsystem.o(.text._Z17AddCommandHandlerPFv7TStringEPKc)
    __arm_cp.1_0                             0x08002088   Number         4  commandsystem.o(.text._Z17AddCommandHandlerPFv7TStringEPKc)
    [Anonymous Symbol]                       0x0800208c   Section        0  commandsystem.o(.text._Z17AddCommandToQueue7TString)
    [Anonymous Symbol]                       0x080020c8   Section        0  commandsystem.o(.text._Z17InitCommandSystemv)
    [Anonymous Symbol]                       0x080020e8   Section        0  timercallback.o(.text._Z17InitTimerCallbackv)
    [Anonymous Symbol]                       0x08002108   Section        0  main.o(.text._Z17Timer2CH1Callbackv)
    [Anonymous Symbol]                       0x0800210c   Section        0  timercallback.o(.text._Z20ExecuteTimerCallbackPKc)
    __arm_cp.2_0                             0x08002134   Number         4  timercallback.o(.text._Z20ExecuteTimerCallbackPKc)
    __arm_cp.2_1                             0x08002138   Number         4  timercallback.o(.text._Z20ExecuteTimerCallbackPKc)
    [Anonymous Symbol]                       0x0800213c   Section        0  commandsystem.o(.text._Z23ExecuteAllQueueCommandsv)
    __arm_cp.2_0                             0x08002224   Number         4  commandsystem.o(.text._Z23ExecuteAllQueueCommandsv)
    __arm_cp.2_1                             0x08002228   Number         4  commandsystem.o(.text._Z23ExecuteAllQueueCommandsv)
    __arm_cp.2_2                             0x0800222c   Number         4  commandsystem.o(.text._Z23ExecuteAllQueueCommandsv)
    __arm_cp.2_5                             0x08002248   Number         4  commandsystem.o(.text._Z23ExecuteAllQueueCommandsv)
    __arm_cp.2_6                             0x0800224c   Number         4  commandsystem.o(.text._Z23ExecuteAllQueueCommandsv)
    [Anonymous Symbol]                       0x08002250   Section        0  utilities.o(.text._Z5Delayj)
    __arm_cp.1_0                             0x08002270   Number         4  utilities.o(.text._Z5Delayj)
    __arm_cp.1_1                             0x08002274   Number         4  utilities.o(.text._Z5Delayj)
    __arm_cp.1_2                             0x08002278   Number         4  utilities.o(.text._Z5Delayj)
    [Anonymous Symbol]                       0x08002280   Section        0  dcmotorsystem.o(.text._Z7DCMotor10_motor_selh10_motor_dir)
    __arm_cp.1_2                             0x08002308   Number         4  dcmotorsystem.o(.text._Z7DCMotor10_motor_selh10_motor_dir)
    __arm_cp.1_3                             0x0800230c   Number         4  dcmotorsystem.o(.text._Z7DCMotor10_motor_selh10_motor_dir)
    [Anonymous Symbol]                       0x08002310   Section        0  lcdsystem.o(.text._Z7LCDInitv)
    __arm_cp.0_0                             0x0800242c   Number         4  lcdsystem.o(.text._Z7LCDInitv)
    __arm_cp.0_2                             0x08002430   Number         4  lcdsystem.o(.text._Z7LCDInitv)
    __arm_cp.0_3                             0x08002434   Number         4  lcdsystem.o(.text._Z7LCDInitv)
    __arm_cp.0_4                             0x08002438   Number         4  lcdsystem.o(.text._Z7LCDInitv)
    __arm_cp.0_6                             0x0800243c   Number         4  lcdsystem.o(.text._Z7LCDInitv)
    __arm_cp.0_7                             0x08002440   Number         4  lcdsystem.o(.text._Z7LCDInitv)
    __arm_cp.0_8                             0x08002444   Number         4  lcdsystem.o(.text._Z7LCDInitv)
    [Anonymous Symbol]                       0x08002448   Section        0  utilities.o(.text._Z7LEDInitv)
    [Anonymous Symbol]                       0x0800246a   Section        0  lcdsystem.o(.text._Z9LCDSetPos9e_lcdlineh)
    [Anonymous Symbol]                       0x080024b6   Section        0  utilities.o(.text._Z9LEDTogglev)
    [Anonymous Symbol]                       0x080024d0   Section        0  rs232.o(.text._Z9RS232Initv)
    __arm_cp.0_0                             0x0800254c   Number         4  rs232.o(.text._Z9RS232Initv)
    __arm_cp.0_1                             0x08002550   Number         4  rs232.o(.text._Z9RS232Initv)
    __arm_cp.0_3                             0x08002554   Number         4  rs232.o(.text._Z9RS232Initv)
    __arm_cp.0_4                             0x08002558   Number         4  rs232.o(.text._Z9RS232Initv)
    [Anonymous Symbol]                       0x0800255c   Section        0  rs232.o(.text._Z9RS232Sendc)
    __arm_cp.1_0                             0x0800257c   Number         4  rs232.o(.text._Z9RS232Sendc)
    [Anonymous Symbol]                       0x08002580   Section        0  stringclass.o(.text._Z9fast_atoiPci)
    [Anonymous Symbol]                       0x080025c0   Section        0  lcdsystem.o(.text._ZL16LCD_Send_HNibblet)
    _ZL16LCD_Send_HNibblet                   0x080025c1   Thumb Code    56  lcdsystem.o(.text._ZL16LCD_Send_HNibblet)
    [Anonymous Symbol]                       0x080025f4   Section        0  main.o(.text._ZL18__NVIC_SystemResetv)
    _ZL18__NVIC_SystemResetv                 0x080025f5   Thumb Code    36  main.o(.text._ZL18__NVIC_SystemResetv)
    __arm_cp.4_0                             0x08002610   Number         4  main.o(.text._ZL18__NVIC_SystemResetv)
    __arm_cp.4_1                             0x08002614   Number         4  main.o(.text._ZL18__NVIC_SystemResetv)
    [Anonymous Symbol]                       0x08002618   Section        0  lcdsystem.o(.text._ZL8LCD_Sendt13LCD_SEND_TYPE)
    _ZL8LCD_Sendt13LCD_SEND_TYPE             0x08002619   Thumb Code   252  lcdsystem.o(.text._ZL8LCD_Sendt13LCD_SEND_TYPE)
    __arm_cp.2_0                             0x08002708   Number         4  lcdsystem.o(.text._ZL8LCD_Sendt13LCD_SEND_TYPE)
    __arm_cp.2_1                             0x0800270c   Number         4  lcdsystem.o(.text._ZL8LCD_Sendt13LCD_SEND_TYPE)
    __arm_cp.2_2                             0x08002710   Number         4  lcdsystem.o(.text._ZL8LCD_Sendt13LCD_SEND_TYPE)
    [Anonymous Symbol]                       0x08002714   Section        0  stringclass.o(.text._ZN7TString14GetIntFromWordEj)
    [Anonymous Symbol]                       0x0800278a   Section        0  stringclass.o(.text._ZN7TString15DoesWordEqualToEjPKc)
    [Anonymous Symbol]                       0x08002820   Section        0  stringclass.o(.text._ZN7TString15DoesWordEqualToEjS_)
    [Anonymous Symbol]                       0x080028ce   Section        0  stringclass.o(.text._ZN7TString16RemoveFirstWordsEj)
    [Anonymous Symbol]                       0x08002936   Section        0  stringclass.o(.text._ZN7TString5ClearEv)
    [Anonymous Symbol]                       0x08002950   Section        0  stringclass.o(.text._ZN7TString9GetLengthEv)
    [Anonymous Symbol]                       0x08002954   Section        0  stringclass.o(.text._ZN7TStringC2EPKc)
    [Anonymous Symbol]                       0x08002986   Section        0  stringclass.o(.text._ZN7TStringC2Ev)
    [Anonymous Symbol]                       0x080029a0   Section        0  stringclass.o(.text._ZN7TStringaSEPKc)
    [Anonymous Symbol]                       0x080029d0   Section        0  stringclass.o(.text._ZN7TStringaSERKS_)
    [Anonymous Symbol]                       0x08002a06   Section        0  stringclass.o(.text._ZN7TStringixEj)
    [Anonymous Symbol]                       0x08002a1a   Section        0  stringclass.o(.text._ZN7TStringpLERKS_)
    [Anonymous Symbol]                       0x08002a4e   Section        0  stringclass.o(.text._ZN7TStringpLERKc)
    [Anonymous Symbol]                       0x08002a64   Section        0  stringclass.o(.text._ZN7TStringpLERKj)
    __arm_cp.20_0                            0x08002a98   Number         4  stringclass.o(.text._ZN7TStringpLERKj)
    [Anonymous Symbol]                       0x08002a9c   Section        0  stringclass.o(.text._ZNK7TStringeqEPKc)
    [Anonymous Symbol]                       0x08002ac8   Section        0  stringclass.o(.text._ZNK7TStringeqERS_)
    [Anonymous Symbol]                       0x08002af8   Section        0  main.o(.text.main)
    __arm_cp.16_0                            0x08002cec   Number         4  main.o(.text.main)
    __arm_cp.16_1                            0x08002cf0   Number         4  main.o(.text.main)
    __arm_cp.16_3                            0x08002d04   Number         4  main.o(.text.main)
    __arm_cp.16_4                            0x08002d08   Number         4  main.o(.text.main)
    __arm_cp.16_6                            0x08002d14   Number         4  main.o(.text.main)
    __arm_cp.16_7                            0x08002d18   Number         4  main.o(.text.main)
    __arm_cp.16_8                            0x08002d1c   Number         4  main.o(.text.main)
    __arm_cp.16_9                            0x08002d20   Number         4  main.o(.text.main)
    __arm_cp.16_11                           0x08002d28   Number         4  main.o(.text.main)
    __arm_cp.16_13                           0x08002d34   Number         4  main.o(.text.main)
    __arm_cp.16_15                           0x08002d40   Number         4  main.o(.text.main)
    __arm_cp.16_17                           0x08002d4c   Number         4  main.o(.text.main)
    __arm_cp.16_19                           0x08002d54   Number         4  main.o(.text.main)
    __arm_cp.16_21                           0x08002d60   Number         4  main.o(.text.main)
    __arm_cp.16_24                           0x08002d74   Number         4  main.o(.text.main)
    __arm_cp.16_27                           0x08002d94   Number         4  main.o(.text.main)
    i._is_digit                              0x08002d98   Section        0  __printf_wp.o(i._is_digit)
    x$fpl$dadd                               0x08002da8   Section      336  daddsub_clz.o(x$fpl$dadd)
    $v0                                      0x08002da8   Number         0  daddsub_clz.o(x$fpl$dadd)
    _dadd1                                   0x08002db9   Thumb Code     0  daddsub_clz.o(x$fpl$dadd)
    x$fpl$dfix                               0x08002ef8   Section       94  dfix.o(x$fpl$dfix)
    $v0                                      0x08002ef8   Number         0  dfix.o(x$fpl$dfix)
    x$fpl$dfltu                              0x08002f56   Section       38  dflt_clz.o(x$fpl$dfltu)
    $v0                                      0x08002f56   Number         0  dflt_clz.o(x$fpl$dfltu)
    x$fpl$dmul                               0x08002f7c   Section      340  dmul.o(x$fpl$dmul)
    $v0                                      0x08002f7c   Number         0  dmul.o(x$fpl$dmul)
    x$fpl$dnaninf                            0x080030d0   Section      156  dnaninf.o(x$fpl$dnaninf)
    $v0                                      0x080030d0   Number         0  dnaninf.o(x$fpl$dnaninf)
    x$fpl$dretinf                            0x0800316c   Section       12  dretinf.o(x$fpl$dretinf)
    $v0                                      0x0800316c   Number         0  dretinf.o(x$fpl$dretinf)
    x$fpl$dsub                               0x08003178   Section      468  daddsub_clz.o(x$fpl$dsub)
    $v0                                      0x08003178   Number         0  daddsub_clz.o(x$fpl$dsub)
    _dsub1                                   0x08003189   Thumb Code     0  daddsub_clz.o(x$fpl$dsub)
    x$fpl$fpinit                             0x0800334c   Section       26  fpinit.o(x$fpl$fpinit)
    $v0                                      0x0800334c   Number         0  fpinit.o(x$fpl$fpinit)
    .constdata                               0x08003366   Section       17  __printf_flags_ss_wp.o(.constdata)
    x$fpl$usenofp                            0x08003366   Section        0  usenofp.o(x$fpl$usenofp)
    maptable                                 0x08003366   Data          17  __printf_flags_ss_wp.o(.constdata)
    [Anonymous Symbol]                       0x08003377   Section        0  main.o(.rodata.str1.1)
    .L.str.3                                 0x08003377   Data          29  main.o(.rodata.str1.1)
    .L.str.5                                 0x08003394   Data          30  main.o(.rodata.str1.1)
    .L.str.1                                 0x080033b2   Data          31  main.o(.rodata.str1.1)
    .L.str.7                                 0x080033d1   Data          32  main.o(.rodata.str1.1)
    .L.str.10                                0x080033f1   Data           8  main.o(.rodata.str1.1)
    .L.str.2                                 0x080033f9   Data           4  main.o(.rodata.str1.1)
    .L.str.8                                 0x080033fd   Data           6  main.o(.rodata.str1.1)
    .L.str.4                                 0x08003403   Data           5  main.o(.rodata.str1.1)
    .L.str.14                                0x08003408   Data           4  main.o(.rodata.str1.1)
    .L.str.12                                0x0800340c   Data           5  main.o(.rodata.str1.1)
    .L.str                                   0x08003411   Data           6  main.o(.rodata.str1.1)
    .L.str.6                                 0x08003417   Data           7  main.o(.rodata.str1.1)
    [Anonymous Symbol]                       0x0800341e   Section        0  stringclass.o(.rodata.str1.1)
    .L.str                                   0x0800341e   Data           3  stringclass.o(.rodata.str1.1)
    .init_array                              0x08003450   Section        0  init_aeabi.o(.init_array)
    [Anonymous Symbol]                       0x20000000   Section        0  stm32f30x_rcc.o(.data..L_MergedGlobals)
    _ZL16APBAHBPrescTable                    0x20000000   Data          16  stm32f30x_rcc.o(.data..L_MergedGlobals)
    _ZL13ADCPrescTable                       0x20000010   Data          32  stm32f30x_rcc.o(.data..L_MergedGlobals)
    [Anonymous Symbol]                       0x20000030   Section        0  system_stm32f30x.o(.data..L_MergedGlobals)
    [Anonymous Symbol]                       0x20000044   Section        0  utilities.o(.data..L_MergedGlobals)
    .bss                                     0x20000050   Section       96  libspace.o(.bss)
    [Anonymous Symbol]                       0x200000b0   Section        0  systick.o(.bss..L_MergedGlobals)
    [Anonymous Symbol]                       0x200000c0   Section        0  dcmotorsystem.o(.bss..L_MergedGlobals)
    _ZL13pb_InitStruct                       0x200000c0   Data           8  dcmotorsystem.o(.bss..L_MergedGlobals)
    _ZL13pa_InitStruct                       0x200000c8   Data           8  dcmotorsystem.o(.bss..L_MergedGlobals)
    _ZL15tim1_initStruct                     0x200000d0   Data          12  dcmotorsystem.o(.bss..L_MergedGlobals)
    _ZL15bdtr_initStruct                     0x200000dc   Data          14  dcmotorsystem.o(.bss..L_MergedGlobals)
    _ZL11t1oc_config                         0x200000ec   Data          20  dcmotorsystem.o(.bss..L_MergedGlobals)
    [Anonymous Symbol]                       0x20000100   Section        0  main.o(.bss..L_MergedGlobals)
    [Anonymous Symbol]                       0x20000110   Section        0  lcdsystem.o(.bss..L_MergedGlobals)
    _ZL13pa_InitStruct                       0x20000110   Data           8  lcdsystem.o(.bss..L_MergedGlobals)
    _ZL13pb_InitStruct                       0x20000118   Data           8  lcdsystem.o(.bss..L_MergedGlobals)
    _ZL15tim1_initStruct                     0x20000120   Data          12  lcdsystem.o(.bss..L_MergedGlobals)
    _ZL15bdtr_initStruct                     0x2000012c   Data          14  lcdsystem.o(.bss..L_MergedGlobals)
    _ZL11t1oc_config                         0x2000013c   Data          20  lcdsystem.o(.bss..L_MergedGlobals)
    HEAP                                     0x20007bf0   Section      512  startup_stm32f303xe.o(HEAP)
    Heap_Mem                                 0x20007bf0   Data         512  startup_stm32f303xe.o(HEAP)
    STACK                                    0x20007df0   Section     1024  startup_stm32f303xe.o(STACK)
    Stack_Mem                                0x20007df0   Data        1024  startup_stm32f303xe.o(STACK)
    __initial_sp                             0x200081f0   Data           0  startup_stm32f303xe.o(STACK)

    Global Symbols

    Symbol Name                              Value     Ov Type        Size  Object(Section)

    BuildAttributes$$THM_ISAv4$E$P$D$K$B$S$7EM$VFPi3$EXTD16$VFPS$VFMA$PE$A:L22UL41UL21$X:L11$S22US41US21$IEEE1$IW$~IW$USESV6$~STKCKD$USESV7$~SHL$OTIME$ROPI$IEEEJ$EBA8$UX$STANDARDLIB$REQ8$EABIv2 0x00000000   Number         0  anon$$obj.o ABSOLUTE
    _printf_flags                            0x00000000   Number         0  printf_stubs.o ABSOLUTE
    _printf_return_value                     0x00000000   Number         0  printf_stubs.o ABSOLUTE
    _printf_sizespec                         0x00000000   Number         0  printf_stubs.o ABSOLUTE
    _printf_widthprec                        0x00000000   Number         0  printf_stubs.o ABSOLUTE
    SHT$$ARM_EXIDX$$Base                      - Undefined Reference
    SHT$$ARM_EXIDX$$Limit                     - Undefined Reference
    __ARM_exceptions_init                     - Undefined Weak Reference
    __alloca_initialize                       - Undefined Weak Reference
    __arm_preinit_                            - Undefined Weak Reference
    __cxa_finalize                            - Undefined Weak Reference
    __sigvec_lookup                           - Undefined Weak Reference
    __user_heap_extent                        - Undefined Weak Reference
    _atexit_init                              - Undefined Weak Reference
    _call_atexit_fns                          - Undefined Weak Reference
    _clock_init                               - Undefined Weak Reference
    _fp_trap_init                             - Undefined Weak Reference
    _fp_trap_shutdown                         - Undefined Weak Reference
    _get_lc_collate                           - Undefined Weak Reference
    _get_lc_monetary                          - Undefined Weak Reference
    _get_lc_time                              - Undefined Weak Reference
    _getenv_init                              - Undefined Weak Reference
    _handle_redirection                       - Undefined Weak Reference
    _initio                                   - Undefined Weak Reference
    _mutex_acquire                            - Undefined Weak Reference
    _mutex_free                               - Undefined Weak Reference
    _mutex_release                            - Undefined Weak Reference
    _printf_mbtowc                            - Undefined Weak Reference
    _printf_wc                                - Undefined Weak Reference
    _rand_init                                - Undefined Weak Reference
    _signal_finish                            - Undefined Weak Reference
    _signal_init                              - Undefined Weak Reference
    _terminateio                              - Undefined Weak Reference
    __Vectors_Size                           0x00000194   Number         0  startup_stm32f303xe.o ABSOLUTE
    __Vectors                                0x08000000   Data           4  startup_stm32f303xe.o(RESET)
    __Vectors_End                            0x08000194   Data           0  startup_stm32f303xe.o(RESET)
    __main                                   0x08000195   Thumb Code     8  __main.o(!!!main)
    __scatterload                            0x0800019d   Thumb Code     0  __scatter.o(!!!scatter)
    __scatterload_rt2                        0x0800019d   Thumb Code    44  __scatter.o(!!!scatter)
    __scatterload_rt2_thumb_only             0x0800019d   Thumb Code     0  __scatter.o(!!!scatter)
    __scatterload_null                       0x080001ab   Thumb Code     0  __scatter.o(!!!scatter)
    __scatterload_copy                       0x080001d1   Thumb Code    26  __scatter_copy.o(!!handler_copy)
    __scatterload_zeroinit                   0x080001ed   Thumb Code    28  __scatter_zi.o(!!handler_zi)
    _printf_d                                0x08000209   Thumb Code     0  _printf_d.o(.ARM.Collect$$_printf_percent$$00000009)
    _printf_percent                          0x08000209   Thumb Code     0  _printf_percent.o(.ARM.Collect$$_printf_percent$$00000000)
    _printf_percent_end                      0x0800020f   Thumb Code     0  _printf_percent_end.o(.ARM.Collect$$_printf_percent$$00000017)
    __rt_lib_init                            0x08000213   Thumb Code     0  libinit.o(.ARM.Collect$$libinit$$00000000)
    __rt_lib_init_fp_1                       0x08000215   Thumb Code     0  libinit2.o(.ARM.Collect$$libinit$$00000001)
    __rt_lib_init_alloca_1                   0x08000219   Thumb Code     0  libinit2.o(.ARM.Collect$$libinit$$0000002E)
    __rt_lib_init_argv_1                     0x08000219   Thumb Code     0  libinit2.o(.ARM.Collect$$libinit$$0000002C)
    __rt_lib_init_atexit_1                   0x08000219   Thumb Code     0  libinit2.o(.ARM.Collect$$libinit$$0000001B)
    __rt_lib_init_clock_1                    0x08000219   Thumb Code     0  libinit2.o(.ARM.Collect$$libinit$$00000021)
    __rt_lib_init_cpp_2                      0x08000219   Thumb Code     0  libinit2.o(.ARM.Collect$$libinit$$00000031)
    __rt_lib_init_exceptions_1               0x08000219   Thumb Code     0  libinit2.o(.ARM.Collect$$libinit$$00000030)
    __rt_lib_init_fp_trap_1                  0x08000219   Thumb Code     0  libinit2.o(.ARM.Collect$$libinit$$0000001F)
    __rt_lib_init_getenv_1                   0x08000219   Thumb Code     0  libinit2.o(.ARM.Collect$$libinit$$00000023)
    __rt_lib_init_heap_1                     0x08000219   Thumb Code     0  libinit2.o(.ARM.Collect$$libinit$$0000000A)
    __rt_lib_init_lc_collate_1               0x08000219   Thumb Code     0  libinit2.o(.ARM.Collect$$libinit$$00000011)
    __rt_lib_init_lc_ctype_1                 0x08000219   Thumb Code     0  libinit2.o(.ARM.Collect$$libinit$$00000013)
    __rt_lib_init_lc_monetary_1              0x08000219   Thumb Code     0  libinit2.o(.ARM.Collect$$libinit$$00000015)
    __rt_lib_init_lc_numeric_1               0x08000219   Thumb Code     0  libinit2.o(.ARM.Collect$$libinit$$00000017)
    __rt_lib_init_lc_time_1                  0x08000219   Thumb Code     0  libinit2.o(.ARM.Collect$$libinit$$00000019)
    __rt_lib_init_preinit_1                  0x08000219   Thumb Code     0  libinit2.o(.ARM.Collect$$libinit$$00000004)
    __rt_lib_init_rand_1                     0x08000219   Thumb Code     0  libinit2.o(.ARM.Collect$$libinit$$0000000E)
    __rt_lib_init_signal_1                   0x08000219   Thumb Code     0  libinit2.o(.ARM.Collect$$libinit$$0000001D)
    __rt_lib_init_stdio_1                    0x08000219   Thumb Code     0  libinit2.o(.ARM.Collect$$libinit$$00000025)
    __rt_lib_init_user_alloc_1               0x08000219   Thumb Code     0  libinit2.o(.ARM.Collect$$libinit$$0000000C)
    __rt_lib_init_cpp_1                      0x0800021d   Thumb Code     0  libinit2.o(.ARM.Collect$$libinit$$00000032)
    __rt_lib_init_return                     0x0800021d   Thumb Code     0  libinit2.o(.ARM.Collect$$libinit$$00000033)
    __rt_lib_shutdown                        0x0800021f   Thumb Code     0  libshutdown.o(.ARM.Collect$$libshutdown$$00000000)
    __rt_lib_shutdown_cpp_1                  0x08000221   Thumb Code     0  libshutdown2.o(.ARM.Collect$$libshutdown$$00000002)
    __rt_lib_shutdown_fp_trap_1              0x08000221   Thumb Code     0  libshutdown2.o(.ARM.Collect$$libshutdown$$00000007)
    __rt_lib_shutdown_heap_1                 0x08000221   Thumb Code     0  libshutdown2.o(.ARM.Collect$$libshutdown$$0000000F)
    __rt_lib_shutdown_return                 0x08000221   Thumb Code     0  libshutdown2.o(.ARM.Collect$$libshutdown$$00000010)
    __rt_lib_shutdown_signal_1               0x08000221   Thumb Code     0  libshutdown2.o(.ARM.Collect$$libshutdown$$0000000A)
    __rt_lib_shutdown_stdio_1                0x08000221   Thumb Code     0  libshutdown2.o(.ARM.Collect$$libshutdown$$00000004)
    __rt_lib_shutdown_user_alloc_1           0x08000221   Thumb Code     0  libshutdown2.o(.ARM.Collect$$libshutdown$$0000000C)
    __rt_entry                               0x08000223   Thumb Code     0  __rtentry.o(.ARM.Collect$$rtentry$$00000000)
    __rt_entry_presh_1                       0x08000223   Thumb Code     0  __rtentry2.o(.ARM.Collect$$rtentry$$00000002)
    __rt_entry_sh                            0x08000223   Thumb Code     0  __rtentry4.o(.ARM.Collect$$rtentry$$00000004)
    __rt_entry_li                            0x08000229   Thumb Code     0  __rtentry2.o(.ARM.Collect$$rtentry$$0000000A)
    __rt_entry_postsh_1                      0x08000229   Thumb Code     0  __rtentry2.o(.ARM.Collect$$rtentry$$00000009)
    __rt_entry_main                          0x0800022d   Thumb Code     0  __rtentry2.o(.ARM.Collect$$rtentry$$0000000D)
    __rt_entry_postli_1                      0x0800022d   Thumb Code     0  __rtentry2.o(.ARM.Collect$$rtentry$$0000000C)
    __rt_exit                                0x08000235   Thumb Code     0  rtexit.o(.ARM.Collect$$rtexit$$00000000)
    __rt_exit_ls                             0x08000237   Thumb Code     0  rtexit2.o(.ARM.Collect$$rtexit$$00000003)
    __rt_exit_prels_1                        0x08000237   Thumb Code     0  rtexit2.o(.ARM.Collect$$rtexit$$00000002)
    __rt_exit_exit                           0x0800023b   Thumb Code     0  rtexit2.o(.ARM.Collect$$rtexit$$00000004)
    Reset_Handler                            0x08000241   Thumb Code     8  startup_stm32f303xe.o(.text)
    NMI_Handler                              0x08000249   Thumb Code     2  startup_stm32f303xe.o(.text)
    ADC1_2_IRQHandler                        0x0800025b   Thumb Code     0  startup_stm32f303xe.o(.text)
    ADC3_IRQHandler                          0x0800025b   Thumb Code     0  startup_stm32f303xe.o(.text)
    ADC4_IRQHandler                          0x0800025b   Thumb Code     0  startup_stm32f303xe.o(.text)
    CAN1_RX1_IRQHandler                      0x0800025b   Thumb Code     0  startup_stm32f303xe.o(.text)
    CAN1_SCE_IRQHandler                      0x0800025b   Thumb Code     0  startup_stm32f303xe.o(.text)
    COMP1_2_3_IRQHandler                     0x0800025b   Thumb Code     0  startup_stm32f303xe.o(.text)
    COMP4_5_6_IRQHandler                     0x0800025b   Thumb Code     0  startup_stm32f303xe.o(.text)
    COMP7_IRQHandler                         0x0800025b   Thumb Code     0  startup_stm32f303xe.o(.text)
    DMA1_Channel1_IRQHandler                 0x0800025b   Thumb Code     0  startup_stm32f303xe.o(.text)
    DMA1_Channel2_IRQHandler                 0x0800025b   Thumb Code     0  startup_stm32f303xe.o(.text)
    DMA1_Channel3_IRQHandler                 0x0800025b   Thumb Code     0  startup_stm32f303xe.o(.text)
    DMA1_Channel4_IRQHandler                 0x0800025b   Thumb Code     0  startup_stm32f303xe.o(.text)
    DMA1_Channel5_IRQHandler                 0x0800025b   Thumb Code     0  startup_stm32f303xe.o(.text)
    DMA1_Channel6_IRQHandler                 0x0800025b   Thumb Code     0  startup_stm32f303xe.o(.text)
    DMA1_Channel7_IRQHandler                 0x0800025b   Thumb Code     0  startup_stm32f303xe.o(.text)
    DMA2_Channel1_IRQHandler                 0x0800025b   Thumb Code     0  startup_stm32f303xe.o(.text)
    DMA2_Channel2_IRQHandler                 0x0800025b   Thumb Code     0  startup_stm32f303xe.o(.text)
    DMA2_Channel3_IRQHandler                 0x0800025b   Thumb Code     0  startup_stm32f303xe.o(.text)
    DMA2_Channel4_IRQHandler                 0x0800025b   Thumb Code     0  startup_stm32f303xe.o(.text)
    DMA2_Channel5_IRQHandler                 0x0800025b   Thumb Code     0  startup_stm32f303xe.o(.text)
    EXTI0_IRQHandler                         0x0800025b   Thumb Code     0  startup_stm32f303xe.o(.text)
    EXTI15_10_IRQHandler                     0x0800025b   Thumb Code     0  startup_stm32f303xe.o(.text)
    EXTI1_IRQHandler                         0x0800025b   Thumb Code     0  startup_stm32f303xe.o(.text)
    EXTI2_TS_IRQHandler                      0x0800025b   Thumb Code     0  startup_stm32f303xe.o(.text)
    EXTI3_IRQHandler                         0x0800025b   Thumb Code     0  startup_stm32f303xe.o(.text)
    EXTI4_IRQHandler                         0x0800025b   Thumb Code     0  startup_stm32f303xe.o(.text)
    EXTI9_5_IRQHandler                       0x0800025b   Thumb Code     0  startup_stm32f303xe.o(.text)
    FLASH_IRQHandler                         0x0800025b   Thumb Code     0  startup_stm32f303xe.o(.text)
    FMC_IRQHandler                           0x0800025b   Thumb Code     0  startup_stm32f303xe.o(.text)
    FPU_IRQHandler                           0x0800025b   Thumb Code     0  startup_stm32f303xe.o(.text)
    I2C1_ER_IRQHandler                       0x0800025b   Thumb Code     0  startup_stm32f303xe.o(.text)
    I2C1_EV_IRQHandler                       0x0800025b   Thumb Code     0  startup_stm32f303xe.o(.text)
    I2C2_ER_IRQHandler                       0x0800025b   Thumb Code     0  startup_stm32f303xe.o(.text)
    I2C2_EV_IRQHandler                       0x0800025b   Thumb Code     0  startup_stm32f303xe.o(.text)
    I2C3_ER_IRQHandler                       0x0800025b   Thumb Code     0  startup_stm32f303xe.o(.text)
    I2C3_EV_IRQHandler                       0x0800025b   Thumb Code     0  startup_stm32f303xe.o(.text)
    PVD_IRQHandler                           0x0800025b   Thumb Code     0  startup_stm32f303xe.o(.text)
    RCC_IRQHandler                           0x0800025b   Thumb Code     0  startup_stm32f303xe.o(.text)
    RTC_Alarm_IRQHandler                     0x0800025b   Thumb Code     0  startup_stm32f303xe.o(.text)
    RTC_WKUP_IRQHandler                      0x0800025b   Thumb Code     0  startup_stm32f303xe.o(.text)
    SPI1_IRQHandler                          0x0800025b   Thumb Code     0  startup_stm32f303xe.o(.text)
    SPI2_IRQHandler                          0x0800025b   Thumb Code     0  startup_stm32f303xe.o(.text)
    SPI3_IRQHandler                          0x0800025b   Thumb Code     0  startup_stm32f303xe.o(.text)
    TAMPER_STAMP_IRQHandler                  0x0800025b   Thumb Code     0  startup_stm32f303xe.o(.text)
    TIM1_BRK_TIM15_IRQHandler                0x0800025b   Thumb Code     0  startup_stm32f303xe.o(.text)
    TIM1_TRG_COM_TIM17_IRQHandler            0x0800025b   Thumb Code     0  startup_stm32f303xe.o(.text)
    TIM1_UP_TIM16_IRQHandler                 0x0800025b   Thumb Code     0  startup_stm32f303xe.o(.text)
    TIM20_BRK_IRQHandler                     0x0800025b   Thumb Code     0  startup_stm32f303xe.o(.text)
    TIM20_TRG_COM_IRQHandler                 0x0800025b   Thumb Code     0  startup_stm32f303xe.o(.text)
    TIM20_UP_IRQHandler                      0x0800025b   Thumb Code     0  startup_stm32f303xe.o(.text)
    TIM6_DAC_IRQHandler                      0x0800025b   Thumb Code     0  startup_stm32f303xe.o(.text)
    TIM8_BRK_IRQHandler                      0x0800025b   Thumb Code     0  startup_stm32f303xe.o(.text)
    TIM8_TRG_COM_IRQHandler                  0x0800025b   Thumb Code     0  startup_stm32f303xe.o(.text)
    TIM8_UP_IRQHandler                       0x0800025b   Thumb Code     0  startup_stm32f303xe.o(.text)
    UART4_IRQHandler                         0x0800025b   Thumb Code     0  startup_stm32f303xe.o(.text)
    UART5_IRQHandler                         0x0800025b   Thumb Code     0  startup_stm32f303xe.o(.text)
    USART2_IRQHandler                        0x0800025b   Thumb Code     0  startup_stm32f303xe.o(.text)
    USART3_IRQHandler                        0x0800025b   Thumb Code     0  startup_stm32f303xe.o(.text)
    USBWakeUp_IRQHandler                     0x0800025b   Thumb Code     0  startup_stm32f303xe.o(.text)
    USBWakeUp_RMP_IRQHandler                 0x0800025b   Thumb Code     0  startup_stm32f303xe.o(.text)
    USB_HP_CAN1_TX_IRQHandler                0x0800025b   Thumb Code     0  startup_stm32f303xe.o(.text)
    USB_HP_IRQHandler                        0x0800025b   Thumb Code     0  startup_stm32f303xe.o(.text)
    USB_LP_CAN1_RX0_IRQHandler               0x0800025b   Thumb Code     0  startup_stm32f303xe.o(.text)
    USB_LP_IRQHandler                        0x0800025b   Thumb Code     0  startup_stm32f303xe.o(.text)
    WWDG_IRQHandler                          0x0800025b   Thumb Code     0  startup_stm32f303xe.o(.text)
    __user_initial_stackheap                 0x0800025d   Thumb Code     0  startup_stm32f303xe.o(.text)
    __2snprintf                              0x08000281   Thumb Code    50  __2snprintf.o(.text)
    _printf_int_dec                          0x080002b9   Thumb Code   104  _printf_dec.o(.text)
    __printf                                 0x08000331   Thumb Code   388  __printf_flags_ss_wp.o(.text)
    strcpy                                   0x080004b9   Thumb Code    72  strcpy.o(.text)
    strlen                                   0x08000501   Thumb Code    62  strlen.o(.text)
    __aeabi_memclr4                          0x0800053f   Thumb Code     0  rt_memclr_w.o(.text)
    __aeabi_memclr8                          0x0800053f   Thumb Code     0  rt_memclr_w.o(.text)
    __rt_memclr_w                            0x0800053f   Thumb Code    78  rt_memclr_w.o(.text)
    _memset_w                                0x08000543   Thumb Code     0  rt_memclr_w.o(.text)
    __use_two_region_memory                  0x0800058d   Thumb Code     2  heapauxi.o(.text)
    __rt_heap_escrow                         0x0800058f   Thumb Code     2  heapauxi.o(.text)
    __rt_heap_expand                         0x08000591   Thumb Code     2  heapauxi.o(.text)
    __cpp_initialize__aeabi_                 0x08000595   Thumb Code    26  init_aeabi.o(.text)
    _printf_int_common                       0x080005b9   Thumb Code   178  _printf_intcommon.o(.text)
    _printf_char_common                      0x08000677   Thumb Code    32  _printf_char_common.o(.text)
    _sputc                                   0x0800069d   Thumb Code    10  _sputc.o(.text)
    _snputc                                  0x080006a7   Thumb Code    16  _snputc.o(.text)
    _sys_exit                                0x080006b9   Thumb Code     8  sys_exit.o(.text)
    __user_libspace                          0x080006c5   Thumb Code     8  libspace.o(.text)
    __user_perproc_libspace                  0x080006c5   Thumb Code     0  libspace.o(.text)
    __user_perthread_libspace                0x080006c5   Thumb Code     0  libspace.o(.text)
    __I$use$semihosting                      0x080006cd   Thumb Code     0  use_no_semi.o(.text)
    __use_no_semihosting_swi                 0x080006cd   Thumb Code     2  use_no_semi.o(.text)
    __semihosting_library_function           0x080006cf   Thumb Code     0  indicate_semi.o(.text)
    __user_setup_stackheap                   0x080006cf   Thumb Code    74  sys_stackheap_outer.o(.text)
    exit                                     0x08000719   Thumb Code    18  exit.o(.text)
    BusFault_Handler                         0x0800072d   Thumb Code    28  main.o(.text.BusFault_Handler)
    DebugMon_Handler                         0x08000749   Thumb Code    28  main.o(.text.DebugMon_Handler)
    GPIO_Init                                0x08000765   Thumb Code   116  stm32f30x_gpio.o(.text.GPIO_Init)
    GPIO_PinAFConfig                         0x080007d9   Thumb Code    44  stm32f30x_gpio.o(.text.GPIO_PinAFConfig)
    GPIO_ReadInputData                       0x08000805   Thumb Code     4  stm32f30x_gpio.o(.text.GPIO_ReadInputData)
    GPIO_ReadOutputDataBit                   0x08000809   Thumb Code    10  stm32f30x_gpio.o(.text.GPIO_ReadOutputDataBit)
    GPIO_ResetBits                           0x08000813   Thumb Code     4  stm32f30x_gpio.o(.text.GPIO_ResetBits)
    GPIO_SetBits                             0x08000817   Thumb Code     4  stm32f30x_gpio.o(.text.GPIO_SetBits)
    GPIO_WriteBit                            0x0800081b   Thumb Code    10  stm32f30x_gpio.o(.text.GPIO_WriteBit)
    HardFault_Handler                        0x08000825   Thumb Code    28  main.o(.text.HardFault_Handler)
    MemManage_Handler                        0x08000841   Thumb Code    28  main.o(.text.MemManage_Handler)
    NVIC_Init                                0x0800085d   Thumb Code    92  stm32f30x_misc.o(.text.NVIC_Init)
    PendSV_Handler                           0x080008b9   Thumb Code    24  main.o(.text.PendSV_Handler)
    RCC_AHBPeriphClockCmd                    0x080008d1   Thumb Code    24  stm32f30x_rcc.o(.text.RCC_AHBPeriphClockCmd)
    RCC_APB1PeriphClockCmd                   0x080008e9   Thumb Code    24  stm32f30x_rcc.o(.text.RCC_APB1PeriphClockCmd)
    RCC_APB2PeriphClockCmd                   0x08000901   Thumb Code    24  stm32f30x_rcc.o(.text.RCC_APB2PeriphClockCmd)
    RCC_GetClocksFreq                        0x08000919   Thumb Code   780  stm32f30x_rcc.o(.text.RCC_GetClocksFreq)
    SVC_Handler                              0x08000c25   Thumb Code    20  main.o(.text.SVC_Handler)
    SysTick_Handler                          0x08000c39   Thumb Code    44  systick.o(.text.SysTick_Handler)
    SystemInit                               0x08000c65   Thumb Code   248  system_stm32f30x.o(.text.SystemInit)
    TIM1_CC_IRQHandler                       0x08000d5d   Thumb Code   148  timercallback.o(.text.TIM1_CC_IRQHandler)
    TIM20_CC_IRQHandler                      0x08000df1   Thumb Code   164  timercallback.o(.text.TIM20_CC_IRQHandler)
    TIM2_IRQHandler                          0x08000e95   Thumb Code   160  timercallback.o(.text.TIM2_IRQHandler)
    TIM3_IRQHandler                          0x08000f35   Thumb Code   148  timercallback.o(.text.TIM3_IRQHandler)
    TIM4_IRQHandler                          0x08000fc9   Thumb Code   148  timercallback.o(.text.TIM4_IRQHandler)
    TIM7_IRQHandler                          0x0800105d   Thumb Code   148  timercallback.o(.text.TIM7_IRQHandler)
    TIM8_CC_IRQHandler                       0x080010f1   Thumb Code   148  timercallback.o(.text.TIM8_CC_IRQHandler)
    TIM_ARRPreloadConfig                     0x08001185   Thumb Code    18  stm32f30x_tim.o(.text.TIM_ARRPreloadConfig)
    TIM_BDTRConfig                           0x08001197   Thumb Code    30  stm32f30x_tim.o(.text.TIM_BDTRConfig)
    TIM_BDTRStructInit                       0x080011b5   Thumb Code    12  stm32f30x_tim.o(.text.TIM_BDTRStructInit)
    TIM_CCPreloadControl                     0x080011c1   Thumb Code    22  stm32f30x_tim.o(.text.TIM_CCPreloadControl)
    TIM_ClearITPendingBit                    0x080011d7   Thumb Code    10  stm32f30x_tim.o(.text.TIM_ClearITPendingBit)
    TIM_Cmd                                  0x080011e1   Thumb Code    18  stm32f30x_tim.o(.text.TIM_Cmd)
    TIM_CtrlPWMOutputs                       0x080011f3   Thumb Code    20  stm32f30x_tim.o(.text.TIM_CtrlPWMOutputs)
    TIM_GetITStatus                          0x08001207   Thumb Code    20  stm32f30x_tim.o(.text.TIM_GetITStatus)
    TIM_OC1Init                              0x0800121d   Thumb Code   120  stm32f30x_tim.o(.text.TIM_OC1Init)
    TIM_OC1PreloadConfig                     0x08001291   Thumb Code    12  stm32f30x_tim.o(.text.TIM_OC1PreloadConfig)
    TIM_OC2Init                              0x0800129d   Thumb Code   124  stm32f30x_tim.o(.text.TIM_OC2Init)
    TIM_OC2PreloadConfig                     0x08001311   Thumb Code    14  stm32f30x_tim.o(.text.TIM_OC2PreloadConfig)
    TIM_OC3Init                              0x08001321   Thumb Code   120  stm32f30x_tim.o(.text.TIM_OC3Init)
    TIM_OC3PreloadConfig                     0x08001391   Thumb Code    12  stm32f30x_tim.o(.text.TIM_OC3PreloadConfig)
    TIM_OCStructInit                         0x0800139d   Thumb Code    10  stm32f30x_tim.o(.text.TIM_OCStructInit)
    TIM_SetCompare1                          0x080013a7   Thumb Code     4  stm32f30x_tim.o(.text.TIM_SetCompare1)
    TIM_SetCompare2                          0x080013ab   Thumb Code     4  stm32f30x_tim.o(.text.TIM_SetCompare2)
    TIM_SetCompare3                          0x080013af   Thumb Code     4  stm32f30x_tim.o(.text.TIM_SetCompare3)
    TIM_TimeBaseInit                         0x080013b5   Thumb Code   144  stm32f30x_tim.o(.text.TIM_TimeBaseInit)
    TIM_TimeBaseStructInit                   0x08001445   Thumb Code    14  stm32f30x_tim.o(.text.TIM_TimeBaseStructInit)
    USART1_IRQHandler                        0x08001455   Thumb Code   144  rs232.o(.text.USART1_IRQHandler)
    USART_Cmd                                0x080014d5   Thumb Code    18  stm32f30x_usart.o(.text.USART_Cmd)
    USART_GetFlagStatus                      0x080014e7   Thumb Code    10  stm32f30x_usart.o(.text.USART_GetFlagStatus)
    USART_GetITStatus                        0x080014f1   Thumb Code    60  stm32f30x_usart.o(.text.USART_GetITStatus)
    USART_ITConfig                           0x0800152d   Thumb Code    44  stm32f30x_usart.o(.text.USART_ITConfig)
    USART_Init                               0x08001559   Thumb Code   200  stm32f30x_usart.o(.text.USART_Init)
    USART_ReceiveData                        0x08001621   Thumb Code     8  stm32f30x_usart.o(.text.USART_ReceiveData)
    USART_SendData                           0x08001629   Thumb Code     8  stm32f30x_usart.o(.text.USART_SendData)
    UsageFault_Handler                       0x08001631   Thumb Code    28  main.o(.text.UsageFault_Handler)
    LCDCommand(TString)                      0x080016b5   Thumb Code    92  main.o(.text._Z10LCDCommand7TString)
    RGBLEDInit()                             0x08001711   Thumb Code   368  utilities.o(.text._Z10RGBLEDInitv)
    DCMotorInit()                            0x08001881   Thumb Code   284  dcmotorsystem.o(.text._Z11DCMotorInitv)
    GetLEDState()                            0x0800199d   Thumb Code    22  utilities.o(.text._Z11GetLEDStatev)
    LCDSendChar(unsigned char)               0x080019b3   Thumb Code     6  lcdsystem.o(.text._Z11LCDSendCharh)
    LEDCallback(TString)                     0x080019b9   Thumb Code   512  main.o(.text._Z11LEDCallback7TString)
    SetLEDColor(int, int, int)               0x08001bb5   Thumb Code    48  utilities.o(.text._Z11SetLEDColoriii)
    SetLEDState(bool)                        0x08001be5   Thumb Code    22  utilities.o(.text._Z11SetLEDStateb)
    SysTickInit()                            0x08001bfd   Thumb Code    64  systick.o(.text._Z11SysTickInitv)
    GetClockFreq()                           0x08001c3d   Thumb Code    30  utilities.o(.text._Z12GetClockFreqv)
    LCDClearLine(e_lcdline)                  0x08001c5d   Thumb Code   144  lcdsystem.o(.text._Z12LCDClearLine9e_lcdline)
    MotorCommand(TString)                    0x08001ced   Thumb Code    88  main.o(.text._Z12MotorCommand7TString)
    ReportOnline(TString)                    0x08001d41   Thumb Code    56  main.o(.text._Z12ReportOnline7TString)
    ResetCommand(TString)                    0x08001d79   Thumb Code    92  main.o(.text._Z12ResetCommand7TString)
    LCDSendString(TString)                   0x08001dd5   Thumb Code    52  lcdsystem.o(.text._Z13LCDSendString7TString)
    SetLEDColorEx(TString)                   0x08001e09   Thumb Code   396  main.o(.text._Z13SetLEDColorEx7TString)
    PingPongCommand(TString)                 0x08001f95   Thumb Code    36  main.o(.text._Z15PingPongCommand7TString)
    RS232SendString(TString)                 0x08001fb9   Thumb Code    76  rs232.o(.text._Z15RS232SendString7TString)
    RS232SendString(const char*)             0x08002001   Thumb Code    56  rs232.o(.text._Z15RS232SendStringPKc)
    AddTimerCallback(const char*, void(*)()) 0x08002039   Thumb Code    52  timercallback.o(.text._Z16AddTimerCallbackPKcPFvvE)
    AddCommandHandler(void(*)(TString), const char*) 0x08002065   Thumb Code    48  commandsystem.o(.text._Z17AddCommandHandlerPFv7TStringEPKc)
    AddCommandToQueue(TString)               0x0800208d   Thumb Code    64  commandsystem.o(.text._Z17AddCommandToQueue7TString)
    InitCommandSystem()                      0x080020c9   Thumb Code    40  commandsystem.o(.text._Z17InitCommandSystemv)
    InitTimerCallback()                      0x080020e9   Thumb Code    40  timercallback.o(.text._Z17InitTimerCallbackv)
    Timer2CH1Callback()                      0x08002109   Thumb Code     4  main.o(.text._Z17Timer2CH1Callbackv)
    ExecuteTimerCallback(const char*)        0x0800210d   Thumb Code    48  timercallback.o(.text._Z20ExecuteTimerCallbackPKc)
    ExecuteAllQueueCommands()                0x0800213d   Thumb Code   276  commandsystem.o(.text._Z23ExecuteAllQueueCommandsv)
    Delay(unsigned)                          0x08002251   Thumb Code    44  utilities.o(.text._Z5Delayj)
    DCMotor(_motor_sel, unsigned char, _motor_dir) 0x08002281   Thumb Code   144  dcmotorsystem.o(.text._Z7DCMotor10_motor_selh10_motor_dir)
    LCDInit()                                0x08002311   Thumb Code   320  lcdsystem.o(.text._Z7LCDInitv)
    LEDInit()                                0x08002449   Thumb Code    34  utilities.o(.text._Z7LEDInitv)
    LCDSetPos(e_lcdline, unsigned char)      0x0800246b   Thumb Code    76  lcdsystem.o(.text._Z9LCDSetPos9e_lcdlineh)
    LEDToggle()                              0x080024b7   Thumb Code    26  utilities.o(.text._Z9LEDTogglev)
    RS232Init()                              0x080024d1   Thumb Code   144  rs232.o(.text._Z9RS232Initv)
    RS232Send(char)                          0x0800255d   Thumb Code    36  rs232.o(.text._Z9RS232Sendc)
    fast_atoi(char*, int)                    0x08002581   Thumb Code    64  stringclass.o(.text._Z9fast_atoiPci)
    TString::GetIntFromWord(unsigned)        0x08002715   Thumb Code   118  stringclass.o(.text._ZN7TString14GetIntFromWordEj)
    TString::DoesWordEqualTo(unsigned, const char*) 0x0800278b   Thumb Code   150  stringclass.o(.text._ZN7TString15DoesWordEqualToEjPKc)
    TString::DoesWordEqualTo(unsigned, TString) 0x08002821   Thumb Code   174  stringclass.o(.text._ZN7TString15DoesWordEqualToEjS_)
    TString::RemoveFirstWords(unsigned)      0x080028cf   Thumb Code   104  stringclass.o(.text._ZN7TString16RemoveFirstWordsEj)
    TString::Clear()                         0x08002937   Thumb Code    26  stringclass.o(.text._ZN7TString5ClearEv)
    TString::GetLength()                     0x08002951   Thumb Code     4  stringclass.o(.text._ZN7TString9GetLengthEv)
    TString::TString(const char*)            0x08002955   Thumb Code    50  stringclass.o(.text._ZN7TStringC2EPKc)
    TString::TString__sub_object(const char*) 0x08002955   Thumb Code    50  stringclass.o(.text._ZN7TStringC2EPKc)
    TString::TString()                       0x08002987   Thumb Code    26  stringclass.o(.text._ZN7TStringC2Ev)
    TString::TString__sub_object()           0x08002987   Thumb Code    26  stringclass.o(.text._ZN7TStringC2Ev)
    TString::operator =(const char*)         0x080029a1   Thumb Code    48  stringclass.o(.text._ZN7TStringaSEPKc)
    TString::operator =(const TString&)      0x080029d1   Thumb Code    54  stringclass.o(.text._ZN7TStringaSERKS_)
    TString::operator [](unsigned)           0x08002a07   Thumb Code    20  stringclass.o(.text._ZN7TStringixEj)
    TString::operator +=(const TString&)     0x08002a1b   Thumb Code    52  stringclass.o(.text._ZN7TStringpLERKS_)
    TString::operator +=(const char&)        0x08002a4f   Thumb Code    22  stringclass.o(.text._ZN7TStringpLERKc)
    TString::operator +=(const unsigned&)    0x08002a65   Thumb Code    56  stringclass.o(.text._ZN7TStringpLERKj)
    TString::operator ==(const char*) const  0x08002a9d   Thumb Code    44  stringclass.o(.text._ZNK7TStringeqEPKc)
    TString::operator ==(TString&) const     0x08002ac9   Thumb Code    46  stringclass.o(.text._ZNK7TStringeqERS_)
    main                                     0x08002af9   Thumb Code   672  main.o(.text.main)
    _is_digit                                0x08002d99   Thumb Code    14  __printf_wp.o(i._is_digit)
    __aeabi_dadd                             0x08002da9   Thumb Code     0  daddsub_clz.o(x$fpl$dadd)
    _dadd                                    0x08002da9   Thumb Code   332  daddsub_clz.o(x$fpl$dadd)
    __aeabi_d2iz                             0x08002ef9   Thumb Code     0  dfix.o(x$fpl$dfix)
    _dfix                                    0x08002ef9   Thumb Code    94  dfix.o(x$fpl$dfix)
    __aeabi_ui2d                             0x08002f57   Thumb Code     0  dflt_clz.o(x$fpl$dfltu)
    _dfltu                                   0x08002f57   Thumb Code    38  dflt_clz.o(x$fpl$dfltu)
    __aeabi_dmul                             0x08002f7d   Thumb Code     0  dmul.o(x$fpl$dmul)
    _dmul                                    0x08002f7d   Thumb Code   332  dmul.o(x$fpl$dmul)
    __fpl_dnaninf                            0x080030d1   Thumb Code   156  dnaninf.o(x$fpl$dnaninf)
    __fpl_dretinf                            0x0800316d   Thumb Code    12  dretinf.o(x$fpl$dretinf)
    __aeabi_dsub                             0x08003179   Thumb Code     0  daddsub_clz.o(x$fpl$dsub)
    _dsub                                    0x08003179   Thumb Code   464  daddsub_clz.o(x$fpl$dsub)
    _fp_init                                 0x0800334d   Thumb Code    26  fpinit.o(x$fpl$fpinit)
    __fplib_config_fpu_vfp                   0x08003365   Thumb Code     0  fpinit.o(x$fpl$fpinit)
    __fplib_config_pureend_doubles           0x08003365   Thumb Code     0  fpinit.o(x$fpl$fpinit)
    __I$use$fp                               0x08003366   Number         0  usenofp.o(x$fpl$usenofp)
    Region$$Table$$Base                      0x08003424   Number         0  anon$$obj.o(Region$$Table)
    Region$$Table$$Limit                     0x08003444   Number         0  anon$$obj.o(Region$$Table)
    SHT$$INIT_ARRAY$$Base                    0x08003444   Number         0  rs232.o(.init_array)
    SHT$$INIT_ARRAY$$Limit                   0x08003450   Number         0  init_aeabi.o(.init_array)
    SystemCoreClock                          0x20000030   Data           4  system_stm32f30x.o(.data..L_MergedGlobals)
    AHBPrescTable                            0x20000034   Data          16  system_stm32f30x.o(.data..L_MergedGlobals)
    PWM_Freq                                 0x20000044   Data           4  utilities.o(.data..L_MergedGlobals)
    PWM_Step                                 0x20000048   Data           4  utilities.o(.data..L_MergedGlobals)
    RSDelayTimer                             0x2000004c   Data           4  rs232.o(.data.RSDelayTimer)
    __libspace_start                         0x20000050   Data          96  libspace.o(.bss)
    StartDelay                               0x200000b0   Data           1  systick.o(.bss..L_MergedGlobals)
    __temporary_stack_top$libspace           0x200000b0   Data           0  libspace.o(.bss)
    TimeDelayMS                              0x200000b4   Data           4  systick.o(.bss..L_MergedGlobals)
    TimeDelayUS                              0x200000b8   Data           4  systick.o(.bss..L_MergedGlobals)
    LinkedConnection                         0x20000100   Data           1  main.o(.bss..L_MergedGlobals)
    Dir1                                     0x20000101   Data           1  main.o(.bss..L_MergedGlobals)
    Dir2                                     0x20000102   Data           1  main.o(.bss..L_MergedGlobals)
    SpeedM1                                  0x20000104   Data           4  main.o(.bss..L_MergedGlobals)
    SpeedM2                                  0x20000108   Data           4  main.o(.bss..L_MergedGlobals)
    CommandTable                             0x20000150   Data         512  commandsystem.o(.bss.CommandTable)
    CommandTableKeys                         0x20000350   Data       17408  commandsystem.o(.bss.CommandTableKeys)
    CurrentCommandCount                      0x20004750   Data           4  commandsystem.o(.bss.CurrentCommandCount)
    DataBuffer                               0x20004754   Data         136  rs232.o(.bss.DataBuffer)
    LastData                                 0x200047dc   Data         136  rs232.o(.bss.LastData)
    QueuedCommands                           0x20004864   Data        8704  commandsystem.o(.bss.QueuedCommands)
    TimerSizeCount                           0x20006a64   Data           4  timercallback.o(.bss.TimerSizeCount)
    TimerTableFuncs                          0x20006a68   Data         128  timercallback.o(.bss.TimerTableFuncs)
    TimerTableKeys                           0x20006ae8   Data        4352  timercallback.o(.bss.TimerTableKeys)
    data                                     0x20007be8   Data           1  rs232.o(.bss.data)



==============================================================================

Memory Map of the image

  Image Entry point : 0x08000195

  Load Region LR_IROM1 (Base: 0x08000000, Size: 0x000034a0, Max: 0x00080000, ABSOLUTE)

    Execution Region ER_IROM1 (Exec base: 0x08000000, Load base: 0x08000000, Size: 0x00003450, Max: 0x00080000, ABSOLUTE)

    Exec Addr    Load Addr    Size         Type   Attr      Idx    E Section Name        Object

    0x08000000   0x08000000   0x00000194   Data   RO         1642    RESET               startup_stm32f303xe.o
    0x08000194   0x08000194   0x00000008   Code   RO         2130  * !!!main             c_w.l(__main.o)
    0x0800019c   0x0800019c   0x00000034   Code   RO         2648    !!!scatter          c_w.l(__scatter.o)
    0x080001d0   0x080001d0   0x0000001a   Code   RO         2650    !!handler_copy      c_w.l(__scatter_copy.o)
    0x080001ea   0x080001ea   0x00000002   PAD
    0x080001ec   0x080001ec   0x0000001c   Code   RO         2652    !!handler_zi        c_w.l(__scatter_zi.o)
    0x08000208   0x08000208   0x00000000   Code   RO         2121    .ARM.Collect$$_printf_percent$$00000000  c_w.l(_printf_percent.o)
    0x08000208   0x08000208   0x00000006   Code   RO         2120    .ARM.Collect$$_printf_percent$$00000009  c_w.l(_printf_d.o)
    0x0800020e   0x0800020e   0x00000004   Code   RO         2296    .ARM.Collect$$_printf_percent$$00000017  c_w.l(_printf_percent_end.o)
    0x08000212   0x08000212   0x00000002   Code   RO         2581    .ARM.Collect$$libinit$$00000000  c_w.l(libinit.o)
    0x08000214   0x08000214   0x00000004   Code   RO         2312    .ARM.Collect$$libinit$$00000001  c_w.l(libinit2.o)
    0x08000218   0x08000218   0x00000000   Code   RO         2315    .ARM.Collect$$libinit$$00000004  c_w.l(libinit2.o)
    0x08000218   0x08000218   0x00000000   Code   RO         2318    .ARM.Collect$$libinit$$0000000A  c_w.l(libinit2.o)
    0x08000218   0x08000218   0x00000000   Code   RO         2320    .ARM.Collect$$libinit$$0000000C  c_w.l(libinit2.o)
    0x08000218   0x08000218   0x00000000   Code   RO         2322    .ARM.Collect$$libinit$$0000000E  c_w.l(libinit2.o)
    0x08000218   0x08000218   0x00000000   Code   RO         2325    .ARM.Collect$$libinit$$00000011  c_w.l(libinit2.o)
    0x08000218   0x08000218   0x00000000   Code   RO         2327    .ARM.Collect$$libinit$$00000013  c_w.l(libinit2.o)
    0x08000218   0x08000218   0x00000000   Code   RO         2329    .ARM.Collect$$libinit$$00000015  c_w.l(libinit2.o)
    0x08000218   0x08000218   0x00000000   Code   RO         2331    .ARM.Collect$$libinit$$00000017  c_w.l(libinit2.o)
    0x08000218   0x08000218   0x00000000   Code   RO         2333    .ARM.Collect$$libinit$$00000019  c_w.l(libinit2.o)
    0x08000218   0x08000218   0x00000000   Code   RO         2335    .ARM.Collect$$libinit$$0000001B  c_w.l(libinit2.o)
    0x08000218   0x08000218   0x00000000   Code   RO         2337    .ARM.Collect$$libinit$$0000001D  c_w.l(libinit2.o)
    0x08000218   0x08000218   0x00000000   Code   RO         2339    .ARM.Collect$$libinit$$0000001F  c_w.l(libinit2.o)
    0x08000218   0x08000218   0x00000000   Code   RO         2341    .ARM.Collect$$libinit$$00000021  c_w.l(libinit2.o)
    0x08000218   0x08000218   0x00000000   Code   RO         2343    .ARM.Collect$$libinit$$00000023  c_w.l(libinit2.o)
    0x08000218   0x08000218   0x00000000   Code   RO         2345    .ARM.Collect$$libinit$$00000025  c_w.l(libinit2.o)
    0x08000218   0x08000218   0x00000000   Code   RO         2349    .ARM.Collect$$libinit$$0000002C  c_w.l(libinit2.o)
    0x08000218   0x08000218   0x00000000   Code   RO         2351    .ARM.Collect$$libinit$$0000002E  c_w.l(libinit2.o)
    0x08000218   0x08000218   0x00000000   Code   RO         2353    .ARM.Collect$$libinit$$00000030  c_w.l(libinit2.o)
    0x08000218   0x08000218   0x00000004   Code   RO         2354    .ARM.Collect$$libinit$$00000031  c_w.l(libinit2.o)
    0x0800021c   0x0800021c   0x00000000   Code   RO         2355    .ARM.Collect$$libinit$$00000032  c_w.l(libinit2.o)
    0x0800021c   0x0800021c   0x00000002   Code   RO         2356    .ARM.Collect$$libinit$$00000033  c_w.l(libinit2.o)
    0x0800021e   0x0800021e   0x00000002   Code   RO         2645    .ARM.Collect$$libshutdown$$00000000  c_w.l(libshutdown.o)
    0x08000220   0x08000220   0x00000000   Code   RO         2599    .ARM.Collect$$libshutdown$$00000002  c_w.l(libshutdown2.o)
    0x08000220   0x08000220   0x00000000   Code   RO         2601    .ARM.Collect$$libshutdown$$00000004  c_w.l(libshutdown2.o)
    0x08000220   0x08000220   0x00000000   Code   RO         2604    .ARM.Collect$$libshutdown$$00000007  c_w.l(libshutdown2.o)
    0x08000220   0x08000220   0x00000000   Code   RO         2607    .ARM.Collect$$libshutdown$$0000000A  c_w.l(libshutdown2.o)
    0x08000220   0x08000220   0x00000000   Code   RO         2609    .ARM.Collect$$libshutdown$$0000000C  c_w.l(libshutdown2.o)
    0x08000220   0x08000220   0x00000000   Code   RO         2612    .ARM.Collect$$libshutdown$$0000000F  c_w.l(libshutdown2.o)
    0x08000220   0x08000220   0x00000002   Code   RO         2613    .ARM.Collect$$libshutdown$$00000010  c_w.l(libshutdown2.o)
    0x08000222   0x08000222   0x00000000   Code   RO         2202    .ARM.Collect$$rtentry$$00000000  c_w.l(__rtentry.o)
    0x08000222   0x08000222   0x00000000   Code   RO         2456    .ARM.Collect$$rtentry$$00000002  c_w.l(__rtentry2.o)
    0x08000222   0x08000222   0x00000006   Code   RO         2468    .ARM.Collect$$rtentry$$00000004  c_w.l(__rtentry4.o)
    0x08000228   0x08000228   0x00000000   Code   RO         2458    .ARM.Collect$$rtentry$$00000009  c_w.l(__rtentry2.o)
    0x08000228   0x08000228   0x00000004   Code   RO         2459    .ARM.Collect$$rtentry$$0000000A  c_w.l(__rtentry2.o)
    0x0800022c   0x0800022c   0x00000000   Code   RO         2461    .ARM.Collect$$rtentry$$0000000C  c_w.l(__rtentry2.o)
    0x0800022c   0x0800022c   0x00000008   Code   RO         2462    .ARM.Collect$$rtentry$$0000000D  c_w.l(__rtentry2.o)
    0x08000234   0x08000234   0x00000002   Code   RO         2586    .ARM.Collect$$rtexit$$00000000  c_w.l(rtexit.o)
    0x08000236   0x08000236   0x00000000   Code   RO         2619    .ARM.Collect$$rtexit$$00000002  c_w.l(rtexit2.o)
    0x08000236   0x08000236   0x00000004   Code   RO         2620    .ARM.Collect$$rtexit$$00000003  c_w.l(rtexit2.o)
    0x0800023a   0x0800023a   0x00000006   Code   RO         2621    .ARM.Collect$$rtexit$$00000004  c_w.l(rtexit2.o)
    0x08000240   0x08000240   0x00000040   Code   RO         1643    .text               startup_stm32f303xe.o
    0x08000280   0x08000280   0x00000038   Code   RO         2092    .text               c_w.l(__2snprintf.o)
    0x080002b8   0x080002b8   0x00000078   Code   RO         2098    .text               c_w.l(_printf_dec.o)
    0x08000330   0x08000330   0x00000188   Code   RO         2117    .text               c_w.l(__printf_flags_ss_wp.o)
    0x080004b8   0x080004b8   0x00000048   Code   RO         2122    .text               c_w.l(strcpy.o)
    0x08000500   0x08000500   0x0000003e   Code   RO         2124    .text               c_w.l(strlen.o)
    0x0800053e   0x0800053e   0x0000004e   Code   RO         2126    .text               c_w.l(rt_memclr_w.o)
    0x0800058c   0x0800058c   0x00000006   Code   RO         2128    .text               c_w.l(heapauxi.o)
    0x08000592   0x08000592   0x00000002   PAD
    0x08000594   0x08000594   0x00000024   Code   RO         2135    .text               c_w.l(init_aeabi.o)
    0x080005b8   0x080005b8   0x000000b2   Code   RO         2242    .text               c_w.l(_printf_intcommon.o)
    0x0800066a   0x0800066a   0x00000002   PAD
    0x0800066c   0x0800066c   0x00000030   Code   RO         2246    .text               c_w.l(_printf_char_common.o)
    0x0800069c   0x0800069c   0x0000000a   Code   RO         2248    .text               c_w.l(_sputc.o)
    0x080006a6   0x080006a6   0x00000010   Code   RO         2250    .text               c_w.l(_snputc.o)
    0x080006b6   0x080006b6   0x00000002   PAD
    0x080006b8   0x080006b8   0x0000000c   Code   RO         2446    .text               c_w.l(sys_exit.o)
    0x080006c4   0x080006c4   0x00000008   Code   RO         2452    .text               c_w.l(libspace.o)
    0x080006cc   0x080006cc   0x00000002   Code   RO         2521    .text               c_w.l(use_no_semi.o)
    0x080006ce   0x080006ce   0x00000000   Code   RO         2523    .text               c_w.l(indicate_semi.o)
    0x080006ce   0x080006ce   0x0000004a   Code   RO         2524    .text               c_w.l(sys_stackheap_outer.o)
    0x08000718   0x08000718   0x00000012   Code   RO         2562    .text               c_w.l(exit.o)
    0x0800072a   0x0800072a   0x00000002   PAD
    0x0800072c   0x0800072c   0x0000001c   Code   RO         1823    .text.BusFault_Handler  main.o
    0x08000748   0x08000748   0x0000001c   Code   RO         1829    .text.DebugMon_Handler  main.o
    0x08000764   0x08000764   0x00000074   Code   RO          526    .text.GPIO_Init     stm32f30x_gpio.o
    0x080007d8   0x080007d8   0x0000002c   Code   RO          548    .text.GPIO_PinAFConfig  stm32f30x_gpio.o
    0x08000804   0x08000804   0x00000004   Code   RO          534    .text.GPIO_ReadInputData  stm32f30x_gpio.o
    0x08000808   0x08000808   0x0000000a   Code   RO          536    .text.GPIO_ReadOutputDataBit  stm32f30x_gpio.o
    0x08000812   0x08000812   0x00000004   Code   RO          542    .text.GPIO_ResetBits  stm32f30x_gpio.o
    0x08000816   0x08000816   0x00000004   Code   RO          540    .text.GPIO_SetBits  stm32f30x_gpio.o
    0x0800081a   0x0800081a   0x0000000a   Code   RO          544    .text.GPIO_WriteBit  stm32f30x_gpio.o
    0x08000824   0x08000824   0x0000001c   Code   RO         1819    .text.HardFault_Handler  main.o
    0x08000840   0x08000840   0x0000001c   Code   RO         1821    .text.MemManage_Handler  main.o
    0x0800085c   0x0800085c   0x0000005c   Code   RO          839    .text.NVIC_Init     stm32f30x_misc.o
    0x080008b8   0x080008b8   0x00000018   Code   RO         1831    .text.PendSV_Handler  main.o
    0x080008d0   0x080008d0   0x00000018   Code   RO          990    .text.RCC_AHBPeriphClockCmd  stm32f30x_rcc.o
    0x080008e8   0x080008e8   0x00000018   Code   RO          994    .text.RCC_APB1PeriphClockCmd  stm32f30x_rcc.o
    0x08000900   0x08000900   0x00000018   Code   RO          992    .text.RCC_APB2PeriphClockCmd  stm32f30x_rcc.o
    0x08000918   0x08000918   0x0000030c   Code   RO          968    .text.RCC_GetClocksFreq  stm32f30x_rcc.o
    0x08000c24   0x08000c24   0x00000014   Code   RO         1827    .text.SVC_Handler   main.o
    0x08000c38   0x08000c38   0x0000002c   Code   RO            2    .text.SysTick_Handler  systick.o
    0x08000c64   0x08000c64   0x000000f8   Code   RO         1625    .text.SystemInit    system_stm32f30x.o
    0x08000d5c   0x08000d5c   0x00000094   Code   RO         1947    .text.TIM1_CC_IRQHandler  timercallback.o
    0x08000df0   0x08000df0   0x000000a4   Code   RO         1959    .text.TIM20_CC_IRQHandler  timercallback.o
    0x08000e94   0x08000e94   0x000000a0   Code   RO         1949    .text.TIM2_IRQHandler  timercallback.o
    0x08000f34   0x08000f34   0x00000094   Code   RO         1951    .text.TIM3_IRQHandler  timercallback.o
    0x08000fc8   0x08000fc8   0x00000094   Code   RO         1953    .text.TIM4_IRQHandler  timercallback.o
    0x0800105c   0x0800105c   0x00000094   Code   RO         1955    .text.TIM7_IRQHandler  timercallback.o
    0x080010f0   0x080010f0   0x00000094   Code   RO         1957    .text.TIM8_CC_IRQHandler  timercallback.o
    0x08001184   0x08001184   0x00000012   Code   RO         1277    .text.TIM_ARRPreloadConfig  stm32f30x_tim.o
    0x08001196   0x08001196   0x0000001e   Code   RO         1413    .text.TIM_BDTRConfig  stm32f30x_tim.o
    0x080011b4   0x080011b4   0x0000000c   Code   RO         1423    .text.TIM_BDTRStructInit  stm32f30x_tim.o
    0x080011c0   0x080011c0   0x00000016   Code   RO         1429    .text.TIM_CCPreloadControl  stm32f30x_tim.o
    0x080011d6   0x080011d6   0x0000000a   Code   RO         1441    .text.TIM_ClearITPendingBit  stm32f30x_tim.o
    0x080011e0   0x080011e0   0x00000012   Code   RO         1283    .text.TIM_Cmd       stm32f30x_tim.o
    0x080011f2   0x080011f2   0x00000014   Code   RO         1425    .text.TIM_CtrlPWMOutputs  stm32f30x_tim.o
    0x08001206   0x08001206   0x00000014   Code   RO         1439    .text.TIM_GetITStatus  stm32f30x_tim.o
    0x0800121a   0x0800121a   0x00000002   PAD
    0x0800121c   0x0800121c   0x00000074   Code   RO         1285    .text.TIM_OC1Init   stm32f30x_tim.o
    0x08001290   0x08001290   0x0000000c   Code   RO         1331    .text.TIM_OC1PreloadConfig  stm32f30x_tim.o
    0x0800129c   0x0800129c   0x00000074   Code   RO         1287    .text.TIM_OC2Init   stm32f30x_tim.o
    0x08001310   0x08001310   0x0000000e   Code   RO         1333    .text.TIM_OC2PreloadConfig  stm32f30x_tim.o
    0x0800131e   0x0800131e   0x00000002   PAD
    0x08001320   0x08001320   0x00000070   Code   RO         1289    .text.TIM_OC3Init   stm32f30x_tim.o
    0x08001390   0x08001390   0x0000000c   Code   RO         1335    .text.TIM_OC3PreloadConfig  stm32f30x_tim.o
    0x0800139c   0x0800139c   0x0000000a   Code   RO         1303    .text.TIM_OCStructInit  stm32f30x_tim.o
    0x080013a6   0x080013a6   0x00000004   Code   RO         1307    .text.TIM_SetCompare1  stm32f30x_tim.o
    0x080013aa   0x080013aa   0x00000004   Code   RO         1309    .text.TIM_SetCompare2  stm32f30x_tim.o
    0x080013ae   0x080013ae   0x00000004   Code   RO         1311    .text.TIM_SetCompare3  stm32f30x_tim.o
    0x080013b2   0x080013b2   0x00000002   PAD
    0x080013b4   0x080013b4   0x00000090   Code   RO         1255    .text.TIM_TimeBaseInit  stm32f30x_tim.o
    0x08001444   0x08001444   0x0000000e   Code   RO         1257    .text.TIM_TimeBaseStructInit  stm32f30x_tim.o
    0x08001452   0x08001452   0x00000002   PAD
    0x08001454   0x08001454   0x00000080   Code   RO         1759    .text.USART1_IRQHandler  rs232.o
    0x080014d4   0x080014d4   0x00000012   Code   RO         1498    .text.USART_Cmd     stm32f30x_usart.o
    0x080014e6   0x080014e6   0x0000000a   Code   RO         1578    .text.USART_GetFlagStatus  stm32f30x_usart.o
    0x080014f0   0x080014f0   0x0000003c   Code   RO         1582    .text.USART_GetITStatus  stm32f30x_usart.o
    0x0800152c   0x0800152c   0x0000002c   Code   RO         1572    .text.USART_ITConfig  stm32f30x_usart.o
    0x08001558   0x08001558   0x000000c8   Code   RO         1490    .text.USART_Init    stm32f30x_usart.o
    0x08001620   0x08001620   0x00000008   Code   RO         1530    .text.USART_ReceiveData  stm32f30x_usart.o
    0x08001628   0x08001628   0x00000008   Code   RO         1528    .text.USART_SendData  stm32f30x_usart.o
    0x08001630   0x08001630   0x0000001c   Code   RO         1825    .text.UsageFault_Handler  main.o
    0x0800164c   0x0800164c   0x00000030   Code   RO         1861    .text._GLOBAL__sub_I_CommandSystem.cpp  commandsystem.o
    0x0800167c   0x0800167c   0x0000001c   Code   RO         1761    .text._GLOBAL__sub_I_RS232.cpp  rs232.o
    0x08001698   0x08001698   0x0000001c   Code   RO         1961    .text._GLOBAL__sub_I_TimerCallback.cpp  timercallback.o
    0x080016b4   0x080016b4   0x0000005c   Code   RO         1816    .text._Z10LCDCommand7TString  main.o
    0x08001710   0x08001710   0x00000170   Code   RO         1697    .text._Z10RGBLEDInitv  utilities.o
    0x08001880   0x08001880   0x0000011c   Code   RO         1733    .text._Z11DCMotorInitv  dcmotorsystem.o
    0x0800199c   0x0800199c   0x00000016   Code   RO         1689    .text._Z11GetLEDStatev  utilities.o
    0x080019b2   0x080019b2   0x00000006   Code   RO         1984    .text._Z11LCDSendCharh  lcdsystem.o
    0x080019b8   0x080019b8   0x000001fc   Code   RO         1802    .text._Z11LEDCallback7TString  main.o
    0x08001bb4   0x08001bb4   0x00000030   Code   RO         1699    .text._Z11SetLEDColoriii  utilities.o
    0x08001be4   0x08001be4   0x00000016   Code   RO         1685    .text._Z11SetLEDStateb  utilities.o
    0x08001bfa   0x08001bfa   0x00000002   PAD
    0x08001bfc   0x08001bfc   0x00000040   Code   RO            4    .text._Z11SysTickInitv  systick.o
    0x08001c3c   0x08001c3c   0x0000001e   Code   RO         1695    .text._Z12GetClockFreqv  utilities.o
    0x08001c5a   0x08001c5a   0x00000002   PAD
    0x08001c5c   0x08001c5c   0x00000090   Code   RO         1992    .text._Z12LCDClearLine9e_lcdline  lcdsystem.o
    0x08001cec   0x08001cec   0x00000054   Code   RO         1833    .text._Z12MotorCommand7TString  main.o
    0x08001d40   0x08001d40   0x00000038   Code   RO         1814    .text._Z12ReportOnline7TString  main.o
    0x08001d78   0x08001d78   0x0000005c   Code   RO         1807    .text._Z12ResetCommand7TString  main.o
    0x08001dd4   0x08001dd4   0x00000034   Code   RO         1988    .text._Z13LCDSendString7TString  lcdsystem.o
    0x08001e08   0x08001e08   0x0000018c   Code   RO         1800    .text._Z13SetLEDColorEx7TString  main.o
    0x08001f94   0x08001f94   0x00000024   Code   RO         1812    .text._Z15PingPongCommand7TString  main.o
    0x08001fb8   0x08001fb8   0x00000048   Code   RO         1755    .text._Z15RS232SendString7TString  rs232.o
    0x08002000   0x08002000   0x00000038   Code   RO         1753    .text._Z15RS232SendStringPKc  rs232.o
    0x08002038   0x08002038   0x0000002c   Code   RO         1943    .text._Z16AddTimerCallbackPKcPFvvE  timercallback.o
    0x08002064   0x08002064   0x00000028   Code   RO         1855    .text._Z17AddCommandHandlerPFv7TStringEPKc  commandsystem.o
    0x0800208c   0x0800208c   0x0000003c   Code   RO         1859    .text._Z17AddCommandToQueue7TString  commandsystem.o
    0x080020c8   0x080020c8   0x00000020   Code   RO         1853    .text._Z17InitCommandSystemv  commandsystem.o
    0x080020e8   0x080020e8   0x00000020   Code   RO         1941    .text._Z17InitTimerCallbackv  timercallback.o
    0x08002108   0x08002108   0x00000004   Code   RO         1805    .text._Z17Timer2CH1Callbackv  main.o
    0x0800210c   0x0800210c   0x00000030   Code   RO         1945    .text._Z20ExecuteTimerCallbackPKc  timercallback.o
    0x0800213c   0x0800213c   0x00000114   Code   RO         1857    .text._Z23ExecuteAllQueueCommandsv  commandsystem.o
    0x08002250   0x08002250   0x0000002c   Code   RO         1679    .text._Z5Delayj     utilities.o
    0x0800227c   0x0800227c   0x00000004   PAD
    0x08002280   0x08002280   0x00000090   Code   RO         1735    .text._Z7DCMotor10_motor_selh10_motor_dir  dcmotorsystem.o
    0x08002310   0x08002310   0x00000138   Code   RO         1978    .text._Z7LCDInitv   lcdsystem.o
    0x08002448   0x08002448   0x00000022   Code   RO         1683    .text._Z7LEDInitv   utilities.o
    0x0800246a   0x0800246a   0x0000004c   Code   RO         1990    .text._Z9LCDSetPos9e_lcdlineh  lcdsystem.o
    0x080024b6   0x080024b6   0x0000001a   Code   RO         1687    .text._Z9LEDTogglev  utilities.o
    0x080024d0   0x080024d0   0x0000008c   Code   RO         1749    .text._Z9RS232Initv  rs232.o
    0x0800255c   0x0800255c   0x00000024   Code   RO         1751    .text._Z9RS232Sendc  rs232.o
    0x08002580   0x08002580   0x00000040   Code   RO         1891    .text._Z9fast_atoiPci  stringclass.o
    0x080025c0   0x080025c0   0x00000034   Code   RO         1980    .text._ZL16LCD_Send_HNibblet  lcdsystem.o
    0x080025f4   0x080025f4   0x00000024   Code   RO         1810    .text._ZL18__NVIC_SystemResetv  main.o
    0x08002618   0x08002618   0x000000fc   Code   RO         1982    .text._ZL8LCD_Sendt13LCD_SEND_TYPE  lcdsystem.o
    0x08002714   0x08002714   0x00000076   Code   RO         1893    .text._ZN7TString14GetIntFromWordEj  stringclass.o
    0x0800278a   0x0800278a   0x00000096   Code   RO         1897    .text._ZN7TString15DoesWordEqualToEjPKc  stringclass.o
    0x08002820   0x08002820   0x000000ae   Code   RO         1901    .text._ZN7TString15DoesWordEqualToEjS_  stringclass.o
    0x080028ce   0x080028ce   0x00000068   Code   RO         1899    .text._ZN7TString16RemoveFirstWordsEj  stringclass.o
    0x08002936   0x08002936   0x0000001a   Code   RO         1907    .text._ZN7TString5ClearEv  stringclass.o
    0x08002950   0x08002950   0x00000004   Code   RO         1903    .text._ZN7TString9GetLengthEv  stringclass.o
    0x08002954   0x08002954   0x00000032   Code   RO         1881    .text._ZN7TStringC2EPKc  stringclass.o
    0x08002986   0x08002986   0x0000001a   Code   RO         1885    .text._ZN7TStringC2Ev  stringclass.o
    0x080029a0   0x080029a0   0x00000030   Code   RO         1913    .text._ZN7TStringaSEPKc  stringclass.o
    0x080029d0   0x080029d0   0x00000036   Code   RO         1911    .text._ZN7TStringaSERKS_  stringclass.o
    0x08002a06   0x08002a06   0x00000014   Code   RO         1905    .text._ZN7TStringixEj  stringclass.o
    0x08002a1a   0x08002a1a   0x00000034   Code   RO         1921    .text._ZN7TStringpLERKS_  stringclass.o
    0x08002a4e   0x08002a4e   0x00000016   Code   RO         1915    .text._ZN7TStringpLERKc  stringclass.o
    0x08002a64   0x08002a64   0x00000038   Code   RO         1919    .text._ZN7TStringpLERKj  stringclass.o
    0x08002a9c   0x08002a9c   0x0000002c   Code   RO         1925    .text._ZNK7TStringeqEPKc  stringclass.o
    0x08002ac8   0x08002ac8   0x0000002e   Code   RO         1923    .text._ZNK7TStringeqERS_  stringclass.o
    0x08002af6   0x08002af6   0x00000002   PAD
    0x08002af8   0x08002af8   0x000002a0   Code   RO         1835    .text.main          main.o
    0x08002d98   0x08002d98   0x0000000e   Code   RO         2110    i._is_digit         c_w.l(__printf_wp.o)
    0x08002da6   0x08002da6   0x00000002   PAD
    0x08002da8   0x08002da8   0x00000150   Code   RO         2138    x$fpl$dadd          fz_wm.l(daddsub_clz.o)
    0x08002ef8   0x08002ef8   0x0000005e   Code   RO         2148    x$fpl$dfix          fz_wm.l(dfix.o)
    0x08002f56   0x08002f56   0x00000026   Code   RO         2156    x$fpl$dfltu         fz_wm.l(dflt_clz.o)
    0x08002f7c   0x08002f7c   0x00000154   Code   RO         2162    x$fpl$dmul          fz_wm.l(dmul.o)
    0x080030d0   0x080030d0   0x0000009c   Code   RO         2357    x$fpl$dnaninf       fz_wm.l(dnaninf.o)
    0x0800316c   0x0800316c   0x0000000c   Code   RO         2359    x$fpl$dretinf       fz_wm.l(dretinf.o)
    0x08003178   0x08003178   0x000001d4   Code   RO         2140    x$fpl$dsub          fz_wm.l(daddsub_clz.o)
    0x0800334c   0x0800334c   0x0000001a   Code   RO         2518    x$fpl$fpinit        fz_wm.l(fpinit.o)
    0x08003366   0x08003366   0x00000000   Code   RO         2369    x$fpl$usenofp       fz_wm.l(usenofp.o)
    0x08003366   0x08003366   0x00000011   Data   RO         2118    .constdata          c_w.l(__printf_flags_ss_wp.o)
    0x08003377   0x08003377   0x000000a7   Data   RO         1837    .rodata.str1.1      main.o
    0x0800341e   0x0800341e   0x00000003   Data   RO         1929    .rodata.str1.1      stringclass.o
    0x08003421   0x08003421   0x00000003   PAD
    0x08003424   0x08003424   0x00000020   Data   RO         2646    Region$$Table       anon$$obj.o
    0x08003444   0x08003444   0x00000004   Data   RO         1768    .init_array         rs232.o
    0x08003448   0x08003444   0x00000004   Data   RO         1867    .init_array         commandsystem.o
    0x0800344c   0x08003444   0x00000004   Data   RO         1966    .init_array         timercallback.o
    0x08003450   0x08003444   0x00000000   Data   RO         2133    .init_array         c_w.l(init_aeabi.o)


    Execution Region RW_IRAM1 (Exec base: 0x20000000, Load base: 0x08003450, Size: 0x000081f0, Max: 0x00010000, ABSOLUTE)

    Exec Addr    Load Addr    Size         Type   Attr      Idx    E Section Name        Object

    0x20000000   0x08003450   0x00000030   Data   RW         1010    .data..L_MergedGlobals  stm32f30x_rcc.o
    0x20000030   0x08003480   0x00000014   Data   RW         1629    .data..L_MergedGlobals  system_stm32f30x.o
    0x20000044   0x08003494   0x00000008   Data   RW         1701    .data..L_MergedGlobals  utilities.o
    0x2000004c   0x0800349c   0x00000004   Data   RW         1764    .data.RSDelayTimer  rs232.o
    0x20000050        -       0x00000060   Zero   RW         2453    .bss                c_w.l(libspace.o)
    0x200000b0        -       0x0000000c   Zero   RW            6    .bss..L_MergedGlobals  systick.o
    0x200000bc   0x080034a0   0x00000004   PAD
    0x200000c0        -       0x00000040   Zero   RW         1737    .bss..L_MergedGlobals  dcmotorsystem.o
    0x20000100        -       0x0000000c   Zero   RW         1841    .bss..L_MergedGlobals  main.o
    0x2000010c   0x080034a0   0x00000004   PAD
    0x20000110        -       0x00000040   Zero   RW         1998    .bss..L_MergedGlobals  lcdsystem.o
    0x20000150        -       0x00000200   Zero   RW         1863    .bss.CommandTable   commandsystem.o
    0x20000350        -       0x00004400   Zero   RW         1864    .bss.CommandTableKeys  commandsystem.o
    0x20004750        -       0x00000004   Zero   RW         1866    .bss.CurrentCommandCount  commandsystem.o
    0x20004754        -       0x00000088   Zero   RW         1765    .bss.DataBuffer     rs232.o
    0x200047dc        -       0x00000088   Zero   RW         1766    .bss.LastData       rs232.o
    0x20004864        -       0x00002200   Zero   RW         1865    .bss.QueuedCommands  commandsystem.o
    0x20006a64        -       0x00000004   Zero   RW         1965    .bss.TimerSizeCount  timercallback.o
    0x20006a68        -       0x00000080   Zero   RW         1963    .bss.TimerTableFuncs  timercallback.o
    0x20006ae8        -       0x00001100   Zero   RW         1964    .bss.TimerTableKeys  timercallback.o
    0x20007be8        -       0x00000001   Zero   RW         1767    .bss.data           rs232.o
    0x20007be9   0x080034a0   0x00000007   PAD
    0x20007bf0        -       0x00000200   Zero   RW         1641    HEAP                startup_stm32f303xe.o
    0x20007df0        -       0x00000400   Zero   RW         1640    STACK               startup_stm32f303xe.o


==============================================================================

Image component sizes


      Code (inc. data)   RO Data    RW Data    ZI Data      Debug   Object Name

       456         56          4          0      26628      11517   commandsystem.o
       428         52          0          0         64      12001   dcmotorsystem.o
       894         44          0          0         64      15689   lcdsystem.o
      2160        608        167          0         12      17198   main.o
       460         40          4          4        273      14789   rs232.o
        64         26        404          0       1536        844   startup_stm32f303xe.o
       192          0          0          0          0       6112   stm32f30x_gpio.o
        92          8          0          0          0       4810   stm32f30x_misc.o
       852         28          0         48          0      12576   stm32f30x_rcc.o
       712         44          0          0          0      30363   stm32f30x_tim.o
       348         16          0          0          0      13603   stm32f30x_usart.o
      1058          4          3          0          0      18933   stringclass.o
       248         20          0         20          0       4381   system_stm32f30x.o
       108         16          0          0         12       5757   systick.o
      1216        336          4          0       4484      12198   timercallback.o
       594         32          0          8          0      13546   utilities.o

    ----------------------------------------------------------------------
      9900       1334        621         80      33088     194317   Object Totals
         0          0         32          0          0          0   (incl. Generated)
        18          4          3          0         15          0   (incl. Padding)

    ----------------------------------------------------------------------

      Code (inc. data)   RO Data    RW Data    ZI Data      Debug   Library Member Name

        56          6          0          0          0         88   __2snprintf.o
         8          0          0          0          0         68   __main.o
       392          4         17          0          0         92   __printf_flags_ss_wp.o
        14          0          0          0          0         68   __printf_wp.o
         0          0          0          0          0          0   __rtentry.o
        12          0          0          0          0          0   __rtentry2.o
         6          0          0          0          0          0   __rtentry4.o
        52          8          0          0          0          0   __scatter.o
        26          0          0          0          0          0   __scatter_copy.o
        28          0          0          0          0          0   __scatter_zi.o
        48          6          0          0          0         96   _printf_char_common.o
         6          0          0          0          0          0   _printf_d.o
       120         16          0          0          0         92   _printf_dec.o
       178          0          0          0          0         88   _printf_intcommon.o
         0          0          0          0          0          0   _printf_percent.o
         4          0          0          0          0          0   _printf_percent_end.o
        16          0          0          0          0         68   _snputc.o
        10          0          0          0          0         68   _sputc.o
        18          0          0          0          0         80   exit.o
         6          0          0          0          0        152   heapauxi.o
         0          0          0          0          0          0   indicate_semi.o
        36         10          0          0          0         80   init_aeabi.o
         2          0          0          0          0          0   libinit.o
        10          0          0          0          0          0   libinit2.o
         2          0          0          0          0          0   libshutdown.o
         2          0          0          0          0          0   libshutdown2.o
         8          4          0          0         96         68   libspace.o
        78          0          0          0          0         80   rt_memclr_w.o
         2          0          0          0          0          0   rtexit.o
        10          0          0          0          0          0   rtexit2.o
        72          0          0          0          0         80   strcpy.o
        62          0          0          0          0         76   strlen.o
        12          4          0          0          0         68   sys_exit.o
        74          0          0          0          0         80   sys_stackheap_outer.o
         2          0          0          0          0         68   use_no_semi.o
       804         16          0          0          0        376   daddsub_clz.o
        94          4          0          0          0        140   dfix.o
        38          0          0          0          0        116   dflt_clz.o
       340         12          0          0          0        152   dmul.o
       156          4          0          0          0        140   dnaninf.o
        12          0          0          0          0        116   dretinf.o
        26          0          0          0          0        116   fpinit.o
         0          0          0          0          0          0   usenofp.o

    ----------------------------------------------------------------------
      2854         94         17          0         96       2716   Library Totals
        12          0          0          0          0          0   (incl. Padding)

    ----------------------------------------------------------------------

      Code (inc. data)   RO Data    RW Data    ZI Data      Debug   Library Name

      1372         58         17          0         96       1560   c_w.l
      1470         36          0          0          0       1156   fz_wm.l

    ----------------------------------------------------------------------
      2854         94         17          0         96       2716   Library Totals

    ----------------------------------------------------------------------

==============================================================================


      Code (inc. data)   RO Data    RW Data    ZI Data      Debug   

     12754       1428        638         80      33184     195329   Grand Totals
     12754       1428        638         80      33184     195329   ELF Image Totals
     12754       1428        638         80          0          0   ROM Totals

==============================================================================

    Total RO  Size (Code + RO Data)                13392 (  13.08kB)
    Total RW  Size (RW Data + ZI Data)             33264 (  32.48kB)
    Total ROM Size (Code + RO Data + RW Data)      13472 (  13.16kB)

==============================================================================

