Component: ARM Compiler 6.10.1 Tool: armlink [5d142800]

==============================================================================

Section Cross References

    systick.o(.text.SysTick_Handler) refers to systick.o(.bss..L_MergedGlobals) for [Anonymous Symbol]
    systick.o(.ARM.exidx.text.SysTick_Handler) refers to systick.o(.text.SysTick_Handler) for [Anonymous Symbol]
    systick.o(.text._Z11SysTickInitv) refers to stm32f30x_misc.o(.text.NVIC_Init) for NVIC_Init
    systick.o(.text._Z11SysTickInitv) refers to systick.o(.bss..L_MergedGlobals) for [Anonymous Symbol]
    systick.o(.ARM.exidx.text._Z11SysTickInitv) refers to Unwind-EHABI.cpp.o(.text.__aeabi_unwind_cpp_pr0) for __aeabi_unwind_cpp_pr0
    systick.o(.ARM.exidx.text._Z11SysTickInitv) refers to systick.o(.text._Z11SysTickInitv) for [Anonymous Symbol]
    systick.o(.text._Z17StartTimerCounterv) refers to systick.o(.bss..L_MergedGlobals) for [Anonymous Symbol]
    systick.o(.ARM.exidx.text._Z17StartTimerCounterv) refers to systick.o(.text._Z17StartTimerCounterv) for [Anonymous Symbol]
    systick.o(.text._Z15EndTimerCounterv) refers to systick.o(.bss..L_MergedGlobals) for [Anonymous Symbol]
    systick.o(.ARM.exidx.text._Z15EndTimerCounterv) refers to systick.o(.text._Z15EndTimerCounterv) for [Anonymous Symbol]
    systick.o(.text._Z15GetTimerCountMSv) refers to systick.o(.bss..L_MergedGlobals) for [Anonymous Symbol]
    systick.o(.ARM.exidx.text._Z15GetTimerCountMSv) refers to systick.o(.text._Z15GetTimerCountMSv) for [Anonymous Symbol]
    systick.o(.text._Z15GetTimerCountUSv) refers to systick.o(.bss..L_MergedGlobals) for [Anonymous Symbol]
    systick.o(.ARM.exidx.text._Z15GetTimerCountUSv) refers to systick.o(.text._Z15GetTimerCountUSv) for [Anonymous Symbol]
    systick.o(.text._Z14ZeroTimerCountv) refers to systick.o(.bss..L_MergedGlobals) for [Anonymous Symbol]
    systick.o(.ARM.exidx.text._Z14ZeroTimerCountv) refers to systick.o(.text._Z14ZeroTimerCountv) for [Anonymous Symbol]
    stm32f30x_adc.o(.text.ADC_DeInit) refers to stm32f30x_rcc.o(.text.RCC_AHBPeriphResetCmd) for RCC_AHBPeriphResetCmd
    stm32f30x_adc.o(.ARM.exidx.text.ADC_DeInit) refers to Unwind-EHABI.cpp.o(.text.__aeabi_unwind_cpp_pr0) for __aeabi_unwind_cpp_pr0
    stm32f30x_adc.o(.ARM.exidx.text.ADC_DeInit) refers to stm32f30x_adc.o(.text.ADC_DeInit) for [Anonymous Symbol]
    stm32f30x_adc.o(.ARM.exidx.text.ADC_Init) refers to stm32f30x_adc.o(.text.ADC_Init) for [Anonymous Symbol]
    stm32f30x_adc.o(.text.ADC_StructInit) refers to rt_memclr_w.o(.text) for __aeabi_memclr4
    stm32f30x_adc.o(.ARM.exidx.text.ADC_StructInit) refers to stm32f30x_adc.o(.text.ADC_StructInit) for [Anonymous Symbol]
    stm32f30x_adc.o(.ARM.exidx.text.ADC_InjectedInit) refers to stm32f30x_adc.o(.text.ADC_InjectedInit) for [Anonymous Symbol]
    stm32f30x_adc.o(.ARM.exidx.text.ADC_InjectedStructInit) refers to stm32f30x_adc.o(.text.ADC_InjectedStructInit) for [Anonymous Symbol]
    stm32f30x_adc.o(.ARM.exidx.text.ADC_CommonInit) refers to stm32f30x_adc.o(.text.ADC_CommonInit) for [Anonymous Symbol]
    stm32f30x_adc.o(.text.ADC_CommonStructInit) refers to rt_memclr_w.o(.text) for __aeabi_memclr4
    stm32f30x_adc.o(.ARM.exidx.text.ADC_CommonStructInit) refers to stm32f30x_adc.o(.text.ADC_CommonStructInit) for [Anonymous Symbol]
    stm32f30x_adc.o(.ARM.exidx.text.ADC_Cmd) refers to stm32f30x_adc.o(.text.ADC_Cmd) for [Anonymous Symbol]
    stm32f30x_adc.o(.ARM.exidx.text.ADC_StartCalibration) refers to stm32f30x_adc.o(.text.ADC_StartCalibration) for [Anonymous Symbol]
    stm32f30x_adc.o(.ARM.exidx.text.ADC_GetCalibrationValue) refers to stm32f30x_adc.o(.text.ADC_GetCalibrationValue) for [Anonymous Symbol]
    stm32f30x_adc.o(.ARM.exidx.text.ADC_SetCalibrationValue) refers to stm32f30x_adc.o(.text.ADC_SetCalibrationValue) for [Anonymous Symbol]
    stm32f30x_adc.o(.ARM.exidx.text.ADC_SelectCalibrationMode) refers to stm32f30x_adc.o(.text.ADC_SelectCalibrationMode) for [Anonymous Symbol]
    stm32f30x_adc.o(.ARM.exidx.text.ADC_GetCalibrationStatus) refers to stm32f30x_adc.o(.text.ADC_GetCalibrationStatus) for [Anonymous Symbol]
    stm32f30x_adc.o(.ARM.exidx.text.ADC_DisableCmd) refers to stm32f30x_adc.o(.text.ADC_DisableCmd) for [Anonymous Symbol]
    stm32f30x_adc.o(.ARM.exidx.text.ADC_GetDisableCmdStatus) refers to stm32f30x_adc.o(.text.ADC_GetDisableCmdStatus) for [Anonymous Symbol]
    stm32f30x_adc.o(.ARM.exidx.text.ADC_VoltageRegulatorCmd) refers to stm32f30x_adc.o(.text.ADC_VoltageRegulatorCmd) for [Anonymous Symbol]
    stm32f30x_adc.o(.ARM.exidx.text.ADC_SelectDifferentialMode) refers to stm32f30x_adc.o(.text.ADC_SelectDifferentialMode) for [Anonymous Symbol]
    stm32f30x_adc.o(.ARM.exidx.text.ADC_SelectQueueOfContextMode) refers to stm32f30x_adc.o(.text.ADC_SelectQueueOfContextMode) for [Anonymous Symbol]
    stm32f30x_adc.o(.ARM.exidx.text.ADC_AutoDelayCmd) refers to stm32f30x_adc.o(.text.ADC_AutoDelayCmd) for [Anonymous Symbol]
[...]
    __arm_cp.1_1                             0x08002930   Number         4  lcdsystem.o(.text._ZL16LCD_Send_HNibblet)
    [Anonymous Symbol]                       0x08002934   Section        0  main.o(.text._ZL18__NVIC_SystemResetv)
    _ZL18__NVIC_SystemResetv                 0x08002935   Thumb Code    36  main.o(.text._ZL18__NVIC_SystemResetv)
    __arm_cp.5_0                             0x08002950   Number         4  main.o(.text._ZL18__NVIC_SystemResetv)
    __arm_cp.5_1                             0x08002954   Number         4  main.o(.text._ZL18__NVIC_SystemResetv)
    [Anonymous Symbol]                       0x08002958   Section        0  lcdsystem.o(.text._ZL8LCD_Sendt13LCD_SEND_TYPE)
    _ZL8LCD_Sendt13LCD_SEND_TYPE             0x08002959   Thumb Code   256  lcdsystem.o(.text._ZL8LCD_Sendt13LCD_SEND_TYPE)
    __arm_cp.2_0                             0x08002a48   Number         4  lcdsystem.o(.text._ZL8LCD_Sendt13LCD_SEND_TYPE)
    __arm_cp.2_1                             0x08002a4c   Number         4  lcdsystem.o(.text._ZL8LCD_Sendt13LCD_SEND_TYPE)
    __arm_cp.2_2                             0x08002a50   Number         4  lcdsystem.o(.text._ZL8LCD_Sendt13LCD_SEND_TYPE)
    __arm_cp.2_3                             0x08002a54   Number         4  lcdsystem.o(.text._ZL8LCD_Sendt13LCD_SEND_TYPE)
    [Anonymous Symbol]                       0x08002a58   Section        0  stringclass.o(.text._ZN7TString14GetIntFromWordEj)
    [Anonymous Symbol]                       0x08002ace   Section        0  stringclass.o(.text._ZN7TString15DoesWordEqualToEjPKc)
    [Anonymous Symbol]                       0x08002b64   Section        0  stringclass.o(.text._ZN7TString15DoesWordEqualToEjRS_)
    [Anonymous Symbol]                       0x08002bf8   Section        0  stringclass.o(.text._ZN7TString16RemoveFirstWordsEj)
    [Anonymous Symbol]                       0x08002c60   Section        0  stringclass.o(.text._ZN7TString5ClearEv)
    [Anonymous Symbol]                       0x08002c76   Section        0  stringclass.o(.text._ZN7TString9GetLengthEv)
    [Anonymous Symbol]                       0x08002c7a   Section        0  stringclass.o(.text._ZN7TStringC2EPKc)
    [Anonymous Symbol]                       0x08002ca8   Section        0  stringclass.o(.text._ZN7TStringC2Ev)
    [Anonymous Symbol]                       0x08002cbe   Section        0  stringclass.o(.text._ZN7TStringaSEPKc)
    [Anonymous Symbol]                       0x08002cea   Section        0  stringclass.o(.text._ZN7TStringaSERKS_)
    [Anonymous Symbol]                       0x08002d1c   Section        0  stringclass.o(.text._ZN7TStringixEj)
    [Anonymous Symbol]                       0x08002d22   Section        0  stringclass.o(.text._ZN7TStringpLERKS_)
    [Anonymous Symbol]                       0x08002d4e   Section        0  stringclass.o(.text._ZN7TStringpLERKc)
    [Anonymous Symbol]                       0x08002d64   Section        0  stringclass.o(.text._ZN7TStringpLERKi)
    [Anonymous Symbol]                       0x08002d98   Section        0  stringclass.o(.text._ZN7TStringpLERKj)
    __arm_cp.20_0                            0x08002dcc   Number         4  stringclass.o(.text._ZN7TStringpLERKj)
    [Anonymous Symbol]                       0x08002dd0   Section        0  stringclass.o(.text._ZNK7TStringeqEPKc)
    [Anonymous Symbol]                       0x08002dfc   Section        0  stringclass.o(.text._ZNK7TStringeqERS_)
    [Anonymous Symbol]                       0x08002e2c   Section        0  main.o(.text.main)
    __arm_cp.24_0                            0x080031ac   Number         4  main.o(.text.main)
    __arm_cp.24_1                            0x080031b0   Number         4  main.o(.text.main)
    __arm_cp.24_3                            0x080031c4   Number         4  main.o(.text.main)
    __arm_cp.24_4                            0x080031c8   Number         4  main.o(.text.main)
    __arm_cp.24_5                            0x080031cc   Number         4  main.o(.text.main)
    __arm_cp.24_7                            0x080031d4   Number         4  main.o(.text.main)
    __arm_cp.24_9                            0x080031e0   Number         4  main.o(.text.main)
    __arm_cp.24_11                           0x080031ec   Number         4  main.o(.text.main)
    __arm_cp.24_12                           0x080031f0   Number         4  main.o(.text.main)
    __arm_cp.24_13                           0x080031f4   Number         4  main.o(.text.main)
    __arm_cp.24_15                           0x080031fc   Number         4  main.o(.text.main)
    __arm_cp.24_17                           0x08003208   Number         4  main.o(.text.main)
    __arm_cp.24_19                           0x08003214   Number         4  main.o(.text.main)
    __arm_cp.24_21                           0x08003220   Number         4  main.o(.text.main)
    __arm_cp.24_23                           0x0800322c   Number         4  main.o(.text.main)
    __arm_cp.24_25                           0x08003238   Number         4  main.o(.text.main)
    __arm_cp.24_27                           0x08003248   Number         4  main.o(.text.main)
    __arm_cp.24_32                           0x0800327c   Number         4  main.o(.text.main)
    __arm_cp.24_33                           0x08003280   Number         4  main.o(.text.main)
    __arm_cp.24_34                           0x08003284   Number         4  main.o(.text.main)
    __arm_cp.24_36                           0x08003290   Number         4  main.o(.text.main)
    __arm_cp.24_37                           0x08003294   Number         4  main.o(.text.main)
    __arm_cp.24_38                           0x08003298   Number         4  main.o(.text.main)
    i._is_digit                              0x080032d0   Section        0  __printf_wp.o(i._is_digit)
    x$fpl$dadd                               0x080032e0   Section      336  daddsub_clz.o(x$fpl$dadd)
    $v0                                      0x080032e0   Number         0  daddsub_clz.o(x$fpl$dadd)
    _dadd1                                   0x080032f1   Thumb Code     0  daddsub_clz.o(x$fpl$dadd)
    x$fpl$dfix                               0x08003430   Section       94  dfix.o(x$fpl$dfix)
    $v0                                      0x08003430   Number         0  dfix.o(x$fpl$dfix)
    x$fpl$dflt                               0x0800348e   Section       46  dflt_clz.o(x$fpl$dflt)
    $v0                                      0x0800348e   Number         0  dflt_clz.o(x$fpl$dflt)
    x$fpl$dfltu                              0x080034bc   Section       38  dflt_clz.o(x$fpl$dfltu)
    $v0                                      0x080034bc   Number         0  dflt_clz.o(x$fpl$dfltu)
    x$fpl$dmul                               0x080034e4   Section      340  dmul.o(x$fpl$dmul)
    $v0                                      0x080034e4   Number         0  dmul.o(x$fpl$dmul)
    x$fpl$dnaninf                            0x08003638   Section      156  dnaninf.o(x$fpl$dnaninf)
    $v0                                      0x08003638   Number         0  dnaninf.o(x$fpl$dnaninf)
    x$fpl$dretinf                            0x080036d4   Section       12  dretinf.o(x$fpl$dretinf)
    $v0                                      0x080036d4   Number         0  dretinf.o(x$fpl$dretinf)
    x$fpl$dsub                               0x080036e0   Section      468  daddsub_clz.o(x$fpl$dsub)
    $v0                                      0x080036e0   Number         0  daddsub_clz.o(x$fpl$dsub)
    _dsub1                                   0x080036f1   Thumb Code     0  daddsub_clz.o(x$fpl$dsub)
    x$fpl$fpinit                             0x080038b4   Section       26  fpinit.o(x$fpl$fpinit)
    $v0                                      0x080038b4   Number         0  fpinit.o(x$fpl$fpinit)
    .constdata                               0x080038ce   Section       17  __printf_flags_ss_wp.o(.constdata)
    x$fpl$usenofp                            0x080038ce   Section        0  usenofp.o(x$fpl$usenofp)
    maptable                                 0x080038ce   Data          17  __printf_flags_ss_wp.o(.constdata)
    [Anonymous Symbol]                       0x080038df   Section        0  main.o(.rodata.str1.1)
    .L.str.53                                0x080038df   Data           4  main.o(.rodata.str1.1)
    .L.str.54                                0x080038e3   Data           4  main.o(.rodata.str1.1)
    .L.str.3                                 0x080038e7   Data          29  main.o(.rodata.str1.1)
    .L.str.9                                 0x08003904   Data          31  main.o(.rodata.str1.1)
    .L.str.5                                 0x08003923   Data          30  main.o(.rodata.str1.1)
    .L.str.1                                 0x08003941   Data          31  main.o(.rodata.str1.1)
    .L.str.7                                 0x08003960   Data          32  main.o(.rodata.str1.1)
    .L.str.2                                 0x08003980   Data           4  main.o(.rodata.str1.1)
    .L.str.19                                0x08003984   Data           7  main.o(.rodata.str1.1)
    .L.str.14                                0x0800398b   Data           4  main.o(.rodata.str1.1)
    [Anonymous Symbol]                       0x0800398f   Section        0  stringclass.o(.rodata.str1.1)
    .L.str                                   0x0800398f   Data           3  stringclass.o(.rodata.str1.1)
    .init_array                              0x080039c4   Section        0  init_aeabi.o(.init_array)
    [Anonymous Symbol]                       0x20000000   Section        0  stm32f30x_rcc.o(.data..L_MergedGlobals)
    _ZL16APBAHBPrescTable                    0x20000000   Data          16  stm32f30x_rcc.o(.data..L_MergedGlobals)
    _ZL13ADCPrescTable                       0x20000010   Data          32  stm32f30x_rcc.o(.data..L_MergedGlobals)
    [Anonymous Symbol]                       0x20000030   Section        0  system_stm32f30x.o(.data..L_MergedGlobals)
    [Anonymous Symbol]                       0x20000050   Section        0  steppermotor.o(.data..L_MergedGlobals)
    [Anonymous Symbol]                       0x20000070   Section        0  main.o(.data..L_MergedGlobals)
    .bss                                     0x200000c0   Section       96  libspace.o(.bss)
    [Anonymous Symbol]                       0x20000120   Section        0  systick.o(.bss..L_MergedGlobals)
    [Anonymous Symbol]                       0x20000140   Section        0  dcmotorsystem.o(.bss..L_MergedGlobals)
    _ZL13pb_InitStruct                       0x20000140   Data           8  dcmotorsystem.o(.bss..L_MergedGlobals)
    _ZL13pa_InitStruct                       0x20000148   Data           8  dcmotorsystem.o(.bss..L_MergedGlobals)
    _ZL15tim1_initStruct                     0x20000150   Data          12  dcmotorsystem.o(.bss..L_MergedGlobals)
    _ZL15bdtr_initStruct                     0x2000015c   Data          14  dcmotorsystem.o(.bss..L_MergedGlobals)
    _ZL11t1oc_config                         0x2000016c   Data          20  dcmotorsystem.o(.bss..L_MergedGlobals)
    [Anonymous Symbol]                       0x20000180   Section        0  lcdsystem.o(.bss..L_MergedGlobals)
    _ZL13pa_InitStruct                       0x20000180   Data           8  lcdsystem.o(.bss..L_MergedGlobals)
    _ZL13pb_InitStruct                       0x20000188   Data           8  lcdsystem.o(.bss..L_MergedGlobals)
    _ZL15tim1_initStruct                     0x20000190   Data          12  lcdsystem.o(.bss..L_MergedGlobals)
    _ZL15bdtr_initStruct                     0x2000019c   Data          14  lcdsystem.o(.bss..L_MergedGlobals)
    _ZL11t1oc_config                         0x200001ac   Data          20  lcdsystem.o(.bss..L_MergedGlobals)
    [Anonymous Symbol]                       0x200001c0   Section        0  servosystem.o(.bss..L_MergedGlobals)
    _ZL15nvic_initStruct                     0x200001c0   Data           4  servosystem.o(.bss..L_MergedGlobals)
    _ZL13pb_InitStruct                       0x200001c4   Data           8  servosystem.o(.bss..L_MergedGlobals)
    _ZL15tim2_initStruct                     0x200001cc   Data          12  servosystem.o(.bss..L_MergedGlobals)
    _ZL11t2oc_config                         0x200001d8   Data          20  servosystem.o(.bss..L_MergedGlobals)
    [Anonymous Symbol]                       0x200001f0   Section        0  steppermotor.o(.bss..L_MergedGlobals.1)
    _ZL8step_typ                             0x200001f0   Data           1  steppermotor.o(.bss..L_MergedGlobals.1)
    _ZL3pos                                  0x200001f1   Data           1  steppermotor.o(.bss..L_MergedGlobals.1)
    _ZL15nvic_initStruct                     0x200001f2   Data           4  steppermotor.o(.bss..L_MergedGlobals.1)
    _ZL8step_cnt                             0x200001f8   Data           4  steppermotor.o(.bss..L_MergedGlobals.1)
    _ZL9step_flag                            0x200001fc   Data           4  steppermotor.o(.bss..L_MergedGlobals.1)
    _ZL13pc_InitStruct                       0x20000200   Data           8  steppermotor.o(.bss..L_MergedGlobals.1)
    _ZL16tim16_initStruct                    0x20000208   Data          12  steppermotor.o(.bss..L_MergedGlobals.1)
    [Anonymous Symbol]                       0x20007924   Section        0  servosystem.o(.bss._ZL10_servo_deg)
    _ZL10_servo_deg                          0x20007924   Data           4  servosystem.o(.bss._ZL10_servo_deg)
    HEAP                                     0x20007cd0   Section      512  startup_stm32f303xe.o(HEAP)
    Heap_Mem                                 0x20007cd0   Data         512  startup_stm32f303xe.o(HEAP)
    STACK                                    0x20007ed0   Section     1024  startup_stm32f303xe.o(STACK)
    Stack_Mem                                0x20007ed0   Data        1024  startup_stm32f303xe.o(STACK)
    __initial_sp                             0x200082d0   Data           0  startup_stm32f303xe.o(STACK)

    Global Symbols

    Symbol Name                              Value     Ov Type        Size  Object(Section)

    BuildAttributes$$THM_ISAv4$E$P$D$K$B$S$7EM$VFPi3$EXTD16$VFPS$VFMA$PE$A:L22UL41UL21$X:L11$S22US41US21$IEEE1$IW$~IW$USESV6$~STKCKD$USESV7$~SHL$OTIME$ROPI$IEEEJ$EBA8$UX$STANDARDLIB$REQ8$EABIv2 0x00000000   Number         0  anon$$obj.o ABSOLUTE
    _printf_flags                            0x00000000   Number         0  printf_stubs.o ABSOLUTE
    _printf_return_value                     0x00000000   Number         0  printf_stubs.o ABSOLUTE
    _printf_sizespec                         0x00000000   Number         0  printf_stubs.o ABSOLUTE
    _printf_widthprec                        0x00000000   Number         0  printf_stubs.o ABSOLUTE
    SHT$$ARM_EXIDX$$Base                      - Undefined Reference
    SHT$$ARM_EXIDX$$Limit                     - Undefined Reference
    __ARM_exceptions_init                     - Undefined Weak Reference
    __alloca_initialize                       - Undefined Weak Reference
    __arm_preinit_                            - Undefined Weak Reference
    __cxa_finalize                            - Undefined Weak Reference
    __sigvec_lookup                           - Undefined Weak Reference
    __user_heap_extent                        - Undefined Weak Reference
    _atexit_init                              - Undefined Weak Reference
    _call_atexit_fns                          - Undefined Weak Reference
    _clock_init                               - Undefined Weak Reference
    _fp_trap_init                             - Undefined Weak Reference
    _fp_trap_shutdown                         - Undefined Weak Reference
    _get_lc_collate                           - Undefined Weak Reference
    _get_lc_monetary                          - Undefined Weak Reference
    _get_lc_time                              - Undefined Weak Reference
    _getenv_init                              - Undefined Weak Reference
    _handle_redirection                       - Undefined Weak Reference
    _initio                                   - Undefined Weak Reference
    _mutex_acquire                            - Undefined Weak Reference
    _mutex_free                               - Undefined Weak Reference
    _mutex_release                            - Undefined Weak Reference
    _printf_mbtowc                            - Undefined Weak Reference
    _printf_wc                                - Undefined Weak Reference
    _rand_init                                - Undefined Weak Reference
    _signal_finish                            - Undefined Weak Reference
    _signal_init                              - Undefined Weak Reference
    _terminateio                              - Undefined Weak Reference
    __Vectors_Size                           0x00000194   Number         0  startup_stm32f303xe.o ABSOLUTE
    __Vectors                                0x08000000   Data           4  startup_stm32f303xe.o(RESET)
    __Vectors_End                            0x08000194   Data           0  startup_stm32f303xe.o(RESET)
    __main                                   0x08000195   Thumb Code     8  __main.o(!!!main)
    __scatterload                            0x0800019d   Thumb Code     0  __scatter.o(!!!scatter)
    __scatterload_rt2                        0x0800019d   Thumb Code    44  __scatter.o(!!!scatter)
    __scatterload_rt2_thumb_only             0x0800019d   Thumb Code     0  __scatter.o(!!!scatter)
    __scatterload_null                       0x080001ab   Thumb Code     0  __scatter.o(!!!scatter)
    __scatterload_copy                       0x080001d1   Thumb Code    26  __scatter_copy.o(!!handler_copy)
    __scatterload_zeroinit                   0x080001ed   Thumb Code    28  __scatter_zi.o(!!handler_zi)
    _printf_d                                0x08000209   Thumb Code     0  _printf_d.o(.ARM.Collect$$_printf_percent$$00000009)
    _printf_percent                          0x08000209   Thumb Code     0  _printf_percent.o(.ARM.Collect$$_printf_percent$$00000000)
    _printf_percent_end                      0x0800020f   Thumb Code     0  _printf_percent_end.o(.ARM.Collect$$_printf_percent$$00000017)
    __rt_lib_init                            0x08000213   Thumb Code     0  libinit.o(.ARM.Collect$$libinit$$00000000)
    __rt_lib_init_fp_1                       0x08000215   Thumb Code     0  libinit2.o(.ARM.Collect$$libinit$$00000001)
    __rt_lib_init_alloca_1                   0x08000219   Thumb Code     0  libinit2.o(.ARM.Collect$$libinit$$0000002E)
    __rt_lib_init_argv_1                     0x08000219   Thumb Code     0  libinit2.o(.ARM.Collect$$libinit$$0000002C)
    __rt_lib_init_atexit_1                   0x08000219   Thumb Code     0  libinit2.o(.ARM.Collect$$libinit$$0000001B)
    __rt_lib_init_clock_1                    0x08000219   Thumb Code     0  libinit2.o(.ARM.Collect$$libinit$$00000021)
    __rt_lib_init_cpp_2                      0x08000219   Thumb Code     0  libinit2.o(.ARM.Collect$$libinit$$00000031)
    __rt_lib_init_exceptions_1               0x08000219   Thumb Code     0  libinit2.o(.ARM.Collect$$libinit$$00000030)
    __rt_lib_init_fp_trap_1                  0x08000219   Thumb Code     0  libinit2.o(.ARM.Collect$$libinit$$0000001F)
    __rt_lib_init_getenv_1                   0x08000219   Thumb Code     0  libinit2.o(.ARM.Collect$$libinit$$00000023)
    __rt_lib_init_heap_1                     0x08000219   Thumb Code     0  libinit2.o(.ARM.Collect$$libinit$$0000000A)
    __rt_lib_init_lc_collate_1               0x08000219   Thumb Code     0  libinit2.o(.ARM.Collect$$libinit$$00000011)
    __rt_lib_init_lc_ctype_1                 0x08000219   Thumb Code     0  libinit2.o(.ARM.Collect$$libinit$$00000013)
    __rt_lib_init_lc_monetary_1              0x08000219   Thumb Code     0  libinit2.o(.ARM.Collect$$libinit$$00000015)
    __rt_lib_init_lc_numeric_1               0x08000219   Thumb Code     0  libinit2.o(.ARM.Collect$$libinit$$00000017)
    __rt_lib_init_lc_time_1                  0x08000219   Thumb Code     0  libinit2.o(.ARM.Collect$$libinit$$00000019)
    __rt_lib_init_preinit_1                  0x08000219   Thumb Code     0  libinit2.o(.ARM.Collect$$libinit$$00000004)
    __rt_lib_init_rand_1                     0x08000219   Thumb Code     0  libinit2.o(.ARM.Collect$$libinit$$0000000E)
    __rt_lib_init_signal_1                   0x08000219   Thumb Code     0  libinit2.o(.ARM.Collect$$libinit$$0000001D)
    __rt_lib_init_stdio_1                    0x08000219   Thumb Code     0  libinit2.o(.ARM.Collect$$libinit$$00000025)
    __rt_lib_init_user_alloc_1               0x08000219   Thumb Code     0  libinit2.o(.ARM.Collect$$libinit$$0000000C)
    __rt_lib_init_cpp_1                      0x0800021d   Thumb Code     0  libinit2.o(.ARM.Collect$$libinit$$00000032)
    __rt_lib_init_return                     0x0800021d   Thumb Code     0  libinit2.o(.ARM.Collect$$libinit$$00000033)
    __rt_lib_shutdown                        0x0800021f   Thumb Code     0  libshutdown.o(.ARM.Collect$$libshutdown$$00000000)
    __rt_lib_shutdown_cpp_1                  0x08000221   Thumb Code     0  libshutdown2.o(.ARM.Collect$$libshutdown$$00000002)
    __rt_lib_shutdown_fp_trap_1              0x08000221   Thumb Code     0  libshutdown2.o(.ARM.Collect$$libshutdown$$00000007)
    __rt_lib_shutdown_heap_1                 0x08000221   Thumb Code     0  libshutdown2.o(.ARM.Collect$$libshutdown$$0000000F)
    __rt_lib_shutdown_return                 0x08000221   Thumb Code     0  libshutdown2.o(.ARM.Collect$$libshutdown$$00000010)
    __rt_lib_shutdown_signal_1               0x08000221   Thumb Code     0  libshutdown2.o(.ARM.Collect$$libshutdown$$0000000A)
    __rt_lib_shutdown_stdio_1                0x08000221   Thumb Code     0  libshutdown2.o(.ARM.Collect$$libshutdown$$00000004)
    __rt_lib_shutdown_user_alloc_1           0x08000221   Thumb Code     0  libshutdown2.o(.ARM.Collect$$libshutdown$$0000000C)
    __rt_entry                               0x08000223   Thumb Code     0  __rtentry.o(.ARM.Collect$$rtentry$$00000000)
    __rt_entry_presh_1                       0x08000223   Thumb Code     0  __rtentry2.o(.ARM.Collect$$rtentry$$00000002)
    __rt_entry_sh                            0x08000223   Thumb Code     0  __rtentry4.o(.ARM.Collect$$rtentry$$00000004)
    __rt_entry_li                            0x08000229   Thumb Code     0  __rtentry2.o(.ARM.Collect$$rtentry$$0000000A)
    __rt_entry_postsh_1                      0x08000229   Thumb Code     0  __rtentry2.o(.ARM.Collect$$rtentry$$00000009)
    __rt_entry_main                          0x0800022d   Thumb Code     0  __rtentry2.o(.ARM.Collect$$rtentry$$0000000D)
    __rt_entry_postli_1                      0x0800022d   Thumb Code     0  __rtentry2.o(.ARM.Collect$$rtentry$$0000000C)
    __rt_exit                                0x08000235   Thumb Code     0  rtexit.o(.ARM.Collect$$rtexit$$00000000)
    __rt_exit_ls                             0x08000237   Thumb Code     0  rtexit2.o(.ARM.Collect$$rtexit$$00000003)
    __rt_exit_prels_1                        0x08000237   Thumb Code     0  rtexit2.o(.ARM.Collect$$rtexit$$00000002)
    __rt_exit_exit                           0x0800023b   Thumb Code     0  rtexit2.o(.ARM.Collect$$rtexit$$00000004)
    Reset_Handler                            0x08000241   Thumb Code     8  startup_stm32f303xe.o(.text)
    NMI_Handler                              0x08000249   Thumb Code     2  startup_stm32f303xe.o(.text)
    ADC1_2_IRQHandler                        0x0800025b   Thumb Code     0  startup_stm32f303xe.o(.text)
    ADC3_IRQHandler                          0x0800025b   Thumb Code     0  startup_stm32f303xe.o(.text)
    ADC4_IRQHandler                          0x0800025b   Thumb Code     0  startup_stm32f303xe.o(.text)
    CAN1_RX1_IRQHandler                      0x0800025b   Thumb Code     0  startup_stm32f303xe.o(.text)
    CAN1_SCE_IRQHandler                      0x0800025b   Thumb Code     0  startup_stm32f303xe.o(.text)
    COMP1_2_3_IRQHandler                     0x0800025b   Thumb Code     0  startup_stm32f303xe.o(.text)
    COMP4_5_6_IRQHandler                     0x0800025b   Thumb Code     0  startup_stm32f303xe.o(.text)
    COMP7_IRQHandler                         0x0800025b   Thumb Code     0  startup_stm32f303xe.o(.text)
    DMA1_Channel1_IRQHandler                 0x0800025b   Thumb Code     0  startup_stm32f303xe.o(.text)
    DMA1_Channel2_IRQHandler                 0x0800025b   Thumb Code     0  startup_stm32f303xe.o(.text)
    DMA1_Channel3_IRQHandler                 0x0800025b   Thumb Code     0  startup_stm32f303xe.o(.text)
    DMA1_Channel4_IRQHandler                 0x0800025b   Thumb Code     0  startup_stm32f303xe.o(.text)
    DMA1_Channel5_IRQHandler                 0x0800025b   Thumb Code     0  startup_stm32f303xe.o(.text)
    DMA1_Channel6_IRQHandler                 0x0800025b   Thumb Code     0  startup_stm32f303xe.o(.text)
    DMA1_Channel7_IRQHandler                 0x0800025b   Thumb Code     0  startup_stm32f303xe.o(.text)
    DMA2_Channel1_IRQHandler                 0x0800025b   Thumb Code     0  startup_stm32f303xe.o(.text)
    DMA2_Channel2_IRQHandler                 0x0800025b   Thumb Code     0  startup_stm32f303xe.o(.text)
    DMA2_Channel3_IRQHandler                 0x0800025b   Thumb Code     0  startup_stm32f303xe.o(.text)
    DMA2_Channel4_IRQHandler                 0x0800025b   Thumb Code     0  startup_stm32f303xe.o(.text)
    DMA2_Channel5_IRQHandler                 0x0800025b   Thumb Code     0  startup_stm32f303xe.o(.text)
    EXTI0_IRQHandler                         0x0800025b   Thumb Code     0  startup_stm32f303xe.o(.text)
    EXTI15_10_IRQHandler                     0x0800025b   Thumb Code     0  startup_stm32f303xe.o(.text)
    EXTI1_IRQHandler                         0x0800025b   Thumb Code     0  startup_stm32f303xe.o(.text)
    EXTI2_TS_IRQHandler                      0x0800025b   Thumb Code     0  startup_stm32f303xe.o(.text)
    EXTI3_IRQHandler                         0x0800025b   Thumb Code     0  startup_stm32f303xe.o(.text)
    EXTI4_IRQHandler                         0x0800025b   Thumb Code     0  startup_stm32f303xe.o(.text)
    EXTI9_5_IRQHandler                       0x0800025b   Thumb Code     0  startup_stm32f303xe.o(.text)
    FLASH_IRQHandler                         0x0800025b   Thumb Code     0  startup_stm32f303xe.o(.text)
    FMC_IRQHandler                           0x0800025b   Thumb Code     0  startup_stm32f303xe.o(.text)
    FPU_IRQHandler                           0x0800025b   Thumb Code     0  startup_stm32f303xe.o(.text)
    I2C1_ER_IRQHandler                       0x0800025b   Thumb Code     0  startup_stm32f303xe.o(.text)
    I2C1_EV_IRQHandler                       0x0800025b   Thumb Code     0  startup_stm32f303xe.o(.text)
    I2C2_ER_IRQHandler                       0x0800025b   Thumb Code     0  startup_stm32f303xe.o(.text)
    I2C2_EV_IRQHandler                       0x0800025b   Thumb Code     0  startup_stm32f303xe.o(.text)
    I2C3_ER_IRQHandler                       0x0800025b   Thumb Code     0  startup_stm32f303xe.o(.text)
    I2C3_EV_IRQHandler                       0x0800025b   Thumb Code     0  startup_stm32f303xe.o(.text)
    PVD_IRQHandler                           0x0800025b   Thumb Code     0  startup_stm32f303xe.o(.text)
    RCC_IRQHandler                           0x0800025b   Thumb Code     0  startup_stm32f303xe.o(.text)
    RTC_Alarm_IRQHandler                     0x0800025b   Thumb Code     0  startup_stm32f303xe.o(.text)
    RTC_WKUP_IRQHandler                      0x0800025b   Thumb Code     0  startup_stm32f303xe.o(.text)
    SPI1_IRQHandler                          0x0800025b   Thumb Code     0  startup_stm32f303xe.o(.text)
    SPI2_IRQHandler                          0x0800025b   Thumb Code     0  startup_stm32f303xe.o(.text)
    SPI3_IRQHandler                          0x0800025b   Thumb Code     0  startup_stm32f303xe.o(.text)
    TAMPER_STAMP_IRQHandler                  0x0800025b   Thumb Code     0  startup_stm32f303xe.o(.text)
    TIM1_BRK_TIM15_IRQHandler                0x0800025b   Thumb Code     0  startup_stm32f303xe.o(.text)
    TIM1_TRG_COM_TIM17_IRQHandler            0x0800025b   Thumb Code     0  startup_stm32f303xe.o(.text)
    TIM1_UP_TIM16_IRQHandler                 0x0800025b   Thumb Code     0  startup_stm32f303xe.o(.text)
    TIM20_BRK_IRQHandler                     0x0800025b   Thumb Code     0  startup_stm32f303xe.o(.text)
    TIM20_TRG_COM_IRQHandler                 0x0800025b   Thumb Code     0  startup_stm32f303xe.o(.text)
    TIM20_UP_IRQHandler                      0x0800025b   Thumb Code     0  startup_stm32f303xe.o(.text)
    TIM6_DAC_IRQHandler                      0x0800025b   Thumb Code     0  startup_stm32f303xe.o(.text)
    TIM8_BRK_IRQHandler                      0x0800025b   Thumb Code     0  startup_stm32f303xe.o(.text)
    TIM8_TRG_COM_IRQHandler                  0x0800025b   Thumb Code     0  startup_stm32f303xe.o(.text)
    TIM8_UP_IRQHandler                       0x0800025b   Thumb Code     0  startup_stm32f303xe.o(.text)
    UART4_IRQHandler                         0x0800025b   Thumb Code     0  startup_stm32f303xe.o(.text)
    UART5_IRQHandler                         0x0800025b   Thumb Code     0  startup_stm32f303xe.o(.text)
    USART2_IRQHandler                        0x0800025b   Thumb Code     0  startup_stm32f303xe.o(.text)
    USART3_IRQHandler                        0x0800025b   Thumb Code     0  startup_stm32f303xe.o(.text)
    USBWakeUp_IRQHandler                     0x0800025b   Thumb Code     0  startup_stm32f303xe.o(.text)
    USBWakeUp_RMP_IRQHandler                 0x0800025b   Thumb Code     0  startup_stm32f303xe.o(.text)
    USB_HP_CAN1_TX_IRQHandler                0x0800025b   Thumb Code     0  startup_stm32f303xe.o(.text)
    USB_HP_IRQHandler                        0x0800025b   Thumb Code     0  startup_stm32f303xe.o(.text)
    USB_LP_CAN1_RX0_IRQHandler               0x0800025b   Thumb Code     0  startup_stm32f303xe.o(.text)
    USB_LP_IRQHandler                        0x0800025b   Thumb Code     0  startup_stm32f303xe.o(.text)
    WWDG_IRQHandler                          0x0800025b   Thumb Code     0  startup_stm32f303xe.o(.text)
    __user_initial_stackheap                 0x0800025d   Thumb Code     0  startup_stm32f303xe.o(.text)
    __2snprintf                              0x08000281   Thumb Code    50  __2snprintf.o(.text)
    _printf_int_dec                          0x080002b9   Thumb Code   104  _printf_dec.o(.text)
    __printf                                 0x08000331   Thumb Code   388  __printf_flags_ss_wp.o(.text)
    strcpy                                   0x080004b9   Thumb Code    72  strcpy.o(.text)
    strlen                                   0x08000501   Thumb Code    62  strlen.o(.text)
    __aeabi_memclr4                          0x0800053f   Thumb Code     0  rt_memclr_w.o(.text)
    __aeabi_memclr8                          0x0800053f   Thumb Code     0  rt_memclr_w.o(.text)
    __rt_memclr_w                            0x0800053f   Thumb Code    78  rt_memclr_w.o(.text)
    _memset_w                                0x08000543   Thumb Code     0  rt_memclr_w.o(.text)
    __use_two_region_memory                  0x0800058d   Thumb Code     2  heapauxi.o(.text)
    __rt_heap_escrow                         0x0800058f   Thumb Code     2  heapauxi.o(.text)
    __rt_heap_expand                         0x08000591   Thumb Code     2  heapauxi.o(.text)
    __cpp_initialize__aeabi_                 0x08000595   Thumb Code    26  init_aeabi.o(.text)
    _printf_int_common                       0x080005b9   Thumb Code   178  _printf_intcommon.o(.text)
    _printf_char_common                      0x08000677   Thumb Code    32  _printf_char_common.o(.text)
    _sputc                                   0x0800069d   Thumb Code    10  _sputc.o(.text)
    _snputc                                  0x080006a7   Thumb Code    16  _snputc.o(.text)
    _sys_exit                                0x080006b9   Thumb Code     8  sys_exit.o(.text)
    __user_libspace                          0x080006c5   Thumb Code     8  libspace.o(.text)
    __user_perproc_libspace                  0x080006c5   Thumb Code     0  libspace.o(.text)
    __user_perthread_libspace                0x080006c5   Thumb Code     0  libspace.o(.text)
    __I$use$semihosting                      0x080006cd   Thumb Code     0  use_no_semi.o(.text)
    __use_no_semihosting_swi                 0x080006cd   Thumb Code     2  use_no_semi.o(.text)
    __semihosting_library_function           0x080006cf   Thumb Code     0  indicate_semi.o(.text)
    __user_setup_stackheap                   0x080006cf   Thumb Code    74  sys_stackheap_outer.o(.text)
    exit                                     0x08000719   Thumb Code    18  exit.o(.text)
    BusFault_Handler                         0x0800072d   Thumb Code    36  main.o(.text.BusFault_Handler)
    DebugMon_Handler                         0x08000751   Thumb Code    40  main.o(.text.DebugMon_Handler)
    GPIO_Init                                0x08000779   Thumb Code   116  stm32f30x_gpio.o(.text.GPIO_Init)
    GPIO_PinAFConfig                         0x080007ed   Thumb Code    44  stm32f30x_gpio.o(.text.GPIO_PinAFConfig)
    GPIO_ReadInputData                       0x08000819   Thumb Code     4  stm32f30x_gpio.o(.text.GPIO_ReadInputData)
    GPIO_ReadOutputDataBit                   0x0800081d   Thumb Code    10  stm32f30x_gpio.o(.text.GPIO_ReadOutputDataBit)
    GPIO_ResetBits                           0x08000827   Thumb Code     4  stm32f30x_gpio.o(.text.GPIO_ResetBits)
    GPIO_SetBits                             0x0800082b   Thumb Code     4  stm32f30x_gpio.o(.text.GPIO_SetBits)
    GPIO_WriteBit                            0x0800082f   Thumb Code    10  stm32f30x_gpio.o(.text.GPIO_WriteBit)
    HardFault_Handler                        0x08000839   Thumb Code    40  main.o(.text.HardFault_Handler)
    MemManage_Handler                        0x08000861   Thumb Code    36  main.o(.text.MemManage_Handler)
    NVIC_Init                                0x08000885   Thumb Code    92  stm32f30x_misc.o(.text.NVIC_Init)
    PendSV_Handler                           0x080008e1   Thumb Code    36  main.o(.text.PendSV_Handler)
    RCC_AHBPeriphClockCmd                    0x08000905   Thumb Code    24  stm32f30x_rcc.o(.text.RCC_AHBPeriphClockCmd)
    RCC_APB1PeriphClockCmd                   0x0800091d   Thumb Code    24  stm32f30x_rcc.o(.text.RCC_APB1PeriphClockCmd)
    RCC_APB2PeriphClockCmd                   0x08000935   Thumb Code    24  stm32f30x_rcc.o(.text.RCC_APB2PeriphClockCmd)
    RCC_GetClocksFreq                        0x0800094d   Thumb Code   780  stm32f30x_rcc.o(.text.RCC_GetClocksFreq)
    SVC_Handler                              0x08000c59   Thumb Code    36  main.o(.text.SVC_Handler)
    SysTick_Handler                          0x08000c7d   Thumb Code    76  systick.o(.text.SysTick_Handler)
    SystemInit                               0x08000cc9   Thumb Code   248  system_stm32f30x.o(.text.SystemInit)
    TIM1_CC_IRQHandler                       0x08000dc1   Thumb Code   168  timercallback.o(.text.TIM1_CC_IRQHandler)
    TIM20_CC_IRQHandler                      0x08000e69   Thumb Code   164  timercallback.o(.text.TIM20_CC_IRQHandler)
    TIM2_IRQHandler                          0x08000f0d   Thumb Code    92  timercallback.o(.text.TIM2_IRQHandler)
    TIM3_IRQHandler                          0x08000f69   Thumb Code   148  timercallback.o(.text.TIM3_IRQHandler)
    TIM4_IRQHandler                          0x08000ffd   Thumb Code   168  timercallback.o(.text.TIM4_IRQHandler)
    TIM7_IRQHandler                          0x080010a5   Thumb Code   148  timercallback.o(.text.TIM7_IRQHandler)
    TIM8_CC_IRQHandler                       0x08001139   Thumb Code   148  timercallback.o(.text.TIM8_CC_IRQHandler)
    TIM_ARRPreloadConfig                     0x080011cd   Thumb Code    18  stm32f30x_tim.o(.text.TIM_ARRPreloadConfig)
    TIM_BDTRConfig                           0x080011df   Thumb Code    30  stm32f30x_tim.o(.text.TIM_BDTRConfig)
    TIM_BDTRStructInit                       0x080011fd   Thumb Code    12  stm32f30x_tim.o(.text.TIM_BDTRStructInit)
    TIM_CCPreloadControl                     0x08001209   Thumb Code    22  stm32f30x_tim.o(.text.TIM_CCPreloadControl)
    TIM_ClearITPendingBit                    0x0800121f   Thumb Code    10  stm32f30x_tim.o(.text.TIM_ClearITPendingBit)
    TIM_Cmd                                  0x08001229   Thumb Code    18  stm32f30x_tim.o(.text.TIM_Cmd)
    TIM_CtrlPWMOutputs                       0x0800123b   Thumb Code    20  stm32f30x_tim.o(.text.TIM_CtrlPWMOutputs)
    TIM_GetITStatus                          0x0800124f   Thumb Code    20  stm32f30x_tim.o(.text.TIM_GetITStatus)
    TIM_ITConfig                             0x08001263   Thumb Code    22  stm32f30x_tim.o(.text.TIM_ITConfig)
    TIM_OC1Init                              0x08001279   Thumb Code   120  stm32f30x_tim.o(.text.TIM_OC1Init)
    TIM_OC1PreloadConfig                     0x080012ed   Thumb Code    12  stm32f30x_tim.o(.text.TIM_OC1PreloadConfig)
    TIM_OC2Init                              0x080012f9   Thumb Code   124  stm32f30x_tim.o(.text.TIM_OC2Init)
    TIM_OC2PreloadConfig                     0x0800136d   Thumb Code    14  stm32f30x_tim.o(.text.TIM_OC2PreloadConfig)
    TIM_OC3Init                              0x0800137d   Thumb Code   120  stm32f30x_tim.o(.text.TIM_OC3Init)
    TIM_OC3PreloadConfig                     0x080013ed   Thumb Code    12  stm32f30x_tim.o(.text.TIM_OC3PreloadConfig)
    TIM_OC4Init                              0x080013f9   Thumb Code    92  stm32f30x_tim.o(.text.TIM_OC4Init)
    TIM_OC4PreloadConfig                     0x0800144d   Thumb Code    14  stm32f30x_tim.o(.text.TIM_OC4PreloadConfig)
    TIM_OCStructInit                         0x0800145b   Thumb Code    10  stm32f30x_tim.o(.text.TIM_OCStructInit)
    TIM_SetCompare1                          0x08001465   Thumb Code     4  stm32f30x_tim.o(.text.TIM_SetCompare1)
    TIM_SetCompare2                          0x08001469   Thumb Code     4  stm32f30x_tim.o(.text.TIM_SetCompare2)
    TIM_SetCompare3                          0x0800146d   Thumb Code     4  stm32f30x_tim.o(.text.TIM_SetCompare3)
    TIM_TimeBaseInit                         0x08001471   Thumb Code   144  stm32f30x_tim.o(.text.TIM_TimeBaseInit)
    TIM_TimeBaseStructInit                   0x08001501   Thumb Code    14  stm32f30x_tim.o(.text.TIM_TimeBaseStructInit)
    TIM_UpdateDisableConfig                  0x0800150f   Thumb Code    18  stm32f30x_tim.o(.text.TIM_UpdateDisableConfig)
    USART1_IRQHandler                        0x08001521   Thumb Code    92  rs232.o(.text.USART1_IRQHandler)
    USART_Cmd                                0x08001575   Thumb Code    18  stm32f30x_usart.o(.text.USART_Cmd)
    USART_GetFlagStatus                      0x08001587   Thumb Code    10  stm32f30x_usart.o(.text.USART_GetFlagStatus)
    USART_GetITStatus                        0x08001591   Thumb Code    60  stm32f30x_usart.o(.text.USART_GetITStatus)
    USART_ITConfig                           0x080015cd   Thumb Code    44  stm32f30x_usart.o(.text.USART_ITConfig)
    USART_Init                               0x080015f9   Thumb Code   200  stm32f30x_usart.o(.text.USART_Init)
    USART_ReceiveData                        0x080016c1   Thumb Code     8  stm32f30x_usart.o(.text.USART_ReceiveData)
    USART_SendData                           0x080016c9   Thumb Code     8  stm32f30x_usart.o(.text.USART_SendData)
    UsageFault_Handler                       0x080016d1   Thumb Code    36  main.o(.text.UsageFault_Handler)
    DelayMicro(unsigned)                     0x0800179d   Thumb Code    52  utilities.o(.text._Z10DelayMicroj)
    LCDCommand(TString&)                     0x080017d1   Thumb Code    52  main.o(.text._Z10LCDCommandR7TString)
    RGBLEDInit()                             0x08001805   Thumb Code   300  utilities.o(.text._Z10RGBLEDInitv)
    RequestUID()                             0x08001929   Thumb Code    68  main.o(.text._Z10RequestUIDv)
    SwitchType(TString&)                     0x0800196d   Thumb Code    28  main.o(.text._Z10SwitchTypeR7TString)
    DCMotorInit()                            0x08001985   Thumb Code   284  dcmotorsystem.o(.text._Z11DCMotorInitv)
    GetLEDState()                            0x08001a9d   Thumb Code    22  utilities.o(.text._Z11GetLEDStatev)
    LCDSendChar(unsigned short)              0x08001ab3   Thumb Code     6  lcdsystem.o(.text._Z11LCDSendChart)
    LEDCallback(TString&)                    0x08001ab9   Thumb Code     4  main.o(.text._Z11LEDCallbackR7TString)
    SetLEDColor(int, int, int)               0x08001abd   Thumb Code    48  utilities.o(.text._Z11SetLEDColoriii)
    SetLEDState(bool)                        0x08001aed   Thumb Code    22  utilities.o(.text._Z11SetLEDStateb)
    StepperInit()                            0x08001b05   Thumb Code   200  steppermotor.o(.text._Z11StepperInitv)
    SysTickInit()                            0x08001bcd   Thumb Code    72  systick.o(.text._Z11SysTickInitv)
    FirstConnect(TString&)                   0x08001c15   Thumb Code     4  main.o(.text._Z12FirstConnectR7TString)
    GetClockFreq()                           0x08001c19   Thumb Code    30  utilities.o(.text._Z12GetClockFreqv)
    LCDClearLine(e_lcdline)                  0x08001c39   Thumb Code   144  lcdsystem.o(.text._Z12LCDClearLine9e_lcdline)
    MotorCommand(TString&)                   0x08001cc9   Thumb Code    68  main.o(.text._Z12MotorCommandR7TString)
    ReportOnline(TString&)                   0x08001d09   Thumb Code    20  main.o(.text._Z12ReportOnlineR7TString)
    ResetCommand(TString&)                   0x08001d1d   Thumb Code    72  main.o(.text._Z12ResetCommandR7TString)
    GetStepAmount()                          0x08001d65   Thumb Code    12  steppermotor.o(.text._Z13GetStepAmountv)
    GetUIDCommand(TString&)                  0x08001d6d   Thumb Code     4  main.o(.text._Z13GetUIDCommandR7TString)
    LCDSendString(const char*)               0x08001d71   Thumb Code    32  lcdsystem.o(.text._Z13LCDSendStringPKc)
    LCDSendString(TString&)                  0x08001d91   Thumb Code    40  lcdsystem.o(.text._Z13LCDSendStringR7TString)
    SetLEDColorEx(const char*)               0x08001db9   Thumb Code    28  main.o(.text._Z13SetLEDColorExPKc)
    SetLEDColorEx(TString&)                  0x08001dd5   Thumb Code   420  main.o(.text._Z13SetLEDColorExR7TString)
    StepperCommand(TString&)                 0x08001f79   Thumb Code   108  main.o(.text._Z14StepperCommandR7TString)
    StepperPosInit()                         0x08001fe5   Thumb Code   216  steppermotor.o(.text._Z14StepperPosInitv)
    ZeroTimerCount()                         0x080020bd   Thumb Code    16  systick.o(.text._Z14ZeroTimerCountv)
    EndTimerCounter()                        0x080020c9   Thumb Code    12  systick.o(.text._Z15EndTimerCounterv)
    GetTimerCountMS()                        0x080020d1   Thumb Code    12  systick.o(.text._Z15GetTimerCountMSv)
    PingPongCommand(TString&)                0x080020d9   Thumb Code    16  main.o(.text._Z15PingPongCommandR7TString)
    RS232SendString(const char*)             0x080020e9   Thumb Code    56  rs232.o(.text._Z15RS232SendStringPKc)
    RS232SendString(TString&)                0x0800211d   Thumb Code    64  rs232.o(.text._Z15RS232SendStringR7TString)
    AddTimerCallback(const char*, void(*)()) 0x0800215d   Thumb Code    52  timercallback.o(.text._Z16AddTimerCallbackPKcPFvvE)
    AddCommandHandler(void(*)(TString&), const char*) 0x08002189   Thumb Code    48  commandsystem.o(.text._Z17AddCommandHandlerPFvR7TStringEPKc)
    AddCommandToQueue(TString&)              0x080021ad   Thumb Code    88  commandsystem.o(.text._Z17AddCommandToQueueR7TString)
    InitCommandSystem()                      0x08002201   Thumb Code    40  commandsystem.o(.text._Z17InitCommandSystemv)
    InitTimerCallback()                      0x08002221   Thumb Code    40  timercallback.o(.text._Z17InitTimerCallbackv)
    StartTimerCounter()                      0x08002241   Thumb Code    20  systick.o(.text._Z17StartTimerCounterv)
    ExecuteTimerCallback(const char*)        0x08002255   Thumb Code    48  timercallback.o(.text._Z20ExecuteTimerCallbackPKc)
    ExecuteAllQueueCommands()                0x08002285   Thumb Code   208  commandsystem.o(.text._Z23ExecuteAllQueueCommandsv)
    Delay(unsigned)                          0x08002355   Thumb Code    44  utilities.o(.text._Z5Delayj)
    Servo(unsigned)                          0x08002381   Thumb Code    24  servosystem.o(.text._Z5Servoj)
    DCMotor(_motor_sel, unsigned char, _motor_dir) 0x08002399   Thumb Code   152  dcmotorsystem.o(.text._Z7DCMotor10_motor_selh10_motor_dir)
    LCDInit()                                0x08002431   Thumb Code   320  lcdsystem.o(.text._Z7LCDInitv)
    LEDInit()                                0x08002569   Thumb Code    34  utilities.o(.text._Z7LEDInitv)
    Stepper(unsigned, unsigned char, unsigned, bool) 0x0800258d   Thumb Code   108  steppermotor.o(.text._Z7Stepperjhjb)
    ServoCMD(TString&)                       0x080025e9   Thumb Code    16  main.o(.text._Z8ServoCMDR7TString)
    TIM4Hand()                               0x080025f9   Thumb Code   188  steppermotor.o(.text._Z8TIM4Handv)
    LCDSetPos(e_lcdline, unsigned char)      0x080026b5   Thumb Code    76  lcdsystem.o(.text._Z9LCDSetPos9e_lcdlineh)
    LEDToggle()                              0x08002701   Thumb Code    26  utilities.o(.text._Z9LEDTogglev)
    RS232Init()                              0x0800271d   Thumb Code   144  rs232.o(.text._Z9RS232Initv)
    RS232Send(char)                          0x080027a9   Thumb Code    36  rs232.o(.text._Z9RS232Sendc)
    ServoInit()                              0x080027cd   Thumb Code   208  servosystem.o(.text._Z9ServoInitv)
    Timer2PWM()                              0x0800289d   Thumb Code    28  servosystem.o(.text._Z9Timer2PWMv)
    fast_atoi(char*, int)                    0x080028b9   Thumb Code    64  stringclass.o(.text._Z9fast_atoiPci)
    TString::GetIntFromWord(unsigned)        0x08002a59   Thumb Code   118  stringclass.o(.text._ZN7TString14GetIntFromWordEj)
    TString::DoesWordEqualTo(unsigned, const char*) 0x08002acf   Thumb Code   150  stringclass.o(.text._ZN7TString15DoesWordEqualToEjPKc)
    TString::DoesWordEqualTo(unsigned, TString&) 0x08002b65   Thumb Code   148  stringclass.o(.text._ZN7TString15DoesWordEqualToEjRS_)
    TString::RemoveFirstWords(unsigned)      0x08002bf9   Thumb Code   104  stringclass.o(.text._ZN7TString16RemoveFirstWordsEj)
    TString::Clear()                         0x08002c61   Thumb Code    22  stringclass.o(.text._ZN7TString5ClearEv)
    TString::GetLength()                     0x08002c77   Thumb Code     4  stringclass.o(.text._ZN7TString9GetLengthEv)
    TString::TString(const char*)            0x08002c7b   Thumb Code    46  stringclass.o(.text._ZN7TStringC2EPKc)
    TString::TString__sub_object(const char*) 0x08002c7b   Thumb Code    46  stringclass.o(.text._ZN7TStringC2EPKc)
    TString::TString()                       0x08002ca9   Thumb Code    22  stringclass.o(.text._ZN7TStringC2Ev)
    TString::TString__sub_object()           0x08002ca9   Thumb Code    22  stringclass.o(.text._ZN7TStringC2Ev)
    TString::operator =(const char*)         0x08002cbf   Thumb Code    44  stringclass.o(.text._ZN7TStringaSEPKc)
    TString::operator =(const TString&)      0x08002ceb   Thumb Code    50  stringclass.o(.text._ZN7TStringaSERKS_)
    TString::operator [](unsigned)           0x08002d1d   Thumb Code     6  stringclass.o(.text._ZN7TStringixEj)
    TString::operator +=(const TString&)     0x08002d23   Thumb Code    44  stringclass.o(.text._ZN7TStringpLERKS_)
    TString::operator +=(const char&)        0x08002d4f   Thumb Code    22  stringclass.o(.text._ZN7TStringpLERKc)
    TString::operator +=(const int&)         0x08002d65   Thumb Code    56  stringclass.o(.text._ZN7TStringpLERKi)
    TString::operator +=(const unsigned&)    0x08002d99   Thumb Code    56  stringclass.o(.text._ZN7TStringpLERKj)
    TString::operator ==(const char*) const  0x08002dd1   Thumb Code    44  stringclass.o(.text._ZNK7TStringeqEPKc)
    TString::operator ==(TString&) const     0x08002dfd   Thumb Code    46  stringclass.o(.text._ZNK7TStringeqERS_)
    main                                     0x08002e2d   Thumb Code  1188  main.o(.text.main)
    _is_digit                                0x080032d1   Thumb Code    14  __printf_wp.o(i._is_digit)
    __aeabi_dadd                             0x080032e1   Thumb Code     0  daddsub_clz.o(x$fpl$dadd)
    _dadd                                    0x080032e1   Thumb Code   332  daddsub_clz.o(x$fpl$dadd)
    __aeabi_d2iz                             0x08003431   Thumb Code     0  dfix.o(x$fpl$dfix)
    _dfix                                    0x08003431   Thumb Code    94  dfix.o(x$fpl$dfix)
    __aeabi_i2d                              0x0800348f   Thumb Code     0  dflt_clz.o(x$fpl$dflt)
    _dflt                                    0x0800348f   Thumb Code    46  dflt_clz.o(x$fpl$dflt)
    __aeabi_ui2d                             0x080034bd   Thumb Code     0  dflt_clz.o(x$fpl$dfltu)
    _dfltu                                   0x080034bd   Thumb Code    38  dflt_clz.o(x$fpl$dfltu)
    __aeabi_dmul                             0x080034e5   Thumb Code     0  dmul.o(x$fpl$dmul)
    _dmul                                    0x080034e5   Thumb Code   332  dmul.o(x$fpl$dmul)
    __fpl_dnaninf                            0x08003639   Thumb Code   156  dnaninf.o(x$fpl$dnaninf)
    __fpl_dretinf                            0x080036d5   Thumb Code    12  dretinf.o(x$fpl$dretinf)
    __aeabi_dsub                             0x080036e1   Thumb Code     0  daddsub_clz.o(x$fpl$dsub)
    _dsub                                    0x080036e1   Thumb Code   464  daddsub_clz.o(x$fpl$dsub)
    _fp_init                                 0x080038b5   Thumb Code    26  fpinit.o(x$fpl$fpinit)
    __fplib_config_fpu_vfp                   0x080038cd   Thumb Code     0  fpinit.o(x$fpl$fpinit)
    __fplib_config_pureend_doubles           0x080038cd   Thumb Code     0  fpinit.o(x$fpl$fpinit)
    __I$use$fp                               0x080038ce   Number         0  usenofp.o(x$fpl$usenofp)
    Region$$Table$$Base                      0x08003994   Number         0  anon$$obj.o(Region$$Table)
    Region$$Table$$Limit                     0x080039b4   Number         0  anon$$obj.o(Region$$Table)
    SHT$$INIT_ARRAY$$Base                    0x080039b4   Number         0  rs232.o(.init_array)
    SHT$$INIT_ARRAY$$Limit                   0x080039c4   Number         0  init_aeabi.o(.init_array)
    SystemCoreClock                          0x20000030   Data           4  system_stm32f30x.o(.data..L_MergedGlobals)
    AHBPrescTable                            0x20000034   Data          16  system_stm32f30x.o(.data..L_MergedGlobals)
    IsInitialized                            0x20000050   Data           1  steppermotor.o(.data..L_MergedGlobals)
    StepperCnt                               0x20000054   Data           4  steppermotor.o(.data..L_MergedGlobals)
    step_amount                              0x20000058   Data           4  steppermotor.o(.data..L_MergedGlobals)
    givenDir                                 0x2000005c   Data           4  steppermotor.o(.data..L_MergedGlobals)
    stepper_lut                              0x20000060   Data          16  steppermotor.o(.data..L_MergedGlobals)
    LinkedConnection                         0x20000070   Data           1  main.o(.data..L_MergedGlobals)
    Dir1                                     0x20000071   Data           1  main.o(.data..L_MergedGlobals)
    Dir2                                     0x20000072   Data           1  main.o(.data..L_MergedGlobals)
    IsRemote                                 0x20000073   Data           1  main.o(.data..L_MergedGlobals)
    blinkToggle                              0x20000074   Data           1  main.o(.data..L_MergedGlobals)
    SpeedM1                                  0x20000078   Data           4  main.o(.data..L_MergedGlobals)
    SpeedM2                                  0x2000007c   Data           4  main.o(.data..L_MergedGlobals)
    prevM1                                   0x20000080   Data           4  main.o(.data..L_MergedGlobals)
    prevM2                                   0x20000084   Data           4  main.o(.data..L_MergedGlobals)
    STemp                                    0x20000088   Data           4  main.o(.data..L_MergedGlobals)
    IntendedDirection                        0x2000008c   Data           4  main.o(.data..L_MergedGlobals)
    ActualStep                               0x20000090   Data           4  main.o(.data..L_MergedGlobals)
    i                                        0x20000094   Data           4  main.o(.data..L_MergedGlobals)
    j                                        0x20000098   Data           4  main.o(.data..L_MergedGlobals)
    r                                        0x2000009c   Data           4  main.o(.data..L_MergedGlobals)
    m                                        0x200000a0   Data           4  main.o(.data..L_MergedGlobals)
    storedR                                  0x200000a4   Data           4  main.o(.data..L_MergedGlobals)
    storedG                                  0x200000a8   Data           4  main.o(.data..L_MergedGlobals)
    storedB                                  0x200000ac   Data           4  main.o(.data..L_MergedGlobals)
    del                                      0x200000b0   Data           4  main.o(.data..L_MergedGlobals)
    diff                                     0x200000b4   Data           4  main.o(.data..L_MergedGlobals)
    ins                                      0x200000b8   Data           4  main.o(.data..L_MergedGlobals)
    RSDelayTimer                             0x200000bc   Data           4  rs232.o(.data.RSDelayTimer)
    __libspace_start                         0x200000c0   Data          96  libspace.o(.bss)
    StartDelay                               0x20000120   Data           1  systick.o(.bss..L_MergedGlobals)
    __temporary_stack_top$libspace           0x20000120   Data           0  libspace.o(.bss)
    StartTimer                               0x20000121   Data           1  systick.o(.bss..L_MergedGlobals)
    TimeDelayMS                              0x20000124   Data           4  systick.o(.bss..L_MergedGlobals)
    TimeDelayUS                              0x20000128   Data           4  systick.o(.bss..L_MergedGlobals)
    TimerCount                               0x2000012c   Data           4  systick.o(.bss..L_MergedGlobals)
    TimerCountUS                             0x20000130   Data           4  systick.o(.bss..L_MergedGlobals)
    CommandTable                             0x20000214   Data         512  commandsystem.o(.bss.CommandTable)
    CommandTableKeys                         0x20000414   Data       16896  commandsystem.o(.bss.CommandTableKeys)
    CurrentCommandCount                      0x20004614   Data           4  commandsystem.o(.bss.CurrentCommandCount)
    DataBuffer                               0x20004618   Data         132  rs232.o(.bss.DataBuffer)
    ErrBuffStr                               0x2000469c   Data         132  commandsystem.o(.bss.ErrBuffStr)
    QueuedCommands                           0x20004720   Data        8448  commandsystem.o(.bss.QueuedCommands)
    TimerSizeCount                           0x20006820   Data           4  timercallback.o(.bss.TimerSizeCount)
    TimerTableFuncs                          0x20006824   Data         128  timercallback.o(.bss.TimerTableFuncs)
    TimerTableKeys                           0x200068a4   Data        4224  timercallback.o(.bss.TimerTableKeys)
    con                                      0x20007928   Data         132  main.o(.bss.con)
    dab                                      0x200079ac   Data         132  main.o(.bss.dab)
    dab2                                     0x20007a30   Data         132  main.o(.bss.dab2)
    data                                     0x20007ab4   Data           1  rs232.o(.bss.data)
    ledStr                                   0x20007ab8   Data         132  main.o(.bss.ledStr)
    motorSpd                                 0x20007b3c   Data         132  main.o(.bss.motorSpd)
    stepper                                  0x20007bc0   Data         132  main.o(.bss.stepper)
    tmp1                                     0x20007c44   Data           2  lcdsystem.o(.bss.tmp1)
    tmp2                                     0x20007c46   Data           2  lcdsystem.o(.bss.tmp2)
    uidarg                                   0x20007c48   Data         132  main.o(.bss.uidarg)



==============================================================================

Memory Map of the image

  Image Entry point : 0x08000195

  Load Region LR_IROM1 (Base: 0x08000000, Size: 0x00003a90, Max: 0x00080000, ABSOLUTE)

    Execution Region ER_IROM1 (Exec base: 0x08000000, Load base: 0x08000000, Size: 0x000039c4, Max: 0x00080000, ABSOLUTE)

    Exec Addr    Load Addr    Size         Type   Attr      Idx    E Section Name        Object

    0x08000000   0x08000000   0x00000194   Data   RO         1652    RESET               startup_stm32f303xe.o
    0x08000194   0x08000194   0x00000008   Code   RO         2170  * !!!main             c_w.l(__main.o)
    0x0800019c   0x0800019c   0x00000034   Code   RO         2688    !!!scatter          c_w.l(__scatter.o)
    0x080001d0   0x080001d0   0x0000001a   Code   RO         2690    !!handler_copy      c_w.l(__scatter_copy.o)
    0x080001ea   0x080001ea   0x00000002   PAD
    0x080001ec   0x080001ec   0x0000001c   Code   RO         2692    !!handler_zi        c_w.l(__scatter_zi.o)
    0x08000208   0x08000208   0x00000000   Code   RO         2161    .ARM.Collect$$_printf_percent$$00000000  c_w.l(_printf_percent.o)
    0x08000208   0x08000208   0x00000006   Code   RO         2160    .ARM.Collect$$_printf_percent$$00000009  c_w.l(_printf_d.o)
    0x0800020e   0x0800020e   0x00000004   Code   RO         2336    .ARM.Collect$$_printf_percent$$00000017  c_w.l(_printf_percent_end.o)
    0x08000212   0x08000212   0x00000002   Code   RO         2621    .ARM.Collect$$libinit$$00000000  c_w.l(libinit.o)
    0x08000214   0x08000214   0x00000004   Code   RO         2352    .ARM.Collect$$libinit$$00000001  c_w.l(libinit2.o)
    0x08000218   0x08000218   0x00000000   Code   RO         2355    .ARM.Collect$$libinit$$00000004  c_w.l(libinit2.o)
    0x08000218   0x08000218   0x00000000   Code   RO         2358    .ARM.Collect$$libinit$$0000000A  c_w.l(libinit2.o)
    0x08000218   0x08000218   0x00000000   Code   RO         2360    .ARM.Collect$$libinit$$0000000C  c_w.l(libinit2.o)
    0x08000218   0x08000218   0x00000000   Code   RO         2362    .ARM.Collect$$libinit$$0000000E  c_w.l(libinit2.o)
    0x08000218   0x08000218   0x00000000   Code   RO         2365    .ARM.Collect$$libinit$$00000011  c_w.l(libinit2.o)
    0x08000218   0x08000218   0x00000000   Code   RO         2367    .ARM.Collect$$libinit$$00000013  c_w.l(libinit2.o)
    0x08000218   0x08000218   0x00000000   Code   RO         2369    .ARM.Collect$$libinit$$00000015  c_w.l(libinit2.o)
    0x08000218   0x08000218   0x00000000   Code   RO         2371    .ARM.Collect$$libinit$$00000017  c_w.l(libinit2.o)
    0x08000218   0x08000218   0x00000000   Code   RO         2373    .ARM.Collect$$libinit$$00000019  c_w.l(libinit2.o)
    0x08000218   0x08000218   0x00000000   Code   RO         2375    .ARM.Collect$$libinit$$0000001B  c_w.l(libinit2.o)
    0x08000218   0x08000218   0x00000000   Code   RO         2377    .ARM.Collect$$libinit$$0000001D  c_w.l(libinit2.o)
    0x08000218   0x08000218   0x00000000   Code   RO         2379    .ARM.Collect$$libinit$$0000001F  c_w.l(libinit2.o)
    0x08000218   0x08000218   0x00000000   Code   RO         2381    .ARM.Collect$$libinit$$00000021  c_w.l(libinit2.o)
    0x08000218   0x08000218   0x00000000   Code   RO         2383    .ARM.Collect$$libinit$$00000023  c_w.l(libinit2.o)
    0x08000218   0x08000218   0x00000000   Code   RO         2385    .ARM.Collect$$libinit$$00000025  c_w.l(libinit2.o)
    0x08000218   0x08000218   0x00000000   Code   RO         2389    .ARM.Collect$$libinit$$0000002C  c_w.l(libinit2.o)
    0x08000218   0x08000218   0x00000000   Code   RO         2391    .ARM.Collect$$libinit$$0000002E  c_w.l(libinit2.o)
    0x08000218   0x08000218   0x00000000   Code   RO         2393    .ARM.Collect$$libinit$$00000030  c_w.l(libinit2.o)
    0x08000218   0x08000218   0x00000004   Code   RO         2394    .ARM.Collect$$libinit$$00000031  c_w.l(libinit2.o)
    0x0800021c   0x0800021c   0x00000000   Code   RO         2395    .ARM.Collect$$libinit$$00000032  c_w.l(libinit2.o)
    0x0800021c   0x0800021c   0x00000002   Code   RO         2396    .ARM.Collect$$libinit$$00000033  c_w.l(libinit2.o)
    0x0800021e   0x0800021e   0x00000002   Code   RO         2685    .ARM.Collect$$libshutdown$$00000000  c_w.l(libshutdown.o)
    0x08000220   0x08000220   0x00000000   Code   RO         2639    .ARM.Collect$$libshutdown$$00000002  c_w.l(libshutdown2.o)
    0x08000220   0x08000220   0x00000000   Code   RO         2641    .ARM.Collect$$libshutdown$$00000004  c_w.l(libshutdown2.o)
    0x08000220   0x08000220   0x00000000   Code   RO         2644    .ARM.Collect$$libshutdown$$00000007  c_w.l(libshutdown2.o)
    0x08000220   0x08000220   0x00000000   Code   RO         2647    .ARM.Collect$$libshutdown$$0000000A  c_w.l(libshutdown2.o)
    0x08000220   0x08000220   0x00000000   Code   RO         2649    .ARM.Collect$$libshutdown$$0000000C  c_w.l(libshutdown2.o)
    0x08000220   0x08000220   0x00000000   Code   RO         2652    .ARM.Collect$$libshutdown$$0000000F  c_w.l(libshutdown2.o)
    0x08000220   0x08000220   0x00000002   Code   RO         2653    .ARM.Collect$$libshutdown$$00000010  c_w.l(libshutdown2.o)
    0x08000222   0x08000222   0x00000000   Code   RO         2242    .ARM.Collect$$rtentry$$00000000  c_w.l(__rtentry.o)
    0x08000222   0x08000222   0x00000000   Code   RO         2496    .ARM.Collect$$rtentry$$00000002  c_w.l(__rtentry2.o)
    0x08000222   0x08000222   0x00000006   Code   RO         2508    .ARM.Collect$$rtentry$$00000004  c_w.l(__rtentry4.o)
    0x08000228   0x08000228   0x00000000   Code   RO         2498    .ARM.Collect$$rtentry$$00000009  c_w.l(__rtentry2.o)
    0x08000228   0x08000228   0x00000004   Code   RO         2499    .ARM.Collect$$rtentry$$0000000A  c_w.l(__rtentry2.o)
    0x0800022c   0x0800022c   0x00000000   Code   RO         2501    .ARM.Collect$$rtentry$$0000000C  c_w.l(__rtentry2.o)
    0x0800022c   0x0800022c   0x00000008   Code   RO         2502    .ARM.Collect$$rtentry$$0000000D  c_w.l(__rtentry2.o)
    0x08000234   0x08000234   0x00000002   Code   RO         2626    .ARM.Collect$$rtexit$$00000000  c_w.l(rtexit.o)
    0x08000236   0x08000236   0x00000000   Code   RO         2659    .ARM.Collect$$rtexit$$00000002  c_w.l(rtexit2.o)
    0x08000236   0x08000236   0x00000004   Code   RO         2660    .ARM.Collect$$rtexit$$00000003  c_w.l(rtexit2.o)
    0x0800023a   0x0800023a   0x00000006   Code   RO         2661    .ARM.Collect$$rtexit$$00000004  c_w.l(rtexit2.o)
    0x08000240   0x08000240   0x00000040   Code   RO         1653    .text               startup_stm32f303xe.o
    0x08000280   0x08000280   0x00000038   Code   RO         2132    .text               c_w.l(__2snprintf.o)
    0x080002b8   0x080002b8   0x00000078   Code   RO         2138    .text               c_w.l(_printf_dec.o)
    0x08000330   0x08000330   0x00000188   Code   RO         2157    .text               c_w.l(__printf_flags_ss_wp.o)
    0x080004b8   0x080004b8   0x00000048   Code   RO         2162    .text               c_w.l(strcpy.o)
    0x08000500   0x08000500   0x0000003e   Code   RO         2164    .text               c_w.l(strlen.o)
    0x0800053e   0x0800053e   0x0000004e   Code   RO         2166    .text               c_w.l(rt_memclr_w.o)
    0x0800058c   0x0800058c   0x00000006   Code   RO         2168    .text               c_w.l(heapauxi.o)
    0x08000592   0x08000592   0x00000002   PAD
    0x08000594   0x08000594   0x00000024   Code   RO         2175    .text               c_w.l(init_aeabi.o)
    0x080005b8   0x080005b8   0x000000b2   Code   RO         2282    .text               c_w.l(_printf_intcommon.o)
    0x0800066a   0x0800066a   0x00000002   PAD
    0x0800066c   0x0800066c   0x00000030   Code   RO         2286    .text               c_w.l(_printf_char_common.o)
    0x0800069c   0x0800069c   0x0000000a   Code   RO         2288    .text               c_w.l(_sputc.o)
    0x080006a6   0x080006a6   0x00000010   Code   RO         2290    .text               c_w.l(_snputc.o)
    0x080006b6   0x080006b6   0x00000002   PAD
    0x080006b8   0x080006b8   0x0000000c   Code   RO         2486    .text               c_w.l(sys_exit.o)
    0x080006c4   0x080006c4   0x00000008   Code   RO         2492    .text               c_w.l(libspace.o)
    0x080006cc   0x080006cc   0x00000002   Code   RO         2561    .text               c_w.l(use_no_semi.o)
    0x080006ce   0x080006ce   0x00000000   Code   RO         2563    .text               c_w.l(indicate_semi.o)
    0x080006ce   0x080006ce   0x0000004a   Code   RO         2564    .text               c_w.l(sys_stackheap_outer.o)
    0x08000718   0x08000718   0x00000012   Code   RO         2602    .text               c_w.l(exit.o)
    0x0800072a   0x0800072a   0x00000002   PAD
    0x0800072c   0x0800072c   0x00000024   Code   RO         1833    .text.BusFault_Handler  main.o
    0x08000750   0x08000750   0x00000028   Code   RO         1839    .text.DebugMon_Handler  main.o
    0x08000778   0x08000778   0x00000074   Code   RO          536    .text.GPIO_Init     stm32f30x_gpio.o
    0x080007ec   0x080007ec   0x0000002c   Code   RO          558    .text.GPIO_PinAFConfig  stm32f30x_gpio.o
    0x08000818   0x08000818   0x00000004   Code   RO          544    .text.GPIO_ReadInputData  stm32f30x_gpio.o
    0x0800081c   0x0800081c   0x0000000a   Code   RO          546    .text.GPIO_ReadOutputDataBit  stm32f30x_gpio.o
    0x08000826   0x08000826   0x00000004   Code   RO          552    .text.GPIO_ResetBits  stm32f30x_gpio.o
    0x0800082a   0x0800082a   0x00000004   Code   RO          550    .text.GPIO_SetBits  stm32f30x_gpio.o
    0x0800082e   0x0800082e   0x0000000a   Code   RO          554    .text.GPIO_WriteBit  stm32f30x_gpio.o
    0x08000838   0x08000838   0x00000028   Code   RO         1829    .text.HardFault_Handler  main.o
    0x08000860   0x08000860   0x00000024   Code   RO         1831    .text.MemManage_Handler  main.o
    0x08000884   0x08000884   0x0000005c   Code   RO          849    .text.NVIC_Init     stm32f30x_misc.o
    0x080008e0   0x080008e0   0x00000024   Code   RO         1841    .text.PendSV_Handler  main.o
    0x08000904   0x08000904   0x00000018   Code   RO         1000    .text.RCC_AHBPeriphClockCmd  stm32f30x_rcc.o
    0x0800091c   0x0800091c   0x00000018   Code   RO         1004    .text.RCC_APB1PeriphClockCmd  stm32f30x_rcc.o
    0x08000934   0x08000934   0x00000018   Code   RO         1002    .text.RCC_APB2PeriphClockCmd  stm32f30x_rcc.o
    0x0800094c   0x0800094c   0x0000030c   Code   RO          978    .text.RCC_GetClocksFreq  stm32f30x_rcc.o
    0x08000c58   0x08000c58   0x00000024   Code   RO         1837    .text.SVC_Handler   main.o
    0x08000c7c   0x08000c7c   0x0000004c   Code   RO            2    .text.SysTick_Handler  systick.o
    0x08000cc8   0x08000cc8   0x000000f8   Code   RO         1635    .text.SystemInit    system_stm32f30x.o
    0x08000dc0   0x08000dc0   0x000000a8   Code   RO         1985    .text.TIM1_CC_IRQHandler  timercallback.o
    0x08000e68   0x08000e68   0x000000a4   Code   RO         1997    .text.TIM20_CC_IRQHandler  timercallback.o
    0x08000f0c   0x08000f0c   0x0000005c   Code   RO         1987    .text.TIM2_IRQHandler  timercallback.o
    0x08000f68   0x08000f68   0x00000094   Code   RO         1989    .text.TIM3_IRQHandler  timercallback.o
    0x08000ffc   0x08000ffc   0x000000a8   Code   RO         1991    .text.TIM4_IRQHandler  timercallback.o
    0x080010a4   0x080010a4   0x00000094   Code   RO         1993    .text.TIM7_IRQHandler  timercallback.o
    0x08001138   0x08001138   0x00000094   Code   RO         1995    .text.TIM8_CC_IRQHandler  timercallback.o
    0x080011cc   0x080011cc   0x00000012   Code   RO         1287    .text.TIM_ARRPreloadConfig  stm32f30x_tim.o
    0x080011de   0x080011de   0x0000001e   Code   RO         1423    .text.TIM_BDTRConfig  stm32f30x_tim.o
    0x080011fc   0x080011fc   0x0000000c   Code   RO         1433    .text.TIM_BDTRStructInit  stm32f30x_tim.o
    0x08001208   0x08001208   0x00000016   Code   RO         1439    .text.TIM_CCPreloadControl  stm32f30x_tim.o
    0x0800121e   0x0800121e   0x0000000a   Code   RO         1451    .text.TIM_ClearITPendingBit  stm32f30x_tim.o
    0x08001228   0x08001228   0x00000012   Code   RO         1293    .text.TIM_Cmd       stm32f30x_tim.o
    0x0800123a   0x0800123a   0x00000014   Code   RO         1435    .text.TIM_CtrlPWMOutputs  stm32f30x_tim.o
    0x0800124e   0x0800124e   0x00000014   Code   RO         1449    .text.TIM_GetITStatus  stm32f30x_tim.o
    0x08001262   0x08001262   0x00000016   Code   RO         1441    .text.TIM_ITConfig  stm32f30x_tim.o
    0x08001278   0x08001278   0x00000074   Code   RO         1295    .text.TIM_OC1Init   stm32f30x_tim.o
    0x080012ec   0x080012ec   0x0000000c   Code   RO         1341    .text.TIM_OC1PreloadConfig  stm32f30x_tim.o
    0x080012f8   0x080012f8   0x00000074   Code   RO         1297    .text.TIM_OC2Init   stm32f30x_tim.o
    0x0800136c   0x0800136c   0x0000000e   Code   RO         1343    .text.TIM_OC2PreloadConfig  stm32f30x_tim.o
    0x0800137a   0x0800137a   0x00000002   PAD
    0x0800137c   0x0800137c   0x00000070   Code   RO         1299    .text.TIM_OC3Init   stm32f30x_tim.o
    0x080013ec   0x080013ec   0x0000000c   Code   RO         1345    .text.TIM_OC3PreloadConfig  stm32f30x_tim.o
    0x080013f8   0x080013f8   0x00000054   Code   RO         1301    .text.TIM_OC4Init   stm32f30x_tim.o
    0x0800144c   0x0800144c   0x0000000e   Code   RO         1347    .text.TIM_OC4PreloadConfig  stm32f30x_tim.o
    0x0800145a   0x0800145a   0x0000000a   Code   RO         1313    .text.TIM_OCStructInit  stm32f30x_tim.o
    0x08001464   0x08001464   0x00000004   Code   RO         1317    .text.TIM_SetCompare1  stm32f30x_tim.o
    0x08001468   0x08001468   0x00000004   Code   RO         1319    .text.TIM_SetCompare2  stm32f30x_tim.o
    0x0800146c   0x0800146c   0x00000004   Code   RO         1321    .text.TIM_SetCompare3  stm32f30x_tim.o
    0x08001470   0x08001470   0x00000090   Code   RO         1265    .text.TIM_TimeBaseInit  stm32f30x_tim.o
    0x08001500   0x08001500   0x0000000e   Code   RO         1267    .text.TIM_TimeBaseStructInit  stm32f30x_tim.o
    0x0800150e   0x0800150e   0x00000012   Code   RO         1281    .text.TIM_UpdateDisableConfig  stm32f30x_tim.o
    0x08001520   0x08001520   0x00000054   Code   RO         1768    .text.USART1_IRQHandler  rs232.o
    0x08001574   0x08001574   0x00000012   Code   RO         1508    .text.USART_Cmd     stm32f30x_usart.o
    0x08001586   0x08001586   0x0000000a   Code   RO         1588    .text.USART_GetFlagStatus  stm32f30x_usart.o
    0x08001590   0x08001590   0x0000003c   Code   RO         1592    .text.USART_GetITStatus  stm32f30x_usart.o
    0x080015cc   0x080015cc   0x0000002c   Code   RO         1582    .text.USART_ITConfig  stm32f30x_usart.o
    0x080015f8   0x080015f8   0x000000c8   Code   RO         1500    .text.USART_Init    stm32f30x_usart.o
    0x080016c0   0x080016c0   0x00000008   Code   RO         1540    .text.USART_ReceiveData  stm32f30x_usart.o
    0x080016c8   0x080016c8   0x00000008   Code   RO         1538    .text.USART_SendData  stm32f30x_usart.o
    0x080016d0   0x080016d0   0x00000024   Code   RO         1835    .text.UsageFault_Handler  main.o
    0x080016f4   0x080016f4   0x0000003c   Code   RO         1898    .text._GLOBAL__sub_I_CommandSystem.cpp  commandsystem.o
    0x08001730   0x08001730   0x0000000c   Code   RO         1770    .text._GLOBAL__sub_I_RS232.cpp  rs232.o
    0x0800173c   0x0800173c   0x0000001c   Code   RO         1999    .text._GLOBAL__sub_I_TimerCallback.cpp  timercallback.o
    0x08001758   0x08001758   0x00000044   Code   RO         1861    .text._GLOBAL__sub_I_main.cpp  main.o
    0x0800179c   0x0800179c   0x00000034   Code   RO         1691    .text._Z10DelayMicroj  utilities.o
    0x080017d0   0x080017d0   0x00000034   Code   RO         1827    .text._Z10LCDCommandR7TString  main.o
    0x08001804   0x08001804   0x00000124   Code   RO         1707    .text._Z10RGBLEDInitv  utilities.o
    0x08001928   0x08001928   0x00000044   Code   RO         1847    .text._Z10RequestUIDv  main.o
    0x0800196c   0x0800196c   0x00000018   Code   RO         1853    .text._Z10SwitchTypeR7TString  main.o
    0x08001984   0x08001984   0x00000118   Code   RO         1742    .text._Z11DCMotorInitv  dcmotorsystem.o
    0x08001a9c   0x08001a9c   0x00000016   Code   RO         1699    .text._Z11GetLEDStatev  utilities.o
    0x08001ab2   0x08001ab2   0x00000006   Code   RO         2022    .text._Z11LCDSendChart  lcdsystem.o
    0x08001ab8   0x08001ab8   0x00000004   Code   RO         1815    .text._Z11LEDCallbackR7TString  main.o
    0x08001abc   0x08001abc   0x00000030   Code   RO         1709    .text._Z11SetLEDColoriii  utilities.o
    0x08001aec   0x08001aec   0x00000016   Code   RO         1695    .text._Z11SetLEDStateb  utilities.o
    0x08001b02   0x08001b02   0x00000002   PAD
    0x08001b04   0x08001b04   0x000000c8   Code   RO         1788    .text._Z11StepperInitv  steppermotor.o
    0x08001bcc   0x08001bcc   0x00000048   Code   RO            4    .text._Z11SysTickInitv  systick.o
    0x08001c14   0x08001c14   0x00000004   Code   RO         1855    .text._Z12FirstConnectR7TString  main.o
    0x08001c18   0x08001c18   0x0000001e   Code   RO         1705    .text._Z12GetClockFreqv  utilities.o
    0x08001c36   0x08001c36   0x00000002   PAD
    0x08001c38   0x08001c38   0x00000090   Code   RO         2030    .text._Z12LCDClearLine9e_lcdline  lcdsystem.o
    0x08001cc8   0x08001cc8   0x00000040   Code   RO         1843    .text._Z12MotorCommandR7TString  main.o
    0x08001d08   0x08001d08   0x00000014   Code   RO         1825    .text._Z12ReportOnlineR7TString  main.o
    0x08001d1c   0x08001d1c   0x00000048   Code   RO         1819    .text._Z12ResetCommandR7TString  main.o
    0x08001d64   0x08001d64   0x00000008   Code   RO         1792    .text._Z13GetStepAmountv  steppermotor.o
    0x08001d6c   0x08001d6c   0x00000004   Code   RO         1849    .text._Z13GetUIDCommandR7TString  main.o
    0x08001d70   0x08001d70   0x00000020   Code   RO         2024    .text._Z13LCDSendStringPKc  lcdsystem.o
    0x08001d90   0x08001d90   0x00000028   Code   RO         2026    .text._Z13LCDSendStringR7TString  lcdsystem.o
    0x08001db8   0x08001db8   0x0000001c   Code   RO         1813    .text._Z13SetLEDColorExPKc  main.o
    0x08001dd4   0x08001dd4   0x000001a4   Code   RO         1811    .text._Z13SetLEDColorExR7TString  main.o
    0x08001f78   0x08001f78   0x0000006c   Code   RO         1845    .text._Z14StepperCommandR7TString  main.o
    0x08001fe4   0x08001fe4   0x000000d8   Code   RO         1794    .text._Z14StepperPosInitv  steppermotor.o
    0x080020bc   0x080020bc   0x0000000c   Code   RO           14    .text._Z14ZeroTimerCountv  systick.o
    0x080020c8   0x080020c8   0x00000008   Code   RO            8    .text._Z15EndTimerCounterv  systick.o
    0x080020d0   0x080020d0   0x00000008   Code   RO           10    .text._Z15GetTimerCountMSv  systick.o
    0x080020d8   0x080020d8   0x00000010   Code   RO         1823    .text._Z15PingPongCommandR7TString  main.o
    0x080020e8   0x080020e8   0x00000034   Code   RO         1762    .text._Z15RS232SendStringPKc  rs232.o
    0x0800211c   0x0800211c   0x00000040   Code   RO         1764    .text._Z15RS232SendStringR7TString  rs232.o
    0x0800215c   0x0800215c   0x0000002c   Code   RO         1981    .text._Z16AddTimerCallbackPKcPFvvE  timercallback.o
    0x08002188   0x08002188   0x00000024   Code   RO         1892    .text._Z17AddCommandHandlerPFvR7TStringEPKc  commandsystem.o
    0x080021ac   0x080021ac   0x00000054   Code   RO         1896    .text._Z17AddCommandToQueueR7TString  commandsystem.o
    0x08002200   0x08002200   0x00000020   Code   RO         1890    .text._Z17InitCommandSystemv  commandsystem.o
    0x08002220   0x08002220   0x00000020   Code   RO         1979    .text._Z17InitTimerCallbackv  timercallback.o
    0x08002240   0x08002240   0x00000014   Code   RO            6    .text._Z17StartTimerCounterv  systick.o
    0x08002254   0x08002254   0x00000030   Code   RO         1983    .text._Z20ExecuteTimerCallbackPKc  timercallback.o
    0x08002284   0x08002284   0x000000d0   Code   RO         1894    .text._Z23ExecuteAllQueueCommandsv  commandsystem.o
    0x08002354   0x08002354   0x0000002c   Code   RO         1689    .text._Z5Delayj     utilities.o
    0x08002380   0x08002380   0x00000018   Code   RO         2052    .text._Z5Servoj     servosystem.o
    0x08002398   0x08002398   0x00000098   Code   RO         1744    .text._Z7DCMotor10_motor_selh10_motor_dir  dcmotorsystem.o
    0x08002430   0x08002430   0x00000138   Code   RO         2016    .text._Z7LCDInitv   lcdsystem.o
    0x08002568   0x08002568   0x00000022   Code   RO         1693    .text._Z7LEDInitv   utilities.o
    0x0800258a   0x0800258a   0x00000002   PAD
    0x0800258c   0x0800258c   0x0000005c   Code   RO         1796    .text._Z7Stepperjhjb  steppermotor.o
    0x080025e8   0x080025e8   0x00000010   Code   RO         1851    .text._Z8ServoCMDR7TString  main.o
    0x080025f8   0x080025f8   0x000000bc   Code   RO         1790    .text._Z8TIM4Handv  steppermotor.o
    0x080026b4   0x080026b4   0x0000004c   Code   RO         2028    .text._Z9LCDSetPos9e_lcdlineh  lcdsystem.o
    0x08002700   0x08002700   0x0000001a   Code   RO         1697    .text._Z9LEDTogglev  utilities.o
    0x0800271a   0x0800271a   0x00000002   PAD
    0x0800271c   0x0800271c   0x0000008c   Code   RO         1758    .text._Z9RS232Initv  rs232.o
    0x080027a8   0x080027a8   0x00000024   Code   RO         1760    .text._Z9RS232Sendc  rs232.o
    0x080027cc   0x080027cc   0x000000d0   Code   RO         2050    .text._Z9ServoInitv  servosystem.o
    0x0800289c   0x0800289c   0x0000001c   Code   RO         2054    .text._Z9Timer2PWMv  servosystem.o
    0x080028b8   0x080028b8   0x00000040   Code   RO         1929    .text._Z9fast_atoiPci  stringclass.o
    0x080028f8   0x080028f8   0x0000003c   Code   RO         2018    .text._ZL16LCD_Send_HNibblet  lcdsystem.o
    0x08002934   0x08002934   0x00000024   Code   RO         1821    .text._ZL18__NVIC_SystemResetv  main.o
    0x08002958   0x08002958   0x00000100   Code   RO         2020    .text._ZL8LCD_Sendt13LCD_SEND_TYPE  lcdsystem.o
    0x08002a58   0x08002a58   0x00000076   Code   RO         1931    .text._ZN7TString14GetIntFromWordEj  stringclass.o
    0x08002ace   0x08002ace   0x00000096   Code   RO         1935    .text._ZN7TString15DoesWordEqualToEjPKc  stringclass.o
    0x08002b64   0x08002b64   0x00000094   Code   RO         1939    .text._ZN7TString15DoesWordEqualToEjRS_  stringclass.o
    0x08002bf8   0x08002bf8   0x00000068   Code   RO         1937    .text._ZN7TString16RemoveFirstWordsEj  stringclass.o
    0x08002c60   0x08002c60   0x00000016   Code   RO         1945    .text._ZN7TString5ClearEv  stringclass.o
    0x08002c76   0x08002c76   0x00000004   Code   RO         1941    .text._ZN7TString9GetLengthEv  stringclass.o
    0x08002c7a   0x08002c7a   0x0000002e   Code   RO         1919    .text._ZN7TStringC2EPKc  stringclass.o
    0x08002ca8   0x08002ca8   0x00000016   Code   RO         1923    .text._ZN7TStringC2Ev  stringclass.o
    0x08002cbe   0x08002cbe   0x0000002c   Code   RO         1951    .text._ZN7TStringaSEPKc  stringclass.o
    0x08002cea   0x08002cea   0x00000032   Code   RO         1949    .text._ZN7TStringaSERKS_  stringclass.o
    0x08002d1c   0x08002d1c   0x00000006   Code   RO         1943    .text._ZN7TStringixEj  stringclass.o
    0x08002d22   0x08002d22   0x0000002c   Code   RO         1959    .text._ZN7TStringpLERKS_  stringclass.o
    0x08002d4e   0x08002d4e   0x00000016   Code   RO         1953    .text._ZN7TStringpLERKc  stringclass.o
    0x08002d64   0x08002d64   0x00000034   Code   RO         1955    .text._ZN7TStringpLERKi  stringclass.o
    0x08002d98   0x08002d98   0x00000038   Code   RO         1957    .text._ZN7TStringpLERKj  stringclass.o
    0x08002dd0   0x08002dd0   0x0000002c   Code   RO         1963    .text._ZNK7TStringeqEPKc  stringclass.o
    0x08002dfc   0x08002dfc   0x0000002e   Code   RO         1961    .text._ZNK7TStringeqERS_  stringclass.o
    0x08002e2a   0x08002e2a   0x00000002   PAD
    0x08002e2c   0x08002e2c   0x000004a4   Code   RO         1859    .text.main          main.o
    0x080032d0   0x080032d0   0x0000000e   Code   RO         2150    i._is_digit         c_w.l(__printf_wp.o)
    0x080032de   0x080032de   0x00000002   PAD
    0x080032e0   0x080032e0   0x00000150   Code   RO         2178    x$fpl$dadd          fz_wm.l(daddsub_clz.o)
    0x08003430   0x08003430   0x0000005e   Code   RO         2188    x$fpl$dfix          fz_wm.l(dfix.o)
    0x0800348e   0x0800348e   0x0000002e   Code   RO         2197    x$fpl$dflt          fz_wm.l(dflt_clz.o)
    0x080034bc   0x080034bc   0x00000026   Code   RO         2196    x$fpl$dfltu         fz_wm.l(dflt_clz.o)
    0x080034e2   0x080034e2   0x00000002   PAD
    0x080034e4   0x080034e4   0x00000154   Code   RO         2202    x$fpl$dmul          fz_wm.l(dmul.o)
    0x08003638   0x08003638   0x0000009c   Code   RO         2397    x$fpl$dnaninf       fz_wm.l(dnaninf.o)
    0x080036d4   0x080036d4   0x0000000c   Code   RO         2399    x$fpl$dretinf       fz_wm.l(dretinf.o)
    0x080036e0   0x080036e0   0x000001d4   Code   RO         2180    x$fpl$dsub          fz_wm.l(daddsub_clz.o)
    0x080038b4   0x080038b4   0x0000001a   Code   RO         2558    x$fpl$fpinit        fz_wm.l(fpinit.o)
    0x080038ce   0x080038ce   0x00000000   Code   RO         2409    x$fpl$usenofp       fz_wm.l(usenofp.o)
    0x080038ce   0x080038ce   0x00000011   Data   RO         2158    .constdata          c_w.l(__printf_flags_ss_wp.o)
    0x080038df   0x080038df   0x000000b0   Data   RO         1863    .rodata.str1.1      main.o
    0x0800398f   0x0800398f   0x00000003   Data   RO         1967    .rodata.str1.1      stringclass.o
    0x08003992   0x08003992   0x00000002   PAD
    0x08003994   0x08003994   0x00000020   Data   RO         2686    Region$$Table       anon$$obj.o
    0x080039b4   0x080039b4   0x00000004   Data   RO         1776    .init_array         rs232.o
    0x080039b8   0x080039b4   0x00000004   Data   RO         1876    .init_array         main.o
    0x080039bc   0x080039b4   0x00000004   Data   RO         1905    .init_array         commandsystem.o
    0x080039c0   0x080039b4   0x00000004   Data   RO         2004    .init_array         timercallback.o
    0x080039c4   0x080039b4   0x00000000   Data   RO         2173    .init_array         c_w.l(init_aeabi.o)


    Execution Region RW_IRAM1 (Exec base: 0x20000000, Load base: 0x080039d0, Size: 0x000082d0, Max: 0x00010000, ABSOLUTE)

    Exec Addr    Load Addr    Size         Type   Attr      Idx    E Section Name        Object

    0x20000000   0x080039d0   0x00000030   Data   RW         1020    .data..L_MergedGlobals  stm32f30x_rcc.o
    0x20000030   0x08003a00   0x00000014   Data   RW         1639    .data..L_MergedGlobals  system_stm32f30x.o
    0x20000044   0x08003a14   0x0000000c   PAD
    0x20000050   0x08003a20   0x00000020   Data   RW         1798    .data..L_MergedGlobals  steppermotor.o
    0x20000070   0x08003a40   0x0000004c   Data   RW         1878    .data..L_MergedGlobals  main.o
    0x200000bc   0x08003a8c   0x00000004   Data   RW         1773    .data.RSDelayTimer  rs232.o
    0x200000c0        -       0x00000060   Zero   RW         2493    .bss                c_w.l(libspace.o)
    0x20000120        -       0x00000014   Zero   RW           16    .bss..L_MergedGlobals  systick.o
    0x20000134   0x08003a90   0x0000000c   PAD
    0x20000140        -       0x00000040   Zero   RW         1746    .bss..L_MergedGlobals  dcmotorsystem.o
    0x20000180        -       0x00000040   Zero   RW         2038    .bss..L_MergedGlobals  lcdsystem.o
    0x200001c0        -       0x0000002c   Zero   RW         2057    .bss..L_MergedGlobals  servosystem.o
    0x200001ec   0x08003a90   0x00000004   PAD
    0x200001f0        -       0x00000024   Zero   RW         1799    .bss..L_MergedGlobals.1  steppermotor.o
    0x20000214        -       0x00000200   Zero   RW         1900    .bss.CommandTable   commandsystem.o
    0x20000414        -       0x00004200   Zero   RW         1901    .bss.CommandTableKeys  commandsystem.o
    0x20004614        -       0x00000004   Zero   RW         1903    .bss.CurrentCommandCount  commandsystem.o
    0x20004618        -       0x00000084   Zero   RW         1774    .bss.DataBuffer     rs232.o
    0x2000469c        -       0x00000084   Zero   RW         1904    .bss.ErrBuffStr     commandsystem.o
    0x20004720        -       0x00002100   Zero   RW         1902    .bss.QueuedCommands  commandsystem.o
    0x20006820        -       0x00000004   Zero   RW         2003    .bss.TimerSizeCount  timercallback.o
    0x20006824        -       0x00000080   Zero   RW         2001    .bss.TimerTableFuncs  timercallback.o
    0x200068a4        -       0x00001080   Zero   RW         2002    .bss.TimerTableKeys  timercallback.o
    0x20007924        -       0x00000004   Zero   RW         2056    .bss._ZL10_servo_deg  servosystem.o
    0x20007928        -       0x00000084   Zero   RW         1871    .bss.con            main.o
    0x200079ac        -       0x00000084   Zero   RW         1874    .bss.dab            main.o
    0x20007a30        -       0x00000084   Zero   RW         1875    .bss.dab2           main.o
    0x20007ab4        -       0x00000001   Zero   RW         1775    .bss.data           rs232.o
    0x20007ab5   0x08003a90   0x00000003   PAD
    0x20007ab8        -       0x00000084   Zero   RW         1864    .bss.ledStr         main.o
    0x20007b3c        -       0x00000084   Zero   RW         1873    .bss.motorSpd       main.o
    0x20007bc0        -       0x00000084   Zero   RW         1872    .bss.stepper        main.o
    0x20007c44        -       0x00000002   Zero   RW         2036    .bss.tmp1           lcdsystem.o
    0x20007c46        -       0x00000002   Zero   RW         2037    .bss.tmp2           lcdsystem.o
    0x20007c48        -       0x00000084   Zero   RW         1870    .bss.uidarg         main.o
    0x20007ccc   0x08003a90   0x00000004   PAD
    0x20007cd0        -       0x00000200   Zero   RW         1651    HEAP                startup_stm32f303xe.o
    0x20007ed0        -       0x00000400   Zero   RW         1650    STACK               startup_stm32f303xe.o


==============================================================================

Image component sizes


      Code (inc. data)   RO Data    RW Data    ZI Data      Debug   Object Name

       420         56          4          0      25992      11759   commandsystem.o
       432         48          0          0         64      12068   dcmotorsystem.o
       926         52          0          0         68      15802   lcdsystem.o
      2452        664        180         76        924      28998   main.o
       388         36          4          4        133      14619   rs232.o
       260         40          0          0         48      12971   servosystem.o
        64         26        404          0       1536        844   startup_stm32f303xe.o
       704         64          0         32         36      13556   steppermotor.o
       192          0          0          0          0       6112   stm32f30x_gpio.o
        92          8          0          0          0       4810   stm32f30x_misc.o
       852         28          0         48          0      12576   stm32f30x_rcc.o
       850         44          0          0          0      30363   stm32f30x_tim.o
       348         16          0          0          0      13603   stm32f30x_usart.o
      1042          4          3          0          0      18712   stringclass.o
       248         20          0         20          0       4381   system_stm32f30x.o
       196         20          0          0         20       5832   systick.o
      1188        300          4          0       4356      12779   timercallback.o
       570         40          0          0          0      13508   utilities.o

    ----------------------------------------------------------------------
     11236       1466        633        192      33200     233293   Object Totals
         0          0         32          0          0          0   (incl. Generated)
        12          0          2         12         23          0   (incl. Padding)

    ----------------------------------------------------------------------

      Code (inc. data)   RO Data    RW Data    ZI Data      Debug   Library Member Name

        56          6          0          0          0         88   __2snprintf.o
         8          0          0          0          0         68   __main.o
       392          4         17          0          0         92   __printf_flags_ss_wp.o
        14          0          0          0          0         68   __printf_wp.o
         0          0          0          0          0          0   __rtentry.o
        12          0          0          0          0          0   __rtentry2.o
         6          0          0          0          0          0   __rtentry4.o
        52          8          0          0          0          0   __scatter.o
        26          0          0          0          0          0   __scatter_copy.o
        28          0          0          0          0          0   __scatter_zi.o
        48          6          0          0          0         96   _printf_char_common.o
         6          0          0          0          0          0   _printf_d.o
       120         16          0          0          0         92   _printf_dec.o
       178          0          0          0          0         88   _printf_intcommon.o
         0          0          0          0          0          0   _printf_percent.o
         4          0          0          0          0          0   _printf_percent_end.o
        16          0          0          0          0         68   _snputc.o
        10          0          0          0          0         68   _sputc.o
        18          0          0          0          0         80   exit.o
         6          0          0          0          0        152   heapauxi.o
         0          0          0          0          0          0   indicate_semi.o
        36         10          0          0          0         80   init_aeabi.o
         2          0          0          0          0          0   libinit.o
        10          0          0          0          0          0   libinit2.o
         2          0          0          0          0          0   libshutdown.o
         2          0          0          0          0          0   libshutdown2.o
         8          4          0          0         96         68   libspace.o
        78          0          0          0          0         80   rt_memclr_w.o
         2          0          0          0          0          0   rtexit.o
        10          0          0          0          0          0   rtexit2.o
        72          0          0          0          0         80   strcpy.o
        62          0          0          0          0         76   strlen.o
        12          4          0          0          0         68   sys_exit.o
        74          0          0          0          0         80   sys_stackheap_outer.o
         2          0          0          0          0         68   use_no_semi.o
       804         16          0          0          0        376   daddsub_clz.o
        94          4          0          0          0        140   dfix.o
        84          0          0          0          0        232   dflt_clz.o
       340         12          0          0          0        152   dmul.o
       156          4          0          0          0        140   dnaninf.o
        12          0          0          0          0        116   dretinf.o
        26          0          0          0          0        116   fpinit.o
         0          0          0          0          0          0   usenofp.o

    ----------------------------------------------------------------------
      2902         94         17          0         96       2832   Library Totals
        14          0          0          0          0          0   (incl. Padding)

    ----------------------------------------------------------------------

      Code (inc. data)   RO Data    RW Data    ZI Data      Debug   Library Name

      1372         58         17          0         96       1560   c_w.l
      1516         36          0          0          0       1272   fz_wm.l

    ----------------------------------------------------------------------
      2902         94         17          0         96       2832   Library Totals

    ----------------------------------------------------------------------

==============================================================================


      Code (inc. data)   RO Data    RW Data    ZI Data      Debug   

     14138       1560        650        192      33296     234289   Grand Totals
     14138       1560        650        192      33296     234289   ELF Image Totals
     14138       1560        650        192          0          0   ROM Totals

==============================================================================

    Total RO  Size (Code + RO Data)                14788 (  14.44kB)
    Total RW  Size (RW Data + ZI Data)             33488 (  32.70kB)
    Total ROM Size (Code + RO Data + RW Data)      14980 (  14.63kB)

==============================================================================

